Microchip MPLAB XC8 Compiler V1.12 ()

Linker command line:

--edf=/Applications/microchip/xc8/v1.12/dat/en_msgs.txt -cs \
  -h+dist/default/debug/nyanClock.X.debug.sym -z -Q18F27J13 -ol.obj \
  -Mdist/default/debug/nyanClock.X.debug.map -E1 -ver=XC8 \
  -ACODE=00h-01FFF7h -ACONST=00h-01FFF7h \
  -ASMALLCONST=0F00h-0FFFhx496,01FF00h-01FFF7h \
  -AMEDIUMCONST=0F00h-0FFFFh,010F00h-01FFF7h -ACOMRAM=01h-05Fh \
  -AABS1=00h-0EAFh -ABIGRAM=01h-0EAFh \
  -ARAM=060h-0FFh,0100h-01FFhx13,0E00h-0EAFh -ABANK0=060h-0FFh \
  -ABANK1=0100h-01FFh -ABANK2=0200h-02FFh -ABANK3=0300h-03FFh \
  -ABANK4=0400h-04FFh -ABANK5=0500h-05FFh -ABANK6=0600h-06FFh \
  -ABANK7=0700h-07FFh -ABANK8=0800h-08FFh -ABANK9=0900h-09FFh \
  -ABANK10=0A00h-0AFFh -ABANK11=0B00h-0BFFh -ABANK12=0C00h-0CFFh \
  -ABANK13=0D00h-0DFFh -ABANK14=0E00h-0EAFh \
  -ASFR=0EB0h-0EFFh,0F00h-0F5Fh,0F60h-0FFCh \
  -preset_vec=00h,intcode,intcodelo,powerup,init,end_init -pramtop=0F00h \
  -psmallconst=SMALLCONST -pmediumconst=MEDIUMCONST -pconst=CONST \
  -AFARRAM=00h-00h -ACONFIG=01FFF8h-01FFFFh -pconfig=CONFIG \
  -pjflash_buffer=01F800h \
  -prdata=COMRAM,nvrram=COMRAM,nvbit=COMRAM,rbss=COMRAM,rbit=COMRAM \
  -pfarbss=FARRAM,fardata=FARRAM \
  -pintsave_regs=BIGRAM,bigbss=BIGRAM,bigdata=BIGRAM -pbss=RAM \
  -pidata=CODE,irdata=CODE,ibigdata=CODE,ifardata=CODE /tmp/cgtpHsVe7.obj \
  dist/default/debug/nyanClock.X.debug.obj 

Object code version is 3.10

Machine type is 18F27J13

Call graph: (short form)




                Name                               Link     Load   Length Selector   Space Scale
/tmp/cgtpHsVe7.obj
                end_init                              2        2        4        0       0
                reset_vec                             0        0        2        0       0
                config                            1FFF8    1FFF8        8    1FFF8       0
dist/default/debug/nyanClock.X.debug.obj
                smallconst                          F00      F00       1C      780       0
                text18                             1B52     1B52       5C      78E       0
                text17                             1AE6     1AE6       6C      78E       0
                text16                             1D1E     1D1E       2E      78E       0
                text15                             1C56     1C56       4C      78E       0
                text14                             1DB4     1DB4        A      78E       0
                text13                             11C4     11C4      278      78E       0
                text12                             1BAE     1BAE       58      78E       0
                text11                             1CE2     1CE2       3C      78E       0
                text10                             1DA0     1DA0       14      78E       0
                text9                              168A     168A      160      78E       0
                text8                              199A     199A       CE      78E       0
                text7                               F1C      F1C      2A8      78E       0
                text6                              143C     143C      24E      78E       0
                text5                              17EA     17EA       DC      78E       0
                text4                              1A68     1A68       7E      78E       0
                text3                              1CA2     1CA2       40      78E       0
                text2                              1DBE     1DBE        8      78E       0
                text1                              1D8C     1D8C       14      78E       0
                text0                              18C6     18C6       D4      78E       0
                cstackCOMRAM                          1        1       37        1       1
                dataBANK0                            60       60       20       60       1
                dataCOMRAM                           38       38       20        1       1
                bssCOMRAM                            58       58        5        1       1
                cinit                              1C06     1C06       50      78E       0
                idataCOMRAM                        1D6C     1D6C       20      78E       0
                idataBANK0                         1D4C     1D4C       20      78E       0

TOTAL           Name                               Link     Load   Length     Space
        CLASS   CODE           
                end_init                              2        2        4         0
                reset_vec                             0        0        2         0
                text18                             1B52     1B52       5C         0
                text17                             1AE6     1AE6       6C         0
                text16                             1D1E     1D1E       2E         0
                text15                             1C56     1C56       4C         0
                text14                             1DB4     1DB4        A         0
                text13                             11C4     11C4      278         0
                text12                             1BAE     1BAE       58         0
                text11                             1CE2     1CE2       3C         0
                text10                             1DA0     1DA0       14         0
                text9                              168A     168A      160         0
                text8                              199A     199A       CE         0
                text7                               F1C      F1C      2A8         0
                text6                              143C     143C      24E         0
                text5                              17EA     17EA       DC         0
                text4                              1A68     1A68       7E         0
                text3                              1CA2     1CA2       40         0
                text2                              1DBE     1DBE        8         0
                text1                              1D8C     1D8C       14         0
                text0                              18C6     18C6       D4         0
                cinit                              1C06     1C06       50         0
                idataCOMRAM                        1D6C     1D6C       20         0
                idataBANK0                         1D4C     1D4C       20         0

        CLASS   CONST          

        CLASS   SMALLCONST     
                smallconst                          F00      F00       1C         0

        CLASS   MEDIUMCONST    

        CLASS   COMRAM         
                cstackCOMRAM                          1        1       37         1
                dataCOMRAM                           38       38       20         1
                bssCOMRAM                            58       58        5         1

        CLASS   ABS1           

        CLASS   BIGRAM         

        CLASS   RAM            

        CLASS   BANK0          
                dataBANK0                            60       60       20         1

        CLASS   BANK1          

        CLASS   BANK2          

        CLASS   BANK3          

        CLASS   BANK4          

        CLASS   BANK5          

        CLASS   BANK6          

        CLASS   BANK7          

        CLASS   BANK8          

        CLASS   BANK9          

        CLASS   BANK10         

        CLASS   BANK11         

        CLASS   BANK12         

        CLASS   BANK13         

        CLASS   BANK14         

        CLASS   SFR            

        CLASS   FARRAM         

        CLASS   CONFIG         
                config                            1FFF8    1FFF8        8         0

        CLASS   IDLOC          



SEGMENTS        Name                           Load    Length   Top    Selector   Space  Class

                reset_vec                      000000  000006  000006         0       0  CODE    
                cstackCOMRAM                   000001  00005C  00005D         1       1  COMRAM  
                dataBANK0                      000060  000020  000080        60       1  BANK0   
                smallconst                     000F00  00001C  000F1C       780       0  SMALLCON
                text7                          000F1C  000EAA  001DC6       78E       0  CODE    
                config                         01FFF8  000008  020000     1FFF8       0  CONFIG  


UNUSED ADDRESS RANGES

        Name                Unused          Largest block    Delta
        BANK0            00080-000FF              80
        BANK1            00100-001FF             100
        BANK10           00A00-00AFF             100
        BANK11           00B00-00BFF             100
        BANK12           00C00-00CFF             100
        BANK13           00D00-00DFF             100
        BANK14           00E00-00EAF              B0
        BANK2            00200-002FF             100
        BANK3            00300-003FF             100
        BANK4            00400-004FF             100
        BANK5            00500-005FF             100
        BANK6            00600-006FF             100
        BANK7            00700-007FF             100
        BANK8            00800-008FF             100
        BANK9            00900-009FF             100
        BIGRAM           0005D-0005F               3
                         00080-00EAF             E30
        CODE             00006-00EFF             EFA
                         01DC6-1FFF7           1E232
        COMRAM           0005D-0005F               3
        CONST            00006-00EFF             EFA
                         01DC6-1FFF7           1E232
        MEDIUMCONST      01DC6-0FFFF            E23A
                         10F00-1FFF7            F0F8
        RAM              00080-00EAF             100
        SFR              00EB0-00FFC              60
        SMALLCONST       01DC6-1FFF7             100

                                  Symbol Table

?_RtccReadTime             cstackCOMRAM  00001
?_RtccWriteTime            cstackCOMRAM  00001
?___lwdiv                  cstackCOMRAM  00001
?___lwmod                  cstackCOMRAM  00001
?_bcdtod                   cstackCOMRAM  00001
?_clickEvent               cstackCOMRAM  00001
?_delay                    cstackCOMRAM  00001
?_dispSetTime              cstackCOMRAM  00009
?_dispTime                 cstackCOMRAM  00009
?_displayDigit             cstackCOMRAM  00001
?_dtobcd                   cstackCOMRAM  00001
?_readEnc                  cstackCOMRAM  00001
RtccReadTime@pTm           cstackCOMRAM  00001
RtccReadTime@rTD0          cstackCOMRAM  0000B
RtccReadTime@rTD1          cstackCOMRAM  00003
RtccWriteTime@di           cstackCOMRAM  00003
RtccWriteTime@pTm          cstackCOMRAM  00001
RtccWriteTime@tempHourWDay cstackCOMRAM  0000A
RtccWriteTime@tempMinSec   cstackCOMRAM  00008
RtccWriteTime@wasAlrm      cstackCOMRAM  00006
RtccWriteTime@wasOn        cstackCOMRAM  00005
RtccWriteTime@wasWrEn      cstackCOMRAM  00007
_ALRMCFGbits               (abs)         00F47
_DELAYTIME                 smallconst    00F18
_EECON2                    (abs)         00FA7
_INTCONbits                (abs)         00FF2
_OSCCONbits                (abs)         00FD3
_PCTemp                    bssCOMRAM     0005A
_PORTA                     (abs)         00F80
_PORTB                     (abs)         00F81
_PORTC                     (abs)         00F82
_PORTCbits                 (abs)         00F82
_RTCCAL                    (abs)         00F3E
_RTCCFG                    (abs)         00F3F
_RTCCFGbits                (abs)         00F3F
_RTCVALH                   (abs)         00F3B
_RTCVALL                   (abs)         00F3A
_RtccInitClock             text3         01CA2
_RtccReadTime              text4         01A68
_RtccWrOn                  text10        01DA0
_RtccWriteTime             text9         0168A
_SEGDIGARRAY               smallconst    00F14
_SEGSINKARRAY              smallconst    00F00
_SEGSINKARRAYCOL           smallconst    00F0A
_T1CONbits                 (abs)         00FCD
_TRISA                     (abs)         00F92
_TRISB                     (abs)         00F93
_TRISC                     (abs)         00F94
__CFG_OSC$INTOSC           (abs)         00000
__CFG_RTCOSC$T1OSCREF      (abs)         00000
__CFG_WDTEN$OFF            (abs)         00000
__CFG_XINST$OFF            (abs)         00000
__HRAM                     (abs)         00000
__Habs1                    abs1          00000
__Hbank0                   bank0         00000
__Hbank1                   bank1         00000
__Hbank10                  bank10        00000
__Hbank11                  bank11        00000
__Hbank12                  bank12        00000
__Hbank13                  bank13        00000
__Hbank14                  bank14        00000
__Hbank2                   bank2         00000
__Hbank3                   bank3         00000
__Hbank4                   bank4         00000
__Hbank5                   bank5         00000
__Hbank6                   bank6         00000
__Hbank7                   bank7         00000
__Hbank8                   bank8         00000
__Hbank9                   bank9         00000
__Hbigbss                  bigbss        00000
__Hbigdata                 bigdata       00000
__Hbigram                  bigram        00000
__Hbss                     bss           00000
__HbssCOMRAM               bssCOMRAM     00000
__Hcinit                   cinit         00000
__Hclrtext                 clrtext       00000
__Hcomram                  comram        00000
__Hconfig                  config        20000
__Hconst                   const         00000
__HcstackCOMRAM            cstackCOMRAM  00000
__Hdata                    data          00000
__HdataBANK0               dataBANK0     00000
__HdataCOMRAM              dataCOMRAM    00000
__Hend_init                end_init      00006
__Hfarbss                  farbss        00000
__Hfardata                 fardata       00000
__Hibigdata                ibigdata      00000
__Hidata                   idata         00000
__HidataBANK0              idataBANK0    00000
__HidataCOMRAM             idataCOMRAM   00000
__Hidloc                   idloc         00000
__Hifardata                ifardata      00000
__Hinit                    init          00002
__Hintcode                 intcode       00002
__Hintcode_body            intcode_body  00000
__Hintcodelo               intcodelo     00002
__Hintentry                intentry      00000
__Hintret                  intret        00000
__Hintsave_regs            intsave_regs  00000
__Hirdata                  irdata        00000
__Hjflash_buffer           jflash_buffer 1F800
__Hmediumconst             mediumconst   00000
__Hnvbit                   nvbit         00000
__Hnvrram                  nvrram        00000
__Hparam                   rparam        00000
__Hpowerup                 powerup       00002
__Hram                     ram           00000
__Hramtop                  ramtop        00F00
__Hrbit                    rbit          00000
__Hrbss                    rbss          00000
__Hrdata                   rdata         00000
__Hreset_vec               reset_vec     00002
__Hrparam                  rparam        00000
__Hsfr                     sfr           00000
__Hsmallconst              smallconst    00F1C
__Hstruct                  struct        00000
__Htemp                    temp          00000
__Htext                    text          00000
__Htext0                   text0         00000
__Htext1                   text1         00000
__Htext10                  text10        00000
__Htext11                  text11        00000
__Htext12                  text12        00000
__Htext13                  text13        00000
__Htext14                  text14        00000
__Htext15                  text15        00000
__Htext16                  text16        00000
__Htext17                  text17        00000
__Htext18                  text18        00000
__Htext2                   text2         00000
__Htext3                   text3         00000
__Htext4                   text4         00000
__Htext5                   text5         00000
__Htext6                   text6         00000
__Htext7                   text7         00000
__Htext8                   text8         00000
__Htext9                   text9         00000
__LRAM                     (abs)         00001
__Labs1                    abs1          00000
__Lbank0                   bank0         00000
__Lbank1                   bank1         00000
__Lbank10                  bank10        00000
__Lbank11                  bank11        00000
__Lbank12                  bank12        00000
__Lbank13                  bank13        00000
__Lbank14                  bank14        00000
__Lbank2                   bank2         00000
__Lbank3                   bank3         00000
__Lbank4                   bank4         00000
__Lbank5                   bank5         00000
__Lbank6                   bank6         00000
__Lbank7                   bank7         00000
__Lbank8                   bank8         00000
__Lbank9                   bank9         00000
__Lbigbss                  bigbss        00000
__Lbigdata                 bigdata       00000
__Lbigram                  bigram        00000
__Lbss                     bss           00000
__LbssCOMRAM               bssCOMRAM     00000
__Lcinit                   cinit         00000
__Lclrtext                 clrtext       00000
__Lcomram                  comram        00000
__Lconfig                  config        1FFF8
__Lconst                   const         00000
__LcstackCOMRAM            cstackCOMRAM  00000
__Ldata                    data          00000
__LdataBANK0               dataBANK0     00000
__LdataCOMRAM              dataCOMRAM    00000
__Lend_init                end_init      00002
__Lfarbss                  farbss        00000
__Lfardata                 fardata       00000
__Libigdata                ibigdata      00000
__Lidata                   idata         00000
__LidataBANK0              idataBANK0    00000
__LidataCOMRAM             idataCOMRAM   00000
__Lidloc                   idloc         00000
__Lifardata                ifardata      00000
__Linit                    init          00002
__Lintcode                 intcode       00002
__Lintcode_body            intcode_body  00000
__Lintcodelo               intcodelo     00002
__Lintentry                intentry      00000
__Lintret                  intret        00000
__Lintsave_regs            intsave_regs  00000
__Lirdata                  irdata        00000
__Ljflash_buffer           jflash_buffer 1F800
__Lmediumconst             mediumconst   00000
__Lnvbit                   nvbit         00000
__Lnvrram                  nvrram        00000
__Lparam                   rparam        00000
__Lpowerup                 powerup       00002
__Lram                     ram           00000
__Lramtop                  ramtop        00F00
__Lrbit                    rbit          00000
__Lrbss                    rbss          00000
__Lrdata                   rdata         00000
__Lreset_vec               reset_vec     00000
__Lrparam                  rparam        00000
__Lsfr                     sfr           00000
__Lsmallconst              smallconst    00F00
__Lstruct                  struct        00000
__Ltemp                    temp          00000
__Ltext                    text          00000
__Ltext0                   text0         00000
__Ltext1                   text1         00000
__Ltext10                  text10        00000
__Ltext11                  text11        00000
__Ltext12                  text12        00000
__Ltext13                  text13        00000
__Ltext14                  text14        00000
__Ltext15                  text15        00000
__Ltext16                  text16        00000
__Ltext17                  text17        00000
__Ltext18                  text18        00000
__Ltext2                   text2         00000
__Ltext3                   text3         00000
__Ltext4                   text4         00000
__Ltext5                   text5         00000
__Ltext6                   text6         00000
__Ltext7                   text7         00000
__Ltext8                   text8         00000
__Ltext9                   text9         00000
__S0                       (abs)         20000
__S1                       (abs)         00080
___lwdiv                   text17        01AE6
___lwdiv@counter           cstackCOMRAM  00008
___lwdiv@dividend          cstackCOMRAM  00001
___lwdiv@divisor           cstackCOMRAM  00003
___lwdiv@quotient          cstackCOMRAM  00006
___lwmod                   text18        01B52
___lwmod@counter           cstackCOMRAM  00006
___lwmod@dividend          cstackCOMRAM  00001
___lwmod@divisor           cstackCOMRAM  00003
__accesstop                (abs)         00060
__activetblptr             (abs)         00003
__end_of_DELAYTIME         smallconst    00F1A
__end_of_RtccInitClock     text3         01CE2
__end_of_RtccReadTime      text4         01AE6
__end_of_RtccWrOn          text10        01DB4
__end_of_RtccWriteTime     text9         017EA
__end_of_SEGDIGARRAY       smallconst    00F18
__end_of_SEGSINKARRAY      smallconst    00F0A
__end_of_SEGSINKARRAYCOL   smallconst    00F14
__end_of___lwdiv           text17        01B52
__end_of___lwmod           text18        01BAE
__end_of__initialization   cinit         01C50
__end_of_bcdtod            text5         018C6
__end_of_clickEvent        text11        01D1E
__end_of_delay             text16        01D4C
__end_of_dispSetTime       text13        0143C
__end_of_dispTime          text6         0168A
__end_of_displayDigit      text15        01CA2
__end_of_displayOFF        text14        01DBE
__end_of_dtobcd            text8         01A68
__end_of_main              text0         0199A
__end_of_readEnc           text12        01C06
__end_of_rotEncInit        text2         01DC6
__end_of_setTime           text7         011C4
__end_of_sevenSegInit      text1         01DA0
__initialization           cinit         01C06
__mediumconst              mediumconst   00000
__pbssCOMRAM               bssCOMRAM     00058
__pcinit                   cinit         01C06
__pcstackCOMRAM            cstackCOMRAM  00001
__pdataBANK0               dataBANK0     00060
__pdataCOMRAM              dataCOMRAM    00038
__pidataBANK0              idataBANK0    01D4C
__pidataCOMRAM             idataCOMRAM   01D6C
__psmallconst              smallconst    00F00
__ptext0                   text0         018C6
__ptext1                   text1         01D8C
__ptext10                  text10        01DA0
__ptext11                  text11        01CE2
__ptext12                  text12        01BAE
__ptext13                  text13        011C4
__ptext14                  text14        01DB4
__ptext15                  text15        01C56
__ptext16                  text16        01D1E
__ptext17                  text17        01AE6
__ptext18                  text18        01B52
__ptext2                   text2         01DBE
__ptext3                   text3         01CA2
__ptext4                   text4         01A68
__ptext5                   text5         017EA
__ptext6                   text6         0143C
__ptext7                   text7         00F1C
__ptext8                   text8         0199A
__ptext9                   text9         0168A
__ramtop                   ramtop        00F00
__size_of_RtccInitClock    (abs)         00000
__size_of_RtccReadTime     (abs)         00000
__size_of_RtccWrOn         (abs)         00000
__size_of_RtccWriteTime    (abs)         00000
__size_of___lwdiv          (abs)         00000
__size_of___lwmod          (abs)         00000
__size_of_bcdtod           (abs)         00000
__size_of_clickEvent       (abs)         00000
__size_of_delay            (abs)         00000
__size_of_dispSetTime      (abs)         00000
__size_of_dispTime         (abs)         00000
__size_of_displayDigit     (abs)         00000
__size_of_displayOFF       (abs)         00000
__size_of_dtobcd           (abs)         00000
__size_of_main             (abs)         00000
__size_of_readEnc          (abs)         00000
__size_of_rotEncInit       (abs)         00000
__size_of_setTime          (abs)         00000
__size_of_sevenSegInit     (abs)         00000
__smallconst               smallconst    00F00
_bcdtod                    text5         017EA
_clickEvent                text11        01CE2
_delay                     text16        01D1E
_dispSetTime               text13        011C4
_dispTime                  text6         0143C
_displayDigit              text15        01C56
_displayOFF                text14        01DB4
_dtobcd                    text8         0199A
_isColonON                 bssCOMRAM     00058
_main                      text0         018C6
_readEnc                   text12        01BAE
_rotEncInit                text2         01DBE
_setTime                   text7         00F1C
_sevenSegInit              text1         01D8C
bcdtod@bcd                 cstackCOMRAM  00001
delay@delay                cstackCOMRAM  00001
delay@i                    cstackCOMRAM  00003
dispSetTime@dig0           cstackCOMRAM  0000F
dispSetTime@dig0_264       cstackCOMRAM  00013
dispSetTime@dig1           cstackCOMRAM  00011
dispSetTime@dig1_265       cstackCOMRAM  00015
dispSetTime@hourMin        cstackCOMRAM  0000B
dispSetTime@time           cstackCOMRAM  00009
dispTime@dig0              cstackCOMRAM  0000D
dispTime@dig1              cstackCOMRAM  0000F
dispTime@hour              cstackCOMRAM  00009
dispTime@min               cstackCOMRAM  0000B
displayDigit@digit         cstackCOMRAM  00003
displayDigit@number        cstackCOMRAM  00001
dtobcd@bcdConv             cstackCOMRAM  00006
dtobcd@dec                 cstackCOMRAM  00001
dtobcd@i                   cstackCOMRAM  00004
end_of_initialization      cinit         01C50
intlevel0                  text          00000
intlevel1                  text          00000
intlevel2                  text          00000
intlevel3                  text          00000
main@RTCCRead              cstackCOMRAM  00030
main@RTCCTime              cstackCOMRAM  00034
main@RTCHour               cstackCOMRAM  0002C
main@RTCMin                cstackCOMRAM  0002E
main@counter               cstackCOMRAM  0002A
main@tmp                   cstackCOMRAM  00028
rotEnc@encoderStates       dataCOMRAM    00038
rotEnc@oldState            bssCOMRAM     0005C
setTime@RTCCSetTimeDate    cstackCOMRAM  00018
setTime@counter            cstackCOMRAM  00020
setTime@del                cstackCOMRAM  0001E
setTime@tmp                cstackCOMRAM  0001C
start                      init          00002
start_initialization       cinit         01C06


FUNCTION INFORMATION:

 *************** function _main *****************
 Defined at:
		line 25 in file "main.c"
 Parameters:    Size  Location     Type
  argc            2   33[COMRAM] int 
  argv            3   35[COMRAM] PTR PTR unsigned char 
 Auto vars:     Size  Location     Type
  RTCCTime        4   51[COMRAM] struct .
  RTCCRead        4   47[COMRAM] struct .
  RTCMin          2   45[COMRAM] unsigned int 
  RTCHour         2   43[COMRAM] unsigned int 
  counter         2   41[COMRAM] unsigned int 
  tmp             2   39[COMRAM] unsigned int 
 Return value:  Size  Location     Type
                  2   33[COMRAM] int 
 Registers used:
		wreg, fsr2l, fsr2h, status,2, status,0, tblptrl, tblptrh, tblptru, cstack
 Tracked objects:
		On entry : 
		On exit  : 
		Unchanged: 
 Data sizes:     COMRAM   BANK0   BANK1   BANK2   BANK3   BANK4   BANK5   BANK6   BANK7   BANK8   BANK9  BANK10  BANK11  BANK12  BANK13  BANK14
      Params:         5       0       0       0       0       0       0       0       0       0       0       0       0       0       0       0
      Locals:        16       0       0       0       0       0       0       0       0       0       0       0       0       0       0       0
      Temps:          1       0       0       0       0       0       0       0       0       0       0       0       0       0       0       0
      Totals:        22       0       0       0       0       0       0       0       0       0       0       0       0       0       0       0
Total ram usage:       22 bytes
 Hardware stack levels required when called:    3
 This function calls:
		_sevenSegInit
		_rotEncInit
		_RtccInitClock
		_RtccWrOn
		_dtobcd
		_RtccWriteTime
		_RtccReadTime
		_bcdtod
		_dispTime
		_clickEvent
		_displayOFF
		_setTime
 This function is called by:
		Startup code after reset
 This function uses a non-reentrant model


 *************** function _sevenSegInit *****************
 Defined at:
		line 7 in file "sevenSeg.c"
 Parameters:    Size  Location     Type
		None
 Auto vars:     Size  Location     Type
		None
 Return value:  Size  Location     Type
                  2    4[COMRAM] int 
 Registers used:
		wreg, status,2, status,0
 Tracked objects:
		On entry : 
		On exit  : 
		Unchanged: 
 Data sizes:     COMRAM   BANK0   BANK1   BANK2   BANK3   BANK4   BANK5   BANK6   BANK7   BANK8   BANK9  BANK10  BANK11  BANK12  BANK13  BANK14
      Params:         0       0       0       0       0       0       0       0       0       0       0       0       0       0       0       0
      Locals:         0       0       0       0       0       0       0       0       0       0       0       0       0       0       0       0
      Temps:          0       0       0       0       0       0       0       0       0       0       0       0       0       0       0       0
      Totals:         0       0       0       0       0       0       0       0       0       0       0       0       0       0       0       0
Total ram usage:        0 bytes
 Hardware stack levels used:    1
 This function calls:
		Nothing
 This function is called by:
		_main
 This function uses a non-reentrant model


 *************** function _rotEncInit *****************
 Defined at:
		line 3 in file "rotEnc.c"
 Parameters:    Size  Location     Type
		None
 Auto vars:     Size  Location     Type
		None
 Return value:  Size  Location     Type
                  2    6[COMRAM] int 
 Registers used:
		wreg, status,2, status,0
 Tracked objects:
		On entry : 
		On exit  : 
		Unchanged: 
 Data sizes:     COMRAM   BANK0   BANK1   BANK2   BANK3   BANK4   BANK5   BANK6   BANK7   BANK8   BANK9  BANK10  BANK11  BANK12  BANK13  BANK14
      Params:         0       0       0       0       0       0       0       0       0       0       0       0       0       0       0       0
      Locals:         0       0       0       0       0       0       0       0       0       0       0       0       0       0       0       0
      Temps:          0       0       0       0       0       0       0       0       0       0       0       0       0       0       0       0
      Totals:         0       0       0       0       0       0       0       0       0       0       0       0       0       0       0       0
Total ram usage:        0 bytes
 Hardware stack levels used:    1
 This function calls:
		Nothing
 This function is called by:
		_main
 This function uses a non-reentrant model


 *************** function _RtccInitClock *****************
 Defined at:
		line 22 in file "plib/rtcc/RTCCInitClock.c"
 Parameters:    Size  Location     Type
		None
 Auto vars:     Size  Location     Type
		None
 Return value:  Size  Location     Type
		None               void
 Registers used:
		wreg, status,2, cstack
 Tracked objects:
		On entry : 
		On exit  : 
		Unchanged: 
 Data sizes:     COMRAM   BANK0   BANK1   BANK2   BANK3   BANK4   BANK5   BANK6   BANK7   BANK8   BANK9  BANK10  BANK11  BANK12  BANK13  BANK14
      Params:         0       0       0       0       0       0       0       0       0       0       0       0       0       0       0       0
      Locals:         0       0       0       0       0       0       0       0       0       0       0       0       0       0       0       0
      Temps:          0       0       0       0       0       0       0       0       0       0       0       0       0       0       0       0
      Totals:         0       0       0       0       0       0       0       0       0       0       0       0       0       0       0       0
Total ram usage:        0 bytes
 Hardware stack levels used:    1
 Hardware stack levels required when called:    1
 This function calls:
		_RtccWrOn
 This function is called by:
		_main
 This function uses a non-reentrant model


 *************** function _RtccReadTime *****************
 Defined at:
		line 24 in file "plib/rtcc/RtccReadTime.c"
 Parameters:    Size  Location     Type
  pTm             2    0[COMRAM] PTR struct .
		 -> main@RTCCRead(4), 
 Auto vars:     Size  Location     Type
  rTD0            8   10[COMRAM] struct .
  rTD1            8    2[COMRAM] struct .
 Return value:  Size  Location     Type
		None               void
 Registers used:
		wreg, fsr2l, fsr2h, status,2, status,0
 Tracked objects:
		On entry : 
		On exit  : 
		Unchanged: 
 Data sizes:     COMRAM   BANK0   BANK1   BANK2   BANK3   BANK4   BANK5   BANK6   BANK7   BANK8   BANK9  BANK10  BANK11  BANK12  BANK13  BANK14
      Params:         2       0       0       0       0       0       0       0       0       0       0       0       0       0       0       0
      Locals:        16       0       0       0       0       0       0       0       0       0       0       0       0       0       0       0
      Temps:          0       0       0       0       0       0       0       0       0       0       0       0       0       0       0       0
      Totals:        18       0       0       0       0       0       0       0       0       0       0       0       0       0       0       0
Total ram usage:       18 bytes
 Hardware stack levels used:    1
 This function calls:
		Nothing
 This function is called by:
		_main
 This function uses a non-reentrant model


 *************** function _bcdtod *****************
 Defined at:
		line 185 in file "main.c"
 Parameters:    Size  Location     Type
  bcd             1    0[COMRAM] unsigned char 
 Auto vars:     Size  Location     Type
		None
 Return value:  Size  Location     Type
                  2    0[COMRAM] unsigned int 
 Registers used:
		wreg, status,2, status,0
 Tracked objects:
		On entry : 
		On exit  : 
		Unchanged: 
 Data sizes:     COMRAM   BANK0   BANK1   BANK2   BANK3   BANK4   BANK5   BANK6   BANK7   BANK8   BANK9  BANK10  BANK11  BANK12  BANK13  BANK14
      Params:         2       0       0       0       0       0       0       0       0       0       0       0       0       0       0       0
      Locals:         0       0       0       0       0       0       0       0       0       0       0       0       0       0       0       0
      Temps:          0       0       0       0       0       0       0       0       0       0       0       0       0       0       0       0
      Totals:         2       0       0       0       0       0       0       0       0       0       0       0       0       0       0       0
Total ram usage:        2 bytes
 Hardware stack levels used:    1
 This function calls:
		Nothing
 This function is called by:
		_main
 This function uses a non-reentrant model


 *************** function _dispTime *****************
 Defined at:
		line 22 in file "sevenSeg.c"
 Parameters:    Size  Location     Type
  hour            2    8[COMRAM] unsigned int 
  min             2   10[COMRAM] unsigned int 
 Auto vars:     Size  Location     Type
  dig1            2   14[COMRAM] unsigned int 
  dig0            2   12[COMRAM] unsigned int 
 Return value:  Size  Location     Type
                  2    8[COMRAM] int 
 Registers used:
		wreg, status,2, status,0, tblptrl, tblptrh, tblptru, cstack
 Tracked objects:
		On entry : 
		On exit  : 
		Unchanged: 
 Data sizes:     COMRAM   BANK0   BANK1   BANK2   BANK3   BANK4   BANK5   BANK6   BANK7   BANK8   BANK9  BANK10  BANK11  BANK12  BANK13  BANK14
      Params:         4       0       0       0       0       0       0       0       0       0       0       0       0       0       0       0
      Locals:         4       0       0       0       0       0       0       0       0       0       0       0       0       0       0       0
      Temps:          0       0       0       0       0       0       0       0       0       0       0       0       0       0       0       0
      Totals:         8       0       0       0       0       0       0       0       0       0       0       0       0       0       0       0
Total ram usage:        8 bytes
 Hardware stack levels used:    1
 Hardware stack levels required when called:    1
 This function calls:
		_displayDigit
		_delay
		_displayOFF
		___lwmod
		___lwdiv
 This function is called by:
		_main
 This function uses a non-reentrant model


 *************** function _setTime *****************
 Defined at:
		line 75 in file "main.c"
 Parameters:    Size  Location     Type
		None
 Auto vars:     Size  Location     Type
  RTCCSetTimeD    4   23[COMRAM] struct .
  counter         2   31[COMRAM] int 
  del             2   29[COMRAM] int 
  tmp             2   27[COMRAM] int 
 Return value:  Size  Location     Type
                  2   28[COMRAM] int 
 Registers used:
		wreg, fsr2l, fsr2h, status,2, status,0, tblptrl, tblptrh, tblptru, cstack
 Tracked objects:
		On entry : 
		On exit  : 
		Unchanged: 
 Data sizes:     COMRAM   BANK0   BANK1   BANK2   BANK3   BANK4   BANK5   BANK6   BANK7   BANK8   BANK9  BANK10  BANK11  BANK12  BANK13  BANK14
      Params:         0       0       0       0       0       0       0       0       0       0       0       0       0       0       0       0
      Locals:        10       0       0       0       0       0       0       0       0       0       0       0       0       0       0       0
      Temps:          1       0       0       0       0       0       0       0       0       0       0       0       0       0       0       0
      Totals:        11       0       0       0       0       0       0       0       0       0       0       0       0       0       0       0
Total ram usage:       11 bytes
 Hardware stack levels used:    1
 Hardware stack levels required when called:    2
 This function calls:
		_RtccWrOn
		_readEnc
		_dispSetTime
		_clickEvent
		_dtobcd
		_RtccWriteTime
 This function is called by:
		_main
 This function uses a non-reentrant model


 *************** function _dtobcd *****************
 Defined at:
		line 148 in file "main.c"
 Parameters:    Size  Location     Type
  dec             2    0[COMRAM] unsigned int 
 Auto vars:     Size  Location     Type
  i               2    3[COMRAM] int 
  bcdConv         1    5[COMRAM] unsigned char 
 Return value:  Size  Location     Type
                  1    wreg      unsigned char 
 Registers used:
		wreg, status,2, status,0
 Tracked objects:
		On entry : 
		On exit  : 
		Unchanged: 
 Data sizes:     COMRAM   BANK0   BANK1   BANK2   BANK3   BANK4   BANK5   BANK6   BANK7   BANK8   BANK9  BANK10  BANK11  BANK12  BANK13  BANK14
      Params:         2       0       0       0       0       0       0       0       0       0       0       0       0       0       0       0
      Locals:         3       0       0       0       0       0       0       0       0       0       0       0       0       0       0       0
      Temps:          1       0       0       0       0       0       0       0       0       0       0       0       0       0       0       0
      Totals:         6       0       0       0       0       0       0       0       0       0       0       0       0       0       0       0
Total ram usage:        6 bytes
 Hardware stack levels used:    1
 This function calls:
		Nothing
 This function is called by:
		_main
		_setTime
 This function uses a non-reentrant model


 *************** function _RtccWriteTime *****************
 Defined at:
		line 35 in file "plib/rtcc/RtccWriteTime.c"
 Parameters:    Size  Location     Type
  pTm             2    0[COMRAM] PTR const struct .
		 -> setTime@RTCCSetTimeDate(4), main@RTCCTime(4), 
  di              1    2[COMRAM] enum E7262
 Auto vars:     Size  Location     Type
  tempHourWDay    2    9[COMRAM] struct .
  tempMinSec      2    7[COMRAM] struct .
  wasWrEn         1    6[COMRAM] enum E7262
  wasAlrm         1    5[COMRAM] enum E7262
  wasOn           1    4[COMRAM] enum E7262
 Return value:  Size  Location     Type
                  1    wreg      enum E7742
 Registers used:
		wreg, fsr2l, fsr2h, status,2, status,0, cstack
 Tracked objects:
		On entry : 
		On exit  : 
		Unchanged: 
 Data sizes:     COMRAM   BANK0   BANK1   BANK2   BANK3   BANK4   BANK5   BANK6   BANK7   BANK8   BANK9  BANK10  BANK11  BANK12  BANK13  BANK14
      Params:         3       0       0       0       0       0       0       0       0       0       0       0       0       0       0       0
      Locals:         7       0       0       0       0       0       0       0       0       0       0       0       0       0       0       0
      Temps:          1       0       0       0       0       0       0       0       0       0       0       0       0       0       0       0
      Totals:        11       0       0       0       0       0       0       0       0       0       0       0       0       0       0       0
Total ram usage:       11 bytes
 Hardware stack levels used:    1
 Hardware stack levels required when called:    1
 This function calls:
		_RtccWrOn
 This function is called by:
		_main
		_setTime
 This function uses a non-reentrant model


 *************** function _RtccWrOn *****************
 Defined at:
		line 22 in file "plib/rtcc/RtccWrOn.c"
 Parameters:    Size  Location     Type
		None
 Auto vars:     Size  Location     Type
  data            2    0        unsigned int 
 Return value:  Size  Location     Type
		None               void
 Registers used:
		wreg, status,2
 Tracked objects:
		On entry : 
		On exit  : 
		Unchanged: 
 Data sizes:     COMRAM   BANK0   BANK1   BANK2   BANK3   BANK4   BANK5   BANK6   BANK7   BANK8   BANK9  BANK10  BANK11  BANK12  BANK13  BANK14
      Params:         0       0       0       0       0       0       0       0       0       0       0       0       0       0       0       0
      Locals:         0       0       0       0       0       0       0       0       0       0       0       0       0       0       0       0
      Temps:          0       0       0       0       0       0       0       0       0       0       0       0       0       0       0       0
      Totals:         0       0       0       0       0       0       0       0       0       0       0       0       0       0       0       0
Total ram usage:        0 bytes
 Hardware stack levels used:    1
 This function calls:
		Nothing
 This function is called by:
		_main
		_setTime
		_RtccInitClock
		_RtccWriteTime
 This function uses a non-reentrant model


 *************** function _clickEvent *****************
 Defined at:
		line 20 in file "rotEnc.c"
 Parameters:    Size  Location     Type
		None
 Auto vars:     Size  Location     Type
		None
 Return value:  Size  Location     Type
                  2    0[COMRAM] int 
 Registers used:
		wreg, status,2
 Tracked objects:
		On entry : 
		On exit  : 
		Unchanged: 
 Data sizes:     COMRAM   BANK0   BANK1   BANK2   BANK3   BANK4   BANK5   BANK6   BANK7   BANK8   BANK9  BANK10  BANK11  BANK12  BANK13  BANK14
      Params:         2       0       0       0       0       0       0       0       0       0       0       0       0       0       0       0
      Locals:         0       0       0       0       0       0       0       0       0       0       0       0       0       0       0       0
      Temps:          0       0       0       0       0       0       0       0       0       0       0       0       0       0       0       0
      Totals:         2       0       0       0       0       0       0       0       0       0       0       0       0       0       0       0
Total ram usage:        2 bytes
 Hardware stack levels used:    1
 This function calls:
		Nothing
 This function is called by:
		_main
		_setTime
 This function uses a non-reentrant model


 *************** function _readEnc *****************
 Defined at:
		line 10 in file "rotEnc.c"
 Parameters:    Size  Location     Type
		None
 Auto vars:     Size  Location     Type
		None
 Return value:  Size  Location     Type
                  2    0[COMRAM] int 
 Registers used:
		wreg, fsr2l, fsr2h, status,2, status,0
 Tracked objects:
		On entry : 
		On exit  : 
		Unchanged: 
 Data sizes:     COMRAM   BANK0   BANK1   BANK2   BANK3   BANK4   BANK5   BANK6   BANK7   BANK8   BANK9  BANK10  BANK11  BANK12  BANK13  BANK14
      Params:         2       0       0       0       0       0       0       0       0       0       0       0       0       0       0       0
      Locals:         0       0       0       0       0       0       0       0       0       0       0       0       0       0       0       0
      Temps:          3       0       0       0       0       0       0       0       0       0       0       0       0       0       0       0
      Totals:         5       0       0       0       0       0       0       0       0       0       0       0       0       0       0       0
Total ram usage:        5 bytes
 Hardware stack levels used:    1
 This function calls:
		Nothing
 This function is called by:
		_setTime
 This function uses a non-reentrant model


 *************** function _dispSetTime *****************
 Defined at:
		line 67 in file "sevenSeg.c"
 Parameters:    Size  Location     Type
  time            2    8[COMRAM] unsigned int 
  hourMin         2   10[COMRAM] int 
 Auto vars:     Size  Location     Type
  dig1            2   20[COMRAM] int 
  dig0            2   18[COMRAM] int 
  dig1            2   16[COMRAM] int 
  dig0            2   14[COMRAM] int 
 Return value:  Size  Location     Type
                  2    8[COMRAM] int 
 Registers used:
		wreg, status,2, status,0, tblptrl, tblptrh, tblptru, cstack
 Tracked objects:
		On entry : 
		On exit  : 
		Unchanged: 
 Data sizes:     COMRAM   BANK0   BANK1   BANK2   BANK3   BANK4   BANK5   BANK6   BANK7   BANK8   BANK9  BANK10  BANK11  BANK12  BANK13  BANK14
      Params:         4       0       0       0       0       0       0       0       0       0       0       0       0       0       0       0
      Locals:         8       0       0       0       0       0       0       0       0       0       0       0       0       0       0       0
      Temps:          2       0       0       0       0       0       0       0       0       0       0       0       0       0       0       0
      Totals:        14       0       0       0       0       0       0       0       0       0       0       0       0       0       0       0
Total ram usage:       14 bytes
 Hardware stack levels used:    1
 Hardware stack levels required when called:    1
 This function calls:
		_displayDigit
		_delay
		_displayOFF
		___lwmod
		___lwdiv
 This function is called by:
		_setTime
 This function uses a non-reentrant model


 *************** function _displayOFF *****************
 Defined at:
		line 201 in file "sevenSeg.c"
 Parameters:    Size  Location     Type
		None
 Auto vars:     Size  Location     Type
		None
 Return value:  Size  Location     Type
		None               void
 Registers used:
		wreg, status,2, status,0
 Tracked objects:
		On entry : 
		On exit  : 
		Unchanged: 
 Data sizes:     COMRAM   BANK0   BANK1   BANK2   BANK3   BANK4   BANK5   BANK6   BANK7   BANK8   BANK9  BANK10  BANK11  BANK12  BANK13  BANK14
      Params:         0       0       0       0       0       0       0       0       0       0       0       0       0       0       0       0
      Locals:         0       0       0       0       0       0       0       0       0       0       0       0       0       0       0       0
      Temps:          0       0       0       0       0       0       0       0       0       0       0       0       0       0       0       0
      Totals:         0       0       0       0       0       0       0       0       0       0       0       0       0       0       0       0
Total ram usage:        0 bytes
 Hardware stack levels used:    1
 This function calls:
		Nothing
 This function is called by:
		_main
		_dispTime
		_dispSetTime
		_displayNum
 This function uses a non-reentrant model


 *************** function _displayDigit *****************
 Defined at:
		line 188 in file "sevenSeg.c"
 Parameters:    Size  Location     Type
  number          2    0[COMRAM] unsigned int 
  digit           2    2[COMRAM] int 
 Auto vars:     Size  Location     Type
		None
 Return value:  Size  Location     Type
                  2    0[COMRAM] int 
 Registers used:
		wreg, status,2, status,0, tblptrl, tblptrh, tblptru
 Tracked objects:
		On entry : 
		On exit  : 
		Unchanged: 
 Data sizes:     COMRAM   BANK0   BANK1   BANK2   BANK3   BANK4   BANK5   BANK6   BANK7   BANK8   BANK9  BANK10  BANK11  BANK12  BANK13  BANK14
      Params:         4       0       0       0       0       0       0       0       0       0       0       0       0       0       0       0
      Locals:         0       0       0       0       0       0       0       0       0       0       0       0       0       0       0       0
      Temps:          0       0       0       0       0       0       0       0       0       0       0       0       0       0       0       0
      Totals:         4       0       0       0       0       0       0       0       0       0       0       0       0       0       0       0
Total ram usage:        4 bytes
 Hardware stack levels used:    1
 This function calls:
		Nothing
 This function is called by:
		_dispTime
		_dispSetTime
		_displayNum
 This function uses a non-reentrant model


 *************** function _delay *****************
 Defined at:
		line 208 in file "sevenSeg.c"
 Parameters:    Size  Location     Type
  delay           2    0[COMRAM] unsigned int 
 Auto vars:     Size  Location     Type
  i               2    2[COMRAM] unsigned int 
 Return value:  Size  Location     Type
                  2    0[COMRAM] int 
 Registers used:
		wreg, status,2, status,0
 Tracked objects:
		On entry : 
		On exit  : 
		Unchanged: 
 Data sizes:     COMRAM   BANK0   BANK1   BANK2   BANK3   BANK4   BANK5   BANK6   BANK7   BANK8   BANK9  BANK10  BANK11  BANK12  BANK13  BANK14
      Params:         2       0       0       0       0       0       0       0       0       0       0       0       0       0       0       0
      Locals:         2       0       0       0       0       0       0       0       0       0       0       0       0       0       0       0
      Temps:          0       0       0       0       0       0       0       0       0       0       0       0       0       0       0       0
      Totals:         4       0       0       0       0       0       0       0       0       0       0       0       0       0       0       0
Total ram usage:        4 bytes
 Hardware stack levels used:    1
 This function calls:
		Nothing
 This function is called by:
		_dispTime
		_dispSetTime
		_displayNum
 This function uses a non-reentrant model


 *************** function ___lwdiv *****************
 Defined at:
		line 10 in file "/Applications/microchip/xc8/v1.12/sources/lwdiv.c"
 Parameters:    Size  Location     Type
  dividend        2    0[COMRAM] unsigned int 
  divisor         2    2[COMRAM] unsigned int 
 Auto vars:     Size  Location     Type
  quotient        2    5[COMRAM] unsigned int 
  counter         1    7[COMRAM] unsigned char 
 Return value:  Size  Location     Type
                  2    0[COMRAM] unsigned int 
 Registers used:
		wreg, status,2, status,0
 Tracked objects:
		On entry : 
		On exit  : 
		Unchanged: 
 Data sizes:     COMRAM   BANK0   BANK1   BANK2   BANK3   BANK4   BANK5   BANK6   BANK7   BANK8   BANK9  BANK10  BANK11  BANK12  BANK13  BANK14
      Params:         4       0       0       0       0       0       0       0       0       0       0       0       0       0       0       0
      Locals:         3       0       0       0       0       0       0       0       0       0       0       0       0       0       0       0
      Temps:          1       0       0       0       0       0       0       0       0       0       0       0       0       0       0       0
      Totals:         8       0       0       0       0       0       0       0       0       0       0       0       0       0       0       0
Total ram usage:        8 bytes
 Hardware stack levels used:    1
 This function calls:
		Nothing
 This function is called by:
		_dispTime
		_dispSetTime
		_displayNum
 This function uses a non-reentrant model


 *************** function ___lwmod *****************
 Defined at:
		line 10 in file "/Applications/microchip/xc8/v1.12/sources/lwmod.c"
 Parameters:    Size  Location     Type
  dividend        2    0[COMRAM] unsigned int 
  divisor         2    2[COMRAM] unsigned int 
 Auto vars:     Size  Location     Type
  counter         1    5[COMRAM] unsigned char 
 Return value:  Size  Location     Type
                  2    0[COMRAM] unsigned int 
 Registers used:
		wreg, status,2, status,0
 Tracked objects:
		On entry : 
		On exit  : 
		Unchanged: 
 Data sizes:     COMRAM   BANK0   BANK1   BANK2   BANK3   BANK4   BANK5   BANK6   BANK7   BANK8   BANK9  BANK10  BANK11  BANK12  BANK13  BANK14
      Params:         4       0       0       0       0       0       0       0       0       0       0       0       0       0       0       0
      Locals:         1       0       0       0       0       0       0       0       0       0       0       0       0       0       0       0
      Temps:          1       0       0       0       0       0       0       0       0       0       0       0       0       0       0       0
      Totals:         6       0       0       0       0       0       0       0       0       0       0       0       0       0       0       0
Total ram usage:        6 bytes
 Hardware stack levels used:    1
 This function calls:
		Nothing
 This function is called by:
		_dispTime
		_dispSetTime
		_displayNum
 This function uses a non-reentrant model



MODULE INFORMATION

Module		Function		Class		Link	Load	Size
plib/rtcc/RtccReadTime.c
		_RtccReadTime  		CODE           	1A68	0000	126

plib/rtcc/RtccReadTime.c estimated size: 126

shared
		_SEGSINKARRAYCO		SMALLCONST     	0F0A	0000	10
		_SEGDIGARRAY   		SMALLCONST     	0F14	0000	4
		__initializatio		CODE           	1C06	0000	74
		_DELAYTIME     		SMALLCONST     	0F18	0000	2
		_SEGSINKARRAY  		SMALLCONST     	0F00	0000	10

shared estimated size: 100

main.c
		_bcdtod        		CODE           	17EA	0000	220
		_dtobcd        		CODE           	199A	0000	206
		_main          		CODE           	18C6	0000	212
		_setTime       		CODE           	0F1C	0000	680

main.c estimated size: 1318

rotEnc.c
		_readEnc       		CODE           	1BAE	0000	88
		_rotEncInit    		CODE           	1DBE	0000	8
		_clickEvent    		CODE           	1CE2	0000	60

rotEnc.c estimated size: 156

plib/rtcc/RtccWrOn.c
		_RtccWrOn      		CODE           	1DA0	0000	20

plib/rtcc/RtccWrOn.c estimated size: 20

sevenSeg.c
		_delay         		CODE           	1D1E	0000	46
		_displayOFF    		CODE           	1DB4	0000	10
		_displayDigit  		CODE           	1C56	0000	76
		_sevenSegInit  		CODE           	1D8C	0000	20
		_dispTime      		CODE           	143C	0000	590
		_dispSetTime   		CODE           	11C4	0000	632

sevenSeg.c estimated size: 1374

/Applications/microchip/xc8/v1.12/sources/lwmod.c
		___lwmod       		CODE           	1B52	0000	92

/Applications/microchip/xc8/v1.12/sources/lwmod.c estimated size: 92

/Applications/microchip/xc8/v1.12/sources/lwdiv.c
		___lwdiv       		CODE           	1AE6	0000	108

/Applications/microchip/xc8/v1.12/sources/lwdiv.c estimated size: 108

plib/rtcc/RTCCInitClock.c
		_RtccInitClock 		CODE           	1CA2	0000	64

plib/rtcc/RTCCInitClock.c estimated size: 64

plib/rtcc/RtccWriteTime.c
		_RtccWriteTime 		CODE           	168A	0000	352

plib/rtcc/RtccWriteTime.c estimated size: 352

