Microchip MPLAB XC8 Compiler V1.12 ()

Linker command line:

--edf=/Applications/microchip/xc8/v1.12/dat/en_msgs.txt -cs \
  -h+dist/default/production/nyanClock.X.production.sym -z -Q18F47J53 \
  -ol.obj -Mdist/default/production/nyanClock.X.production.map -E1 -ver=XC8 \
  -ACODE=00h-01FFF7h -ACONST=00h-01FFF7h \
  -ASMALLCONST=0F00h-0FFFhx496,01FF00h-01FFF7h \
  -AMEDIUMCONST=0F00h-0FFFFh,010F00h-01FFF7h -ACOMRAM=01h-05Fh \
  -AABS1=00h-0EAFh -ABIGRAM=01h-0EAFh \
  -ARAM=060h-0FFh,0100h-01FFhx13,0E00h-0EAFh -ABANK0=060h-0FFh \
  -ABANK1=0100h-01FFh -ABANK2=0200h-02FFh -ABANK3=0300h-03FFh \
  -ABANK4=0400h-04FFh -ABANK5=0500h-05FFh -ABANK6=0600h-06FFh \
  -ABANK7=0700h-07FFh -ABANK8=0800h-08FFh -ABANK9=0900h-09FFh \
  -ABANK10=0A00h-0AFFh -ABANK11=0B00h-0BFFh -ABANK12=0C00h-0CFFh \
  -ABANK13=0D00h-0DFFh -ABANK14=0E00h-0EAFh \
  -ASFR=0EB0h-0EFFh,0F00h-0F5Fh,0F60h-0FFFh \
  -preset_vec=00h,intcode=08h,intcodelo=018h,powerup,init,end_init \
  -pramtop=0F00h -psmallconst=SMALLCONST -pmediumconst=MEDIUMCONST \
  -pconst=CONST -AFARRAM=00h-00h -ACONFIG=01FFF8h-01FFFFh -pconfig=CONFIG \
  -pjflash_buffer=01F800h \
  -prdata=COMRAM,nvrram=COMRAM,nvbit=COMRAM,rbss=COMRAM,rbit=COMRAM \
  -pfarbss=FARRAM,fardata=FARRAM \
  -pintsave_regs=BIGRAM,bigbss=BIGRAM,bigdata=BIGRAM -pbss=RAM \
  -pidata=CODE,irdata=CODE,ibigdata=CODE,ifardata=CODE /tmp/cgtXdOI1k.obj \
  dist/default/production/nyanClock.X.production.obj 

Object code version is 3.10

Machine type is 18F47J53

Call graph: (short form)




                Name                               Link     Load   Length Selector   Space Scale
/tmp/cgtXdOI1k.obj
                end_init                             A2       A2        4        C       0
                reset_vec                             0        0        4        0       0
                config                            1FFF8    1FFF8        8    1FFF8       0
dist/default/production/nyanClock.X.production.obj
                intcodelo                            18       18       8A        C       0
                intcode                               8        8       10        4       0
                smallconst                          F00      F00       14      780       0
                text56                             406C     406C       10      78A       0
                intcode_body                       2CD8     2CD8      190      78A       0
                text53                             3A3C     3A3C       90      78A       0
                text52                             370A     370A       BC      78A       0
                text51                             2424     2424      1E4      78A       0
                text50                             2E68     2E68      174      78A       0
                text49                             2004     2004      22A      78A       0
                text48                             3386     3386       F8      78A       0
                text47                             222E     222E      1F6      78A       0
                text46                             3E5A     3E5A       4A      78A       0
                text45                             3FC6     3FC6       20      78A       0
                text44                             2FDC     2FDC      16E      78A       0
                text43                             40D0     40D0        4     2055       0
                text42                             40CC     40CC        4     2055       0
                text41                             40C8     40C8        4     2055       0
                text40                             3DAE     3DAE       62      78A       0
                text39                             3C58     3C58       7E      78A       0
                text38                             4034     4034       14      78A       0
                text37                             3EE6     3EE6       40      78A       0
                text36                             2B3C     2B3C      19C      78A       0
                text35                             3276     3276      110      78A       0
                text34                             408A     408A        C      78A       0
                text33                              F14      F14      4A2      78A       0
                text32                             405A     405A       12      78A       0
                text31                             3E10     3E10       4A      78A       0
                text30                             40C4     40C4        4     2055       0
                text29                             3F26     3F26       3C      78A       0
                text28                             37C6     37C6       A0      78A       0
                text27                             314A     314A      12C      78A       0
                text26                             299E     299E      19E      78A       0
                text25                             27E6     27E6      1B8      78A       0
                text24                             3D42     3D42       6C      78A       0
                text23                             3FA6     3FA6       20      78A       0
                text22                             3F86     3F86       20      78A       0
                text21                             40B2     40B2        8     2055       0
                text20                             40AA     40AA        8     2055       0
                text19                             3CD6     3CD6       6C      78A       0
                text18                             40C0     40C0        4     2055       0
                text17                             13B6     13B6      48C      78A       0
                text16                             39A2     39A2       9A      78A       0
                text15                             3904     3904       9E      78A       0
                text14                             4096     4096        A      78A       0
                text13                             1CC8     1CC8      33C      78A       0
                text12                             40BA     40BA        6     2055       0
                text11                             1842     1842      486      78A       0
                text10                             355A     355A       DC      78A       0
                text9                              3ACC     3ACC       8A      78A       0
                text8                              407C     407C        E      78A       0
                text7                              3B56     3B56       82      78A       0
                text6                              3BD8     3BD8       80      78A       0
                text5                              3F62     3F62       24      78A       0
                text4                              3FE6     3FE6       1E      78A       0
                text3                              4020     4020       14      78A       0
                text2                              4048     4048       12      78A       0
                text1                              4004     4004       1C      78A       0
                text0                              2608     2608      1DE      78A       0
                cstackCOMRAM                          1        1       22        1       1
                cstackBANK0                          A2       A2       3B       60       1
                cstackBANK1                         1D4      1D4       12      100       1
                dataBANK2                           200      200       DC      200       1
                dataBANK1                           100      100       D4      100       1
                dataBANK0                            60       60       42       60       1
                bssBANK0                             DD       DD       15       60       1
                dataCOMRAM                           38       38        9        1       1
                bssCOMRAM                            23       23       15        1       1
                cinit                              3866     3866       9E      78A       0
                idataBANK2                         347E     347E       DC      78A       0
                idataBANK1                         3636     3636       D4      78A       0
                idataBANK0                         3EA4     3EA4       42      78A       0
                idataCOMRAM                        40A0     40A0        9      78A       0

TOTAL           Name                               Link     Load   Length     Space
        CLASS   CODE           
                end_init                             A2       A2        4         0
                intcodelo                            18       18       8A         0
                intcode                               8        8       10         0
                reset_vec                             0        0        4         0
                text56                             406C     406C       10         0
                intcode_body                       2CD8     2CD8      190         0
                text53                             3A3C     3A3C       90         0
                text52                             370A     370A       BC         0
                text51                             2424     2424      1E4         0
                text50                             2E68     2E68      174         0
                text49                             2004     2004      22A         0
                text48                             3386     3386       F8         0
                text47                             222E     222E      1F6         0
                text46                             3E5A     3E5A       4A         0
                text45                             3FC6     3FC6       20         0
                text44                             2FDC     2FDC      16E         0
                text43                             40D0     40D0        4         0
                text42                             40CC     40CC        4         0
                text41                             40C8     40C8        4         0
                text40                             3DAE     3DAE       62         0
                text39                             3C58     3C58       7E         0
                text38                             4034     4034       14         0
                text37                             3EE6     3EE6       40         0
                text36                             2B3C     2B3C      19C         0
                text35                             3276     3276      110         0
                text34                             408A     408A        C         0
                text33                              F14      F14      4A2         0
                text32                             405A     405A       12         0
                text31                             3E10     3E10       4A         0
                text30                             40C4     40C4        4         0
                text29                             3F26     3F26       3C         0
                text28                             37C6     37C6       A0         0
                text27                             314A     314A      12C         0
                text26                             299E     299E      19E         0
                text25                             27E6     27E6      1B8         0
                text24                             3D42     3D42       6C         0
                text23                             3FA6     3FA6       20         0
                text22                             3F86     3F86       20         0
                text21                             40B2     40B2        8         0
                text20                             40AA     40AA        8         0
                text19                             3CD6     3CD6       6C         0
                text18                             40C0     40C0        4         0
                text17                             13B6     13B6      48C         0
                text16                             39A2     39A2       9A         0
                text15                             3904     3904       9E         0
                text14                             4096     4096        A         0
                text13                             1CC8     1CC8      33C         0
                text12                             40BA     40BA        6         0
                text11                             1842     1842      486         0
                text10                             355A     355A       DC         0
                text9                              3ACC     3ACC       8A         0
                text8                              407C     407C        E         0
                text7                              3B56     3B56       82         0
                text6                              3BD8     3BD8       80         0
                text5                              3F62     3F62       24         0
                text4                              3FE6     3FE6       1E         0
                text3                              4020     4020       14         0
                text2                              4048     4048       12         0
                text1                              4004     4004       1C         0
                text0                              2608     2608      1DE         0
                cinit                              3866     3866       9E         0
                idataBANK2                         347E     347E       DC         0
                idataBANK1                         3636     3636       D4         0
                idataBANK0                         3EA4     3EA4       42         0
                idataCOMRAM                        40A0     40A0        9         0

        CLASS   CONST          

        CLASS   SMALLCONST     
                smallconst                          F00      F00       14         0

        CLASS   MEDIUMCONST    

        CLASS   COMRAM         
                cstackCOMRAM                          1        1       22         1
                dataCOMRAM                           38       38        9         1
                bssCOMRAM                            23       23       15         1

        CLASS   ABS1           

        CLASS   BIGRAM         

        CLASS   RAM            

        CLASS   BANK0          
                cstackBANK0                          A2       A2       3B         1
                dataBANK0                            60       60       42         1
                bssBANK0                             DD       DD       15         1

        CLASS   BANK1          
                cstackBANK1                         1D4      1D4       12         1
                dataBANK1                           100      100       D4         1

        CLASS   BANK2          
                dataBANK2                           200      200       DC         1

        CLASS   BANK3          

        CLASS   BANK4          

        CLASS   BANK5          

        CLASS   BANK6          

        CLASS   BANK7          

        CLASS   BANK8          

        CLASS   BANK9          

        CLASS   BANK10         

        CLASS   BANK11         

        CLASS   BANK12         

        CLASS   BANK13         

        CLASS   BANK14         

        CLASS   SFR            

        CLASS   FARRAM         

        CLASS   CONFIG         
                config                            1FFF8    1FFF8        8         0

        CLASS   IDLOC          



SEGMENTS        Name                           Load    Length   Top    Selector   Space  Class

                reset_vec                      000000  000004  000004         0       0  CODE    
                cstackCOMRAM                   000001  000040  000041         1       1  COMRAM  
                intcode                        000008  000010  000018         4       0  CODE    
                intcodelo                      000018  00008E  0000A6         C       0  CODE    
                dataBANK0                      000060  000092  0000F2        60       1  BANK0   
                dataBANK1                      000100  0000E6  0001E6       100       1  BANK1   
                dataBANK2                      000200  0000DC  0002DC       200       1  BANK2   
                smallconst                     000F00  000014  000F14       780       0  SMALLCON
                text33                         000F14  003195  0040A9       78A       0  CODE    
                text20                         0040AA  00002A  0040D4      2055       0  CODE    
                config                         01FFF8  000008  020000     1FFF8       0  CONFIG  


UNUSED ADDRESS RANGES

        Name                Unused          Largest block    Delta
        BANK0            000F2-000FF               E
        BANK1            001E6-001FF              1A
        BANK10           00A00-00AFF             100
        BANK11           00B00-00BFF             100
        BANK12           00C00-00CFF             100
        BANK13           00D00-00DFF             100
        BANK14           00E00-00EAF              B0
        BANK2            002DC-002FF              24
        BANK3            00300-003FF             100
        BANK4            00400-004FF             100
        BANK5            00500-005FF             100
        BANK6            00600-006FF             100
        BANK7            00700-007FF             100
        BANK8            00800-008FF             100
        BANK9            00900-009FF             100
        BIGRAM           00041-0005F              1F
                         000F2-000FF               E
                         001E6-001FF              1A
                         002DC-00EAF             BD4
        CODE             00004-00007               4
                         000A6-00EFF             E5A
                         040A9-040A9               1
                         040D4-1FFF7           1BF24
        COMRAM           00041-0005F              1F
        CONST            00004-00007               4
                         000A6-00EFF             E5A
                         040A9-040A9               1
                         040D4-1FFF7           1BF24
        MEDIUMCONST      040A9-040A9               1
                         040D4-0FFFF            BF2C
                         10F00-1FFF7            F0F8
        RAM              000F2-000FF               E
                         001E6-001FF              1A
                         002DC-00EAF             100
        SFR              00EB0-00FFF              60
        SMALLCONST       040A9-040A9               1
                         040D4-1FFF7             100

                                  Symbol Table

?_REReadEncoder                  cstackCOMRAM  00020
?_RtccReadTime                   cstackCOMRAM  00020
?_RtccSetAlarmRpt                cstackCOMRAM  00020
?_RtccWriteAlrmTime              cstackCOMRAM  00020
?_RtccWriteTime                  cstackCOMRAM  00020
?___ftdiv                        cstackBANK0   000A7
?___ftge                         cstackBANK0   000A2
?___ftmul                        cstackBANK0   000B8
?___ftpack                       cstackBANK0   000A2
?___fttol                        cstackBANK0   000A2
?___lwdiv                        cstackBANK0   000A2
?___lwmod                        cstackBANK0   000A2
?_alarmInit                      cstackBANK0   000A8
?_bcdtod                         cstackCOMRAM  00020
?_clickEvent                     cstackCOMRAM  00020
?_dispSetTime                    cstackBANK0   000A9
?_dispTime                       cstackBANK0   000A9
?_displayDigit                   cstackBANK0   000A2
?_dtobcd                         cstackCOMRAM  00020
?_genDelay_ms                    cstackCOMRAM  00020
?_parseDuration                  cstackCOMRAM  00020
?_playNote                       cstackBANK0   000A3
?_setBank                        cstackBANK0   000A3
?_setVolume                      cstackBANK0   000A3
?_state_setTime                  cstackBANK0   000B9
?_timeInit                       cstackBANK0   000AA
?_toggleLED                      cstackCOMRAM  00020
?_txMIDI                         cstackCOMRAM  00020
REReadEncoder@collectedStates    cstackCOMRAM  00020
RtccReadTime@pTm                 cstackCOMRAM  00020
RtccReadTime@rTD0                cstackBANK0   000AA
RtccReadTime@rTD1                cstackBANK0   000A2
RtccSetAlarmRpt@dsblAlrm         cstackCOMRAM  00021
RtccSetAlarmRpt@isAlrm           cstackBANK0   000A2
RtccSetAlarmRpt@rpt              cstackCOMRAM  00020
RtccWriteAlrmTime@pTm            cstackCOMRAM  00020
RtccWriteAlrmTime@tempHourWDay   cstackBANK0   000A6
RtccWriteAlrmTime@tempMinSec     cstackBANK0   000A4
RtccWriteAlrmTime@wasAlrm        cstackBANK0   000A3
RtccWriteAlrmTime@wasWrEn        cstackBANK0   000A2
RtccWriteTime@di                 cstackCOMRAM  00022
RtccWriteTime@pTm                cstackCOMRAM  00020
RtccWriteTime@tempHourWDay       cstackBANK0   000A8
RtccWriteTime@tempMinSec         cstackBANK0   000A6
RtccWriteTime@wasAlrm            cstackBANK0   000A4
RtccWriteTime@wasOn              cstackBANK0   000A3
RtccWriteTime@wasWrEn            cstackBANK0   000A5
_ALL_ALM_LED_OFF                 text21        040B2
_ALL_ALM_LED_ON                  text20        040AA
_ALL_IND_LED_OFF                 text14        04096
_ALRMCFG                         (abs)         00F47
_ALRMCFGbits                     (abs)         00F47
_ALRMVALH                        (abs)         00F45
_ALRMVALL                        (abs)         00F44
_ANCON1bits                      (abs)         00F49
_BAUDCON1bits                    (abs)         00F7E
_DELAYTIME                       smallconst    00F0E
_EECON2                          (abs)         00FA7
_INT0IE                          (abs)         07F94
_INT0IF                          (abs)         07F91
_INTCON2bits                     (abs)         00FF1
_INTCONbits                      (abs)         00FF2
_IPR3bits                        (abs)         00FA5
_LATA                            (abs)         00F89
_LATAbits                        (abs)         00F89
_LATBbits                        (abs)         00F8A
_LATCbits                        (abs)         00F8B
_LATD                            (abs)         00F8C
_LATDbits                        (abs)         00F8C
_LATEbits                        (abs)         00F8D
_MAX_SELECTION                   smallconst    00F10
_PCTemp                          bssCOMRAM     00035
_PIE3bits                        (abs)         00FA3
_PORTA                           (abs)         00F80
_PORTB                           (abs)         00F81
_PORTBbits                       (abs)         00F81
_PORTD                           (abs)         00F83
_RBIE                            (abs)         07F93
_RBIF                            (abs)         07F90
_RCONbits                        (abs)         00FD0
_RCSTA1bits                      (abs)         00FAC
_REDisableInterrupts             text30        040C4
_REEnableInterrupts              text12        040BA
_REFlags                         bssBANK0      000DD
_RELockout                       text56        0406C
_REReadEncoder                   text31        03E10
_RERelease                       text32        0405A
_RTCCAL                          (abs)         00F3E
_RTCCFG                          (abs)         00F3F
_RTCCFGbits                      (abs)         00F3F
_RTCCIE                          (abs)         07D18
_RTCCIF                          (abs)         07D20
_RTCVALH                         (abs)         00F3B
_RTCVALL                         (abs)         00F3A
_RtccInitClock                   text37        03EE6
_RtccReadTime                    text9         03ACC
_RtccSetAlarmRpt                 text39        03C58
_RtccWrOn                        text38        04034
_RtccWriteAlrmTime               text27        0314A
_RtccWriteTime                   text36        02B3C
_SEGDIGARRAY                     smallconst    00F0A
_SEGSINKARRAY                    smallconst    00F00
_SPBRG1                          (abs)         00FB0
_T0CONbits                       (abs)         00FD5
_T1CONbits                       (abs)         00FCD
_TMR0H                           (abs)         00FD7
_TMR0IE                          (abs)         07F95
_TMR0IF                          (abs)         07F92
_TMR0L                           (abs)         00FD6
_TRISA                           (abs)         00F92
_TRISAbits                       (abs)         00F92
_TRISBbits                       (abs)         00F93
_TRISCbits                       (abs)         00F94
_TRISD                           (abs)         00F95
_TRISEbits                       (abs)         00F96
_TXREG1                          (abs)         00FAE
_TXSTA1bits                      (abs)         00FAD
__CFG_CFGPLLEN$OFF               (abs)         00000
__CFG_CPUDIV$OSC1                (abs)         00000
__CFG_OSC$HS                     (abs)         00000
__CFG_PLLDIV$1                   (abs)         00000
__CFG_RTCOSC$T1OSCREF            (abs)         00000
__CFG_WDTEN$OFF                  (abs)         00000
__CFG_XINST$OFF                  (abs)         00000
__HRAM                           (abs)         00000
__Habs1                          abs1          00000
__Hbank0                         bank0         00000
__Hbank1                         bank1         00000
__Hbank10                        bank10        00000
__Hbank11                        bank11        00000
__Hbank12                        bank12        00000
__Hbank13                        bank13        00000
__Hbank14                        bank14        00000
__Hbank2                         bank2         00000
__Hbank3                         bank3         00000
__Hbank4                         bank4         00000
__Hbank5                         bank5         00000
__Hbank6                         bank6         00000
__Hbank7                         bank7         00000
__Hbank8                         bank8         00000
__Hbank9                         bank9         00000
__Hbigbss                        bigbss        00000
__Hbigdata                       bigdata       00000
__Hbigram                        bigram        00000
__Hbss                           bss           00000
__HbssBANK0                      bssBANK0      00000
__HbssCOMRAM                     bssCOMRAM     00000
__Hcinit                         cinit         00000
__Hclrtext                       clrtext       00000
__Hcomram                        comram        00000
__Hconfig                        config        20000
__Hconst                         const         00000
__HcstackBANK0                   cstackBANK0   00000
__HcstackBANK1                   cstackBANK1   00000
__HcstackCOMRAM                  cstackCOMRAM  00000
__Hdata                          data          00000
__HdataBANK0                     dataBANK0     00000
__HdataBANK1                     dataBANK1     00000
__HdataBANK2                     dataBANK2     00000
__HdataCOMRAM                    dataCOMRAM    00000
__Hend_init                      end_init      000A6
__Hfarbss                        farbss        00000
__Hfardata                       fardata       00000
__Hibigdata                      ibigdata      00000
__Hidata                         idata         00000
__HidataBANK0                    idataBANK0    00000
__HidataBANK1                    idataBANK1    00000
__HidataBANK2                    idataBANK2    00000
__HidataCOMRAM                   idataCOMRAM   00000
__Hidloc                         idloc         00000
__Hifardata                      ifardata      00000
__Hinit                          init          000A2
__Hintcode                       intcode       00018
__Hintcode_body                  intcode_body  00000
__Hintcodelo                     intcodelo     000A2
__Hintentry                      intentry      00000
__Hintret                        intret        00000
__Hintsave_regs                  intsave_regs  00000
__Hirdata                        irdata        00000
__Hjflash_buffer                 jflash_buffer 1F800
__Hmediumconst                   mediumconst   00000
__Hnvbit                         nvbit         00000
__Hnvrram                        nvrram        00000
__Hparam                         rparam        00000
__Hpowerup                       powerup       000A2
__Hram                           ram           00000
__Hramtop                        ramtop        00F00
__Hrbit                          rbit          00000
__Hrbss                          rbss          00000
__Hrdata                         rdata         00000
__Hreset_vec                     reset_vec     00004
__Hrparam                        rparam        00000
__Hsfr                           sfr           00000
__Hsmallconst                    smallconst    00F14
__Hstruct                        struct        00000
__Htemp                          temp          00000
__Htext                          text          00000
__Htext0                         text0         00000
__Htext1                         text1         00000
__Htext10                        text10        00000
__Htext11                        text11        00000
__Htext12                        text12        00000
__Htext13                        text13        00000
__Htext14                        text14        00000
__Htext15                        text15        00000
__Htext16                        text16        00000
__Htext17                        text17        00000
__Htext18                        text18        00000
__Htext19                        text19        00000
__Htext2                         text2         00000
__Htext20                        text20        00000
__Htext21                        text21        00000
__Htext22                        text22        00000
__Htext23                        text23        00000
__Htext24                        text24        00000
__Htext25                        text25        00000
__Htext26                        text26        00000
__Htext27                        text27        00000
__Htext28                        text28        00000
__Htext29                        text29        00000
__Htext3                         text3         00000
__Htext30                        text30        00000
__Htext31                        text31        00000
__Htext32                        text32        00000
__Htext33                        text33        00000
__Htext34                        text34        00000
__Htext35                        text35        00000
__Htext36                        text36        00000
__Htext37                        text37        00000
__Htext38                        text38        00000
__Htext39                        text39        00000
__Htext4                         text4         00000
__Htext40                        text40        00000
__Htext41                        text41        00000
__Htext42                        text42        00000
__Htext43                        text43        00000
__Htext44                        text44        00000
__Htext45                        text45        00000
__Htext46                        text46        00000
__Htext47                        text47        00000
__Htext48                        text48        00000
__Htext49                        text49        00000
__Htext5                         text5         00000
__Htext50                        text50        00000
__Htext51                        text51        00000
__Htext52                        text52        00000
__Htext53                        text53        00000
__Htext56                        text56        00000
__Htext6                         text6         00000
__Htext7                         text7         00000
__Htext8                         text8         00000
__Htext9                         text9         00000
__LRAM                           (abs)         00001
__Labs1                          abs1          00000
__Lbank0                         bank0         00000
__Lbank1                         bank1         00000
__Lbank10                        bank10        00000
__Lbank11                        bank11        00000
__Lbank12                        bank12        00000
__Lbank13                        bank13        00000
__Lbank14                        bank14        00000
__Lbank2                         bank2         00000
__Lbank3                         bank3         00000
__Lbank4                         bank4         00000
__Lbank5                         bank5         00000
__Lbank6                         bank6         00000
__Lbank7                         bank7         00000
__Lbank8                         bank8         00000
__Lbank9                         bank9         00000
__Lbigbss                        bigbss        00000
__Lbigdata                       bigdata       00000
__Lbigram                        bigram        00000
__Lbss                           bss           00000
__LbssBANK0                      bssBANK0      00000
__LbssCOMRAM                     bssCOMRAM     00000
__Lcinit                         cinit         00000
__Lclrtext                       clrtext       00000
__Lcomram                        comram        00000
__Lconfig                        config        1FFF8
__Lconst                         const         00000
__LcstackBANK0                   cstackBANK0   00000
__LcstackBANK1                   cstackBANK1   00000
__LcstackCOMRAM                  cstackCOMRAM  00000
__Ldata                          data          00000
__LdataBANK0                     dataBANK0     00000
__LdataBANK1                     dataBANK1     00000
__LdataBANK2                     dataBANK2     00000
__LdataCOMRAM                    dataCOMRAM    00000
__Lend_init                      end_init      000A2
__Lfarbss                        farbss        00000
__Lfardata                       fardata       00000
__Libigdata                      ibigdata      00000
__Lidata                         idata         00000
__LidataBANK0                    idataBANK0    00000
__LidataBANK1                    idataBANK1    00000
__LidataBANK2                    idataBANK2    00000
__LidataCOMRAM                   idataCOMRAM   00000
__Lidloc                         idloc         00000
__Lifardata                      ifardata      00000
__Linit                          init          000A2
__Lintcode                       intcode       00008
__Lintcode_body                  intcode_body  00000
__Lintcodelo                     intcodelo     00018
__Lintentry                      intentry      00000
__Lintret                        intret        00000
__Lintsave_regs                  intsave_regs  00000
__Lirdata                        irdata        00000
__Ljflash_buffer                 jflash_buffer 1F800
__Lmediumconst                   mediumconst   00000
__Lnvbit                         nvbit         00000
__Lnvrram                        nvrram        00000
__Lparam                         rparam        00000
__Lpowerup                       powerup       000A2
__Lram                           ram           00000
__Lramtop                        ramtop        00F00
__Lrbit                          rbit          00000
__Lrbss                          rbss          00000
__Lrdata                         rdata         00000
__Lreset_vec                     reset_vec     00000
__Lrparam                        rparam        00000
__Lsfr                           sfr           00000
__Lsmallconst                    smallconst    00F00
__Lstruct                        struct        00000
__Ltemp                          temp          00000
__Ltext                          text          00000
__Ltext0                         text0         00000
__Ltext1                         text1         00000
__Ltext10                        text10        00000
__Ltext11                        text11        00000
__Ltext12                        text12        00000
__Ltext13                        text13        00000
__Ltext14                        text14        00000
__Ltext15                        text15        00000
__Ltext16                        text16        00000
__Ltext17                        text17        00000
__Ltext18                        text18        00000
__Ltext19                        text19        00000
__Ltext2                         text2         00000
__Ltext20                        text20        00000
__Ltext21                        text21        00000
__Ltext22                        text22        00000
__Ltext23                        text23        00000
__Ltext24                        text24        00000
__Ltext25                        text25        00000
__Ltext26                        text26        00000
__Ltext27                        text27        00000
__Ltext28                        text28        00000
__Ltext29                        text29        00000
__Ltext3                         text3         00000
__Ltext30                        text30        00000
__Ltext31                        text31        00000
__Ltext32                        text32        00000
__Ltext33                        text33        00000
__Ltext34                        text34        00000
__Ltext35                        text35        00000
__Ltext36                        text36        00000
__Ltext37                        text37        00000
__Ltext38                        text38        00000
__Ltext39                        text39        00000
__Ltext4                         text4         00000
__Ltext40                        text40        00000
__Ltext41                        text41        00000
__Ltext42                        text42        00000
__Ltext43                        text43        00000
__Ltext44                        text44        00000
__Ltext45                        text45        00000
__Ltext46                        text46        00000
__Ltext47                        text47        00000
__Ltext48                        text48        00000
__Ltext49                        text49        00000
__Ltext5                         text5         00000
__Ltext50                        text50        00000
__Ltext51                        text51        00000
__Ltext52                        text52        00000
__Ltext53                        text53        00000
__Ltext56                        text56        00000
__Ltext6                         text6         00000
__Ltext7                         text7         00000
__Ltext8                         text8         00000
__Ltext9                         text9         00000
__S0                             (abs)         20000
__S1                             (abs)         002DC
___ftdiv                         text47        0222E
___ftdiv@cntr                    cstackBANK0   000B2
___ftdiv@exp                     cstackBANK0   000B6
___ftdiv@f1                      cstackBANK0   000A7
___ftdiv@f2                      cstackBANK0   000AA
___ftdiv@f3                      cstackBANK0   000B3
___ftdiv@sign                    cstackBANK0   000B7
___ftge                          text48        03386
___ftge@ff1                      cstackBANK0   000A2
___ftge@ff2                      cstackBANK0   000A5
___ftmul                         text49        02004
___ftmul@cntr                    cstackBANK0   000C7
___ftmul@exp                     cstackBANK0   000C3
___ftmul@f1                      cstackBANK0   000B8
___ftmul@f2                      cstackBANK0   000BB
___ftmul@f3_as_product           cstackBANK0   000C4
___ftmul@sign                    cstackBANK0   000C8
___ftpack                        text50        02E68
___ftpack@arg                    cstackBANK0   000A2
___ftpack@exp                    cstackBANK0   000A5
___ftpack@sign                   cstackBANK0   000A6
___fttol                         text51        02424
___fttol@exp1                    cstackBANK0   000B0
___fttol@f1                      cstackBANK0   000A2
___fttol@lval                    cstackBANK0   000AC
___fttol@sign1                   cstackBANK0   000AB
___lwdiv                         text52        0370A
___lwdiv@counter                 cstackBANK0   000A6
___lwdiv@dividend                cstackBANK0   000A2
___lwdiv@divisor                 cstackBANK0   000A4
___lwdiv@quotient                cstackBANK0   000A7
___lwmod                         text53        03A3C
___lwmod@counter                 cstackCOMRAM  00021
___lwmod@dividend                cstackBANK0   000A2
___lwmod@divisor                 cstackBANK0   000A4
__accesstop                      (abs)         00060
__activetblptr                   (abs)         00003
__end_of_ALL_ALM_LED_OFF         text21        040BA
__end_of_ALL_ALM_LED_ON          text20        040B2
__end_of_ALL_IND_LED_OFF         text14        040A0
__end_of_DELAYTIME               smallconst    00F10
__end_of_MAX_SELECTION           smallconst    00F12
__end_of_REDisableInterrupts     text30        040C8
__end_of_REEnableInterrupts      text12        040C0
__end_of_RELockout               text56        0407C
__end_of_REReadEncoder           text31        03E5A
__end_of_RERelease               text32        0406C
__end_of_RtccInitClock           text37        03F26
__end_of_RtccReadTime            text9         03B56
__end_of_RtccSetAlarmRpt         text39        03CD6
__end_of_RtccWrOn                text38        04048
__end_of_RtccWriteAlrmTime       text27        03276
__end_of_RtccWriteTime           text36        02CD8
__end_of_SEGDIGARRAY             smallconst    00F0E
__end_of_SEGSINKARRAY            smallconst    00F0A
__end_of___ftdiv                 text47        02424
__end_of___ftge                  text48        0347E
__end_of___ftmul                 text49        0222E
__end_of___ftpack                text50        02FDC
__end_of___fttol                 text51        02608
__end_of___lwdiv                 text52        037C6
__end_of___lwmod                 text53        03ACC
__end_of__initialization         cinit         038FE
__end_of_alarmInit               text7         03BD8
__end_of_bcdtod                  text10        03636
__end_of_clickEvent              text29        03F62
__end_of_disableAmplifier        text18        040C4
__end_of_dispSetTime             text33        013B6
__end_of_dispTime                text11        01CC8
__end_of_displayDigit            text40        03E10
__end_of_displayOFF              text34        04096
__end_of_dtobcd                  text35        03386
__end_of_enableAmplifier         text41        040CC
__end_of_enableLED               text1         04020
__end_of_enableTime              text8         0408A
__end_of_genDelay_ms             text28        03866
__end_of_hp_isr                  intcode_body  02E68
__end_of_initGeneralTimer        text2         0405A
__end_of_lp_isr                  intcodelo     000A2
__end_of_main                    text0         027E6
__end_of_parseDuration           text24        03DAE
__end_of_playNote                text23        03FC6
__end_of_playback                text17        01842
__end_of_rotEncInit              text4         04004
__end_of_setBank                 text45        03FE6
__end_of_setTempo                text44        0314A
__end_of_setVolume               text22        03FA6
__end_of_setupForPlayback        text16        03A3C
__end_of_sevenSegInit            text3         04034
__end_of_soundInit               text5         03F86
__end_of_state_setAlarm          text26        02B3C
__end_of_state_setTime           text25        0299E
__end_of_state_settingsCycle     text13        02004
__end_of_state_soundAlarm        text15        039A2
__end_of_timeInit                text6         03C58
__end_of_toggleLED               text19        03D42
__end_of_txMIDI                  text46        03EA4
__end_of_vsHoldRST               text42        040D0
__end_of_vsReleaseRST            text43        040D4
__initialization                 cinit         03866
__mediumconst                    mediumconst   00000
__pbssBANK0                      bssBANK0      000DD
__pbssCOMRAM                     bssCOMRAM     00023
__pcinit                         cinit         03866
__pcstackBANK0                   cstackBANK0   000A2
__pcstackBANK1                   cstackBANK1   001D4
__pcstackCOMRAM                  cstackCOMRAM  00001
__pdataBANK0                     dataBANK0     00060
__pdataBANK1                     dataBANK1     00100
__pdataBANK2                     dataBANK2     00200
__pdataCOMRAM                    dataCOMRAM    00038
__pidataBANK0                    idataBANK0    03EA4
__pidataBANK1                    idataBANK1    03636
__pidataBANK2                    idataBANK2    0347E
__pidataCOMRAM                   idataCOMRAM   040A0
__pintcode                       intcode       00008
__pintcode_body                  intcode_body  02CD8
__pintcodelo                     intcodelo     00018
__psmallconst                    smallconst    00F00
__ptext0                         text0         02608
__ptext1                         text1         04004
__ptext10                        text10        0355A
__ptext11                        text11        01842
__ptext12                        text12        040BA
__ptext13                        text13        01CC8
__ptext14                        text14        04096
__ptext15                        text15        03904
__ptext16                        text16        039A2
__ptext17                        text17        013B6
__ptext18                        text18        040C0
__ptext19                        text19        03CD6
__ptext2                         text2         04048
__ptext20                        text20        040AA
__ptext21                        text21        040B2
__ptext22                        text22        03F86
__ptext23                        text23        03FA6
__ptext24                        text24        03D42
__ptext25                        text25        027E6
__ptext26                        text26        0299E
__ptext27                        text27        0314A
__ptext28                        text28        037C6
__ptext29                        text29        03F26
__ptext3                         text3         04020
__ptext30                        text30        040C4
__ptext31                        text31        03E10
__ptext32                        text32        0405A
__ptext33                        text33        00F14
__ptext34                        text34        0408A
__ptext35                        text35        03276
__ptext36                        text36        02B3C
__ptext37                        text37        03EE6
__ptext38                        text38        04034
__ptext39                        text39        03C58
__ptext4                         text4         03FE6
__ptext40                        text40        03DAE
__ptext41                        text41        040C8
__ptext42                        text42        040CC
__ptext43                        text43        040D0
__ptext44                        text44        02FDC
__ptext45                        text45        03FC6
__ptext46                        text46        03E5A
__ptext47                        text47        0222E
__ptext48                        text48        03386
__ptext49                        text49        02004
__ptext5                         text5         03F62
__ptext50                        text50        02E68
__ptext51                        text51        02424
__ptext52                        text52        0370A
__ptext53                        text53        03A3C
__ptext56                        text56        0406C
__ptext6                         text6         03BD8
__ptext7                         text7         03B56
__ptext8                         text8         0407C
__ptext9                         text9         03ACC
__ramtop                         ramtop        00F00
__size_of_ALL_ALM_LED_OFF        (abs)         00000
__size_of_ALL_ALM_LED_ON         (abs)         00000
__size_of_ALL_IND_LED_OFF        (abs)         00000
__size_of_REDisableInterrupts    (abs)         00000
__size_of_REEnableInterrupts     (abs)         00000
__size_of_RELockout              (abs)         00000
__size_of_REReadEncoder          (abs)         00000
__size_of_RERelease              (abs)         00000
__size_of_RtccInitClock          (abs)         00000
__size_of_RtccReadTime           (abs)         00000
__size_of_RtccSetAlarmRpt        (abs)         00000
__size_of_RtccWrOn               (abs)         00000
__size_of_RtccWriteAlrmTime      (abs)         00000
__size_of_RtccWriteTime          (abs)         00000
__size_of___ftdiv                (abs)         00000
__size_of___ftge                 (abs)         00000
__size_of___ftmul                (abs)         00000
__size_of___ftpack               (abs)         00000
__size_of___fttol                (abs)         00000
__size_of___lwdiv                (abs)         00000
__size_of___lwmod                (abs)         00000
__size_of_alarmInit              (abs)         00000
__size_of_bcdtod                 (abs)         00000
__size_of_clickEvent             (abs)         00000
__size_of_disableAmplifier       (abs)         00000
__size_of_dispSetTime            (abs)         00000
__size_of_dispTime               (abs)         00000
__size_of_displayDigit           (abs)         00000
__size_of_displayOFF             (abs)         00000
__size_of_dtobcd                 (abs)         00000
__size_of_enableAmplifier        (abs)         00000
__size_of_enableLED              (abs)         00000
__size_of_enableTime             (abs)         00000
__size_of_genDelay_ms            (abs)         00000
__size_of_hp_isr                 (abs)         00000
__size_of_initGeneralTimer       (abs)         00000
__size_of_lp_isr                 (abs)         00000
__size_of_main                   (abs)         00000
__size_of_parseDuration          (abs)         00000
__size_of_playNote               (abs)         00000
__size_of_playback               (abs)         00000
__size_of_rotEncInit             (abs)         00000
__size_of_setBank                (abs)         00000
__size_of_setTempo               (abs)         00000
__size_of_setVolume              (abs)         00000
__size_of_setupForPlayback       (abs)         00000
__size_of_sevenSegInit           (abs)         00000
__size_of_soundInit              (abs)         00000
__size_of_state_setAlarm         (abs)         00000
__size_of_state_setTime          (abs)         00000
__size_of_state_settingsCycle    (abs)         00000
__size_of_state_soundAlarm       (abs)         00000
__size_of_timeInit               (abs)         00000
__size_of_toggleLED              (abs)         00000
__size_of_txMIDI                 (abs)         00000
__size_of_vsHoldRST              (abs)         00000
__size_of_vsReleaseRST           (abs)         00000
__smallconst                     smallconst    00F00
_alarmFlag                       bssBANK0      000DF
_alarmInit                       text7         03B56
_bcdtod                          text10        0355A
_clickEvent                      text29        03F26
_disableAmplifier                text18        040C0
_dispSetTime                     text33        00F14
_dispTime                        text11        01842
_displayDigit                    text40        03DAE
_displayOFF                      text34        0408A
_dtobcd                          text35        03276
_eighth                          bssCOMRAM     00023
_enableAmplifier                 text41        040C8
_enableLED                       text1         04004
_enableTime                      text8         0407C
_exitAlarmFlag                   bssBANK0      000E1
_genDelayLockStatus              bssBANK0      000E3
_genDelay_ms                     text28        037C6
_half                            bssCOMRAM     00025
_hp_isr                          intcode       00008
_initGeneralTimer                text2         04048
_isAlarmOn                       bssBANK0      000E5
_isColonON                       bssCOMRAM     00027
_lp_isr                          intcodelo     00018
_main                            text0         02608
_numInstruments                  dataBANK0     000A0
_parseDuration                   text24        03D42
_playNote                        text23        03FA6
_playback                        text17        013B6
_quarter                         bssBANK0      000E7
_rotEncInit                      text4         03FE6
_score1                          dataBANK1     00100
_score1Count                     bssCOMRAM     00029
_score1Length                    dataCOMRAM    00038
_score1Repeat                    dataCOMRAM    0003A
_score2                          dataBANK2     00200
_score2Count                     bssCOMRAM     0002B
_score2Length                    dataCOMRAM    0003C
_score2Repeat                    dataCOMRAM    0003E
_setBank                         text45        03FC6
_setTempo                        text44        02FDC
_setTempo$3184                   cstackBANK0   000CE
_setVolume                       text22        03F86
_settingsFlag                    bssBANK0      000EB
_setupForPlayback                text16        039A2
_sevenSegInit                    text3         04020
_showTime                        bssBANK0      000ED
_sixteenth                       bssCOMRAM     0002D
_soundInit                       text5         03F62
_state_setAlarm                  text26        0299E
_state_setTime                   text25        027E6
_state_settingsCycle             text13        01CC8
_state_soundAlarm                text15        03904
_test                            bssBANK0      000EF
_timeInit                        text6         03BD8
_tmp                             bssBANK0      000F1
_toggleLED                       text19        03CD6
_txMIDI                          text46        03E5A
_volume                          dataCOMRAM    00040
_vsHoldRST                       text42        040CC
_vsReleaseRST                    text43        040D0
_whole                           bssCOMRAM     0002F
alarmInit@hour                   cstackBANK0   000AA
alarmInit@min                    cstackBANK0   000AC
alarmInit@pAlarm                 cstackBANK0   000A8
bcdtod@bcd                       cstackCOMRAM  00020
dispSetTime@del                  cstackBANK0   000B7
dispSetTime@dig0                 cstackBANK0   000AF
dispSetTime@dig0_1102            cstackBANK0   000B3
dispSetTime@dig1                 cstackBANK0   000B1
dispSetTime@dig1_1103            cstackBANK0   000B5
dispSetTime@hourMin              cstackBANK0   000AB
dispSetTime@time                 cstackBANK0   000A9
dispTime@del                     cstackBANK0   000B1
dispTime@dig0                    cstackBANK0   000AD
dispTime@dig1                    cstackBANK0   000AF
dispTime@hour                    cstackBANK0   000A9
dispTime@min                     cstackBANK0   000AB
displayDigit@digit               cstackBANK0   000A4
displayDigit@number              cstackBANK0   000A2
dtobcd@bcdConv                   cstackBANK0   000A4
dtobcd@dec                       cstackCOMRAM  00020
dtobcd@i                         cstackBANK0   000A2
end_of_initialization            cinit         038FE
genDelay_ms@delayTime_ms         cstackCOMRAM  00020
genDelay_ms@tmrReg               cstackBANK0   000A6
genDelay_ms@tmrRegH              cstackBANK0   000A5
genDelay_ms@tmrRegL              cstackBANK0   000A4
int_func                         intcode_body  02CD8
intlevel0                        text          00000
intlevel1                        text          00000
intlevel2                        text          00000
intlevel3                        text          00000
main@RTCCAlarm                   cstackBANK1   001DE
main@RTCCRead                    cstackBANK1   001E2
main@RTCCTime                    cstackBANK1   001DA
main@RTCHour                     cstackBANK1   001D4
main@RTCMin                      cstackBANK1   001D6
main@count                       cstackBANK1   001D8
parseDuration@duration           cstackCOMRAM  00020
playNote@channel                 cstackBANK0   000A3
playNote@note                    cstackBANK0   000A4
playback@block                   bssCOMRAM     00031
playback@dur1                    cstackBANK0   000AE
playback@dur2                    cstackBANK0   000B0
playback@grandDuration           cstackBANK0   000AC
playback@note1                   cstackBANK0   000AA
playback@note2                   cstackBANK0   000AB
rotEnc@oldState                  bssCOMRAM     00037
setBank@bank                     cstackBANK0   000A4
setBank@channel                  cstackBANK0   000A3
setTempo@baseTime                cstackBANK0   000CB
setTempo@tempo                   cstackBANK0   000D1
setVolume@channel                cstackBANK0   000A3
setVolume@volume                 cstackBANK0   000A4
sound@scoreIndex                 bssCOMRAM     00033
start                            init          000A2
start_initialization             cinit         03866
state_setAlarm@RTCCSetAlarm      cstackBANK0   000C2
state_setAlarm@counter           cstackBANK0   000C0
state_setAlarm@del               cstackBANK0   000BA
state_setAlarm@hourMin           cstackBANK0   000BE
state_setAlarm@j                 cstackBANK0   000BC
state_setTime@RTCCSetTimeDate    cstackBANK0   000C4
state_setTime@counter            cstackBANK0   000C2
state_setTime@del                cstackBANK0   000BC
state_setTime@hourMin            cstackBANK0   000C0
state_setTime@j                  cstackBANK0   000BE
state_settingsCycle@firstTime    cstackBANK0   000CB
state_settingsCycle@j            cstackBANK0   000D1
state_settingsCycle@selection    cstackBANK0   000D3
state_settingsCycle@selectionChg cstackBANK0   000CD
state_settingsCycle@test         cstackBANK0   000CF
state_soundAlarm@sequence        cstackBANK0   000D6
timeInit@hour                    cstackBANK0   000AC
timeInit@min                     cstackBANK0   000AE
timeInit@pTime                   cstackBANK0   000AA
toggleLED@sequence               cstackCOMRAM  00020
txMIDI@cmd                       cstackCOMRAM  00020
txMIDI@data1                     cstackCOMRAM  00021
txMIDI@data2                     cstackCOMRAM  00022


FUNCTION INFORMATION:

 *************** function _main *****************
 Defined at:
		line 37 in file "main.c"
 Parameters:    Size  Location     Type
  argc            2   54[BANK0 ] int 
  argv            3   56[BANK0 ] PTR PTR unsigned char 
 Auto vars:     Size  Location     Type
  RTCMin          2    2[BANK1 ] unsigned int 
  RTCHour         2    0[BANK1 ] unsigned int 
  RTCCRead        4   14[BANK1 ] struct .
  RTCCAlarm       4   10[BANK1 ] struct .
  RTCCTime        4    6[BANK1 ] struct .
  count           2    4[BANK1 ] unsigned int 
 Return value:  Size  Location     Type
                  2   54[BANK0 ] int 
 Registers used:
		wreg, fsr0l, fsr0h, fsr1l, fsr1h, fsr2l, fsr2h, status,2, status,0, pclat, tosl, structret, tblptrl, tblptrh, tblptru, prodl, prodh, bsr, cstack
 Tracked objects:
		On entry : 
		On exit  : 
		Unchanged: 
 Data sizes:     COMRAM   BANK0   BANK1   BANK2   BANK3   BANK4   BANK5   BANK6   BANK7   BANK8   BANK9  BANK10  BANK11  BANK12  BANK13  BANK14
      Params:         0       5       0       0       0       0       0       0       0       0       0       0       0       0       0       0
      Locals:         0       0      18       0       0       0       0       0       0       0       0       0       0       0       0       0
      Temps:          0       0       0       0       0       0       0       0       0       0       0       0       0       0       0       0
      Totals:         0       5      18       0       0       0       0       0       0       0       0       0       0       0       0       0
Total ram usage:       23 bytes
 Hardware stack levels required when called:    8
 This function calls:
		_enableLED
		_initGeneralTimer
		_sevenSegInit
		_rotEncInit
		_soundInit
		_timeInit
		_alarmInit
		_enableTime
		_genDelay_ms
		_RtccReadTime
		_bcdtod
		_dispTime
		_clickEvent
		_displayOFF
		_REEnableInterrupts
		_state_settingsCycle
		_state_soundAlarm
 This function is called by:
		Startup code after reset
 This function uses a non-reentrant model


 *************** function _enableLED *****************
 Defined at:
		line 40 in file "led.h"
 Parameters:    Size  Location     Type
		None
 Auto vars:     Size  Location     Type
		None
 Return value:  Size  Location     Type
                  2  120[COMRAM] int 
 Registers used:
		None
 Tracked objects:
		On entry : 
		On exit  : 
		Unchanged: 
 Data sizes:     COMRAM   BANK0   BANK1   BANK2   BANK3   BANK4   BANK5   BANK6   BANK7   BANK8   BANK9  BANK10  BANK11  BANK12  BANK13  BANK14
      Params:         0       0       0       0       0       0       0       0       0       0       0       0       0       0       0       0
      Locals:         0       0       0       0       0       0       0       0       0       0       0       0       0       0       0       0
      Temps:          0       0       0       0       0       0       0       0       0       0       0       0       0       0       0       0
      Totals:         0       0       0       0       0       0       0       0       0       0       0       0       0       0       0       0
Total ram usage:        0 bytes
 Hardware stack levels used:    1
 Hardware stack levels required when called:    3
 This function calls:
		Nothing
 This function is called by:
		_main
 This function uses a non-reentrant model


 *************** function _initGeneralTimer *****************
 Defined at:
		line 5 in file "delay.c"
 Parameters:    Size  Location     Type
		None
 Auto vars:     Size  Location     Type
		None
 Return value:  Size  Location     Type
                  2   28[COMRAM] int 
 Registers used:
		None
 Tracked objects:
		On entry : 
		On exit  : 
		Unchanged: 
 Data sizes:     COMRAM   BANK0   BANK1   BANK2   BANK3   BANK4   BANK5   BANK6   BANK7   BANK8   BANK9  BANK10  BANK11  BANK12  BANK13  BANK14
      Params:         0       0       0       0       0       0       0       0       0       0       0       0       0       0       0       0
      Locals:         0       0       0       0       0       0       0       0       0       0       0       0       0       0       0       0
      Temps:          0       0       0       0       0       0       0       0       0       0       0       0       0       0       0       0
      Totals:         0       0       0       0       0       0       0       0       0       0       0       0       0       0       0       0
Total ram usage:        0 bytes
 Hardware stack levels used:    1
 Hardware stack levels required when called:    3
 This function calls:
		Nothing
 This function is called by:
		_main
 This function uses a non-reentrant model


 *************** function _sevenSegInit *****************
 Defined at:
		line 7 in file "sevenSeg.c"
 Parameters:    Size  Location     Type
		None
 Auto vars:     Size  Location     Type
		None
 Return value:  Size  Location     Type
                  2   30[COMRAM] int 
 Registers used:
		wreg, status,2, status,0
 Tracked objects:
		On entry : 
		On exit  : 
		Unchanged: 
 Data sizes:     COMRAM   BANK0   BANK1   BANK2   BANK3   BANK4   BANK5   BANK6   BANK7   BANK8   BANK9  BANK10  BANK11  BANK12  BANK13  BANK14
      Params:         0       0       0       0       0       0       0       0       0       0       0       0       0       0       0       0
      Locals:         0       0       0       0       0       0       0       0       0       0       0       0       0       0       0       0
      Temps:          0       0       0       0       0       0       0       0       0       0       0       0       0       0       0       0
      Totals:         0       0       0       0       0       0       0       0       0       0       0       0       0       0       0       0
Total ram usage:        0 bytes
 Hardware stack levels used:    1
 Hardware stack levels required when called:    3
 This function calls:
		Nothing
 This function is called by:
		_main
 This function uses a non-reentrant model


 *************** function _rotEncInit *****************
 Defined at:
		line 3 in file "rotEnc.c"
 Parameters:    Size  Location     Type
		None
 Auto vars:     Size  Location     Type
		None
 Return value:  Size  Location     Type
                  2   32[COMRAM] int 
 Registers used:
		wreg, status,2
 Tracked objects:
		On entry : 
		On exit  : 
		Unchanged: 
 Data sizes:     COMRAM   BANK0   BANK1   BANK2   BANK3   BANK4   BANK5   BANK6   BANK7   BANK8   BANK9  BANK10  BANK11  BANK12  BANK13  BANK14
      Params:         0       0       0       0       0       0       0       0       0       0       0       0       0       0       0       0
      Locals:         0       0       0       0       0       0       0       0       0       0       0       0       0       0       0       0
      Temps:          0       0       0       0       0       0       0       0       0       0       0       0       0       0       0       0
      Totals:         0       0       0       0       0       0       0       0       0       0       0       0       0       0       0       0
Total ram usage:        0 bytes
 Hardware stack levels used:    1
 Hardware stack levels required when called:    3
 This function calls:
		Nothing
 This function is called by:
		_main
 This function uses a non-reentrant model


 *************** function _soundInit *****************
 Defined at:
		line 6 in file "sound.c"
 Parameters:    Size  Location     Type
		None
 Auto vars:     Size  Location     Type
		None
 Return value:  Size  Location     Type
                  2   34[COMRAM] int 
 Registers used:
		wreg, status,2
 Tracked objects:
		On entry : 
		On exit  : 
		Unchanged: 
 Data sizes:     COMRAM   BANK0   BANK1   BANK2   BANK3   BANK4   BANK5   BANK6   BANK7   BANK8   BANK9  BANK10  BANK11  BANK12  BANK13  BANK14
      Params:         0       0       0       0       0       0       0       0       0       0       0       0       0       0       0       0
      Locals:         0       0       0       0       0       0       0       0       0       0       0       0       0       0       0       0
      Temps:          0       0       0       0       0       0       0       0       0       0       0       0       0       0       0       0
      Totals:         0       0       0       0       0       0       0       0       0       0       0       0       0       0       0       0
Total ram usage:        0 bytes
 Hardware stack levels used:    1
 Hardware stack levels required when called:    3
 This function calls:
		Nothing
 This function is called by:
		_main
 This function uses a non-reentrant model


 *************** function _timeInit *****************
 Defined at:
		line 3 in file "time.c"
 Parameters:    Size  Location     Type
  pTime           2    8[BANK0 ] PTR struct .
		 -> main@RTCCTime(4), 
  hour            2   10[BANK0 ] unsigned int 
  min             2   12[BANK0 ] unsigned int 
 Auto vars:     Size  Location     Type
		None
 Return value:  Size  Location     Type
                  2    8[BANK0 ] int 
 Registers used:
		wreg, fsr2l, fsr2h, status,2, status,0, cstack
 Tracked objects:
		On entry : 
		On exit  : 
		Unchanged: 
 Data sizes:     COMRAM   BANK0   BANK1   BANK2   BANK3   BANK4   BANK5   BANK6   BANK7   BANK8   BANK9  BANK10  BANK11  BANK12  BANK13  BANK14
      Params:         0       6       0       0       0       0       0       0       0       0       0       0       0       0       0       0
      Locals:         0       0       0       0       0       0       0       0       0       0       0       0       0       0       0       0
      Temps:          0       1       0       0       0       0       0       0       0       0       0       0       0       0       0       0
      Totals:         0       7       0       0       0       0       0       0       0       0       0       0       0       0       0       0
Total ram usage:        7 bytes
 Hardware stack levels used:    1
 Hardware stack levels required when called:    5
 This function calls:
		_RtccInitClock
		_RtccWrOn
		_dtobcd
		_RtccWriteTime
 This function is called by:
		_main
 This function uses a non-reentrant model


 *************** function _alarmInit *****************
 Defined at:
		line 19 in file "time.c"
 Parameters:    Size  Location     Type
  pAlarm          2    6[BANK0 ] PTR struct .
		 -> main@RTCCAlarm(4), 
  hour            2    8[BANK0 ] unsigned int 
  min             2   10[BANK0 ] unsigned int 
 Auto vars:     Size  Location     Type
		None
 Return value:  Size  Location     Type
                  2    6[BANK0 ] int 
 Registers used:
		wreg, fsr2l, fsr2h, status,2, status,0, cstack
 Tracked objects:
		On entry : 
		On exit  : 
		Unchanged: 
 Data sizes:     COMRAM   BANK0   BANK1   BANK2   BANK3   BANK4   BANK5   BANK6   BANK7   BANK8   BANK9  BANK10  BANK11  BANK12  BANK13  BANK14
      Params:         0       6       0       0       0       0       0       0       0       0       0       0       0       0       0       0
      Locals:         0       0       0       0       0       0       0       0       0       0       0       0       0       0       0       0
      Temps:          0       2       0       0       0       0       0       0       0       0       0       0       0       0       0       0
      Totals:         0       8       0       0       0       0       0       0       0       0       0       0       0       0       0       0
Total ram usage:        8 bytes
 Hardware stack levels used:    1
 Hardware stack levels required when called:    5
 This function calls:
		_dtobcd
		_RtccSetAlarmRpt
		_RtccWriteAlrmTime
 This function is called by:
		_main
 This function uses a non-reentrant model


 *************** function _enableTime *****************
 Defined at:
		line 33 in file "time.c"
 Parameters:    Size  Location     Type
		None
 Auto vars:     Size  Location     Type
		None
 Return value:  Size  Location     Type
                  2   40[COMRAM] int 
 Registers used:
		None
 Tracked objects:
		On entry : 
		On exit  : 
		Unchanged: 
 Data sizes:     COMRAM   BANK0   BANK1   BANK2   BANK3   BANK4   BANK5   BANK6   BANK7   BANK8   BANK9  BANK10  BANK11  BANK12  BANK13  BANK14
      Params:         0       0       0       0       0       0       0       0       0       0       0       0       0       0       0       0
      Locals:         0       0       0       0       0       0       0       0       0       0       0       0       0       0       0       0
      Temps:          0       0       0       0       0       0       0       0       0       0       0       0       0       0       0       0
      Totals:         0       0       0       0       0       0       0       0       0       0       0       0       0       0       0       0
Total ram usage:        0 bytes
 Hardware stack levels used:    1
 Hardware stack levels required when called:    3
 This function calls:
		Nothing
 This function is called by:
		_main
 This function uses a non-reentrant model


 *************** function _RtccReadTime *****************
 Defined at:
		line 24 in file "plib/rtcc/RtccReadTime.c"
 Parameters:    Size  Location     Type
  pTm             2   31[COMRAM] PTR struct .
		 -> main@RTCCRead(4), 
 Auto vars:     Size  Location     Type
  rTD0            8    8[BANK0 ] struct .
  rTD1            8    0[BANK0 ] struct .
 Return value:  Size  Location     Type
		None               void
 Registers used:
		wreg, fsr2l, fsr2h, status,2, status,0
 Tracked objects:
		On entry : 
		On exit  : 
		Unchanged: 
 Data sizes:     COMRAM   BANK0   BANK1   BANK2   BANK3   BANK4   BANK5   BANK6   BANK7   BANK8   BANK9  BANK10  BANK11  BANK12  BANK13  BANK14
      Params:         2       0       0       0       0       0       0       0       0       0       0       0       0       0       0       0
      Locals:         0      16       0       0       0       0       0       0       0       0       0       0       0       0       0       0
      Temps:          0       0       0       0       0       0       0       0       0       0       0       0       0       0       0       0
      Totals:         2      16       0       0       0       0       0       0       0       0       0       0       0       0       0       0
Total ram usage:       18 bytes
 Hardware stack levels used:    1
 Hardware stack levels required when called:    3
 This function calls:
		Nothing
 This function is called by:
		_main
		_getTime
 This function uses a non-reentrant model


 *************** function _bcdtod *****************
 Defined at:
		line 82 in file "time.c"
 Parameters:    Size  Location     Type
  bcd             1   31[COMRAM] unsigned char 
 Auto vars:     Size  Location     Type
		None
 Return value:  Size  Location     Type
                  2   31[COMRAM] unsigned int 
 Registers used:
		wreg, status,2, status,0
 Tracked objects:
		On entry : 
		On exit  : 
		Unchanged: 
 Data sizes:     COMRAM   BANK0   BANK1   BANK2   BANK3   BANK4   BANK5   BANK6   BANK7   BANK8   BANK9  BANK10  BANK11  BANK12  BANK13  BANK14
      Params:         2       0       0       0       0       0       0       0       0       0       0       0       0       0       0       0
      Locals:         0       0       0       0       0       0       0       0       0       0       0       0       0       0       0       0
      Temps:          0       0       0       0       0       0       0       0       0       0       0       0       0       0       0       0
      Totals:         2       0       0       0       0       0       0       0       0       0       0       0       0       0       0       0
Total ram usage:        2 bytes
 Hardware stack levels used:    1
 Hardware stack levels required when called:    3
 This function calls:
		Nothing
 This function is called by:
		_main
 This function uses a non-reentrant model


 *************** function _dispTime *****************
 Defined at:
		line 22 in file "sevenSeg.c"
 Parameters:    Size  Location     Type
  hour            2    7[BANK0 ] unsigned int 
  min             2    9[BANK0 ] unsigned int 
 Auto vars:     Size  Location     Type
  del             2   15[BANK0 ] int 
  dig1            2   13[BANK0 ] unsigned int 
  dig0            2   11[BANK0 ] unsigned int 
 Return value:  Size  Location     Type
                  2    7[BANK0 ] int 
 Registers used:
		wreg, status,2, status,0, tblptrl, tblptrh, tblptru, cstack
 Tracked objects:
		On entry : 
		On exit  : 
		Unchanged: 
 Data sizes:     COMRAM   BANK0   BANK1   BANK2   BANK3   BANK4   BANK5   BANK6   BANK7   BANK8   BANK9  BANK10  BANK11  BANK12  BANK13  BANK14
      Params:         0       4       0       0       0       0       0       0       0       0       0       0       0       0       0       0
      Locals:         0       6       0       0       0       0       0       0       0       0       0       0       0       0       0       0
      Temps:          0       0       0       0       0       0       0       0       0       0       0       0       0       0       0       0
      Totals:         0      10       0       0       0       0       0       0       0       0       0       0       0       0       0       0
Total ram usage:       10 bytes
 Hardware stack levels used:    1
 Hardware stack levels required when called:    4
 This function calls:
		_displayDigit
		_displayOFF
		___lwmod
		___lwdiv
 This function is called by:
		_main
 This function uses a non-reentrant model


 *************** function _REEnableInterrupts *****************
 Defined at:
		line 56 in file "rotEnc.c"
 Parameters:    Size  Location     Type
		None
 Auto vars:     Size  Location     Type
		None
 Return value:  Size  Location     Type
		None               void
 Registers used:
		None
 Tracked objects:
		On entry : 
		On exit  : 
		Unchanged: 
 Data sizes:     COMRAM   BANK0   BANK1   BANK2   BANK3   BANK4   BANK5   BANK6   BANK7   BANK8   BANK9  BANK10  BANK11  BANK12  BANK13  BANK14
      Params:         0       0       0       0       0       0       0       0       0       0       0       0       0       0       0       0
      Locals:         0       0       0       0       0       0       0       0       0       0       0       0       0       0       0       0
      Temps:          0       0       0       0       0       0       0       0       0       0       0       0       0       0       0       0
      Totals:         0       0       0       0       0       0       0       0       0       0       0       0       0       0       0       0
Total ram usage:        0 bytes
 Hardware stack levels used:    1
 Hardware stack levels required when called:    3
 This function calls:
		Nothing
 This function is called by:
		_main
 This function uses a non-reentrant model


 *************** function _state_settingsCycle *****************
 Defined at:
		line 120 in file "main.c"
 Parameters:    Size  Location     Type
		None
 Auto vars:     Size  Location     Type
  j               2   47[BANK0 ] int 
  selection       2   49[BANK0 ] int 
  test            2   45[BANK0 ] int 
  selectionChg    2   43[BANK0 ] int 
  firstTime       2   41[BANK0 ] int 
 Return value:  Size  Location     Type
                  2   58[COMRAM] int 
 Registers used:
		wreg, fsr0l, fsr0h, fsr1l, fsr1h, fsr2l, fsr2h, status,2, status,0, pclat, tosl, structret, tblptrl, tblptrh, tblptru, prodl, prodh, bsr, cstack
 Tracked objects:
		On entry : 
		On exit  : 
		Unchanged: 
 Data sizes:     COMRAM   BANK0   BANK1   BANK2   BANK3   BANK4   BANK5   BANK6   BANK7   BANK8   BANK9  BANK10  BANK11  BANK12  BANK13  BANK14
      Params:         0       0       0       0       0       0       0       0       0       0       0       0       0       0       0       0
      Locals:         0      10       0       0       0       0       0       0       0       0       0       0       0       0       0       0
      Temps:          0       3       0       0       0       0       0       0       0       0       0       0       0       0       0       0
      Totals:         0      13       0       0       0       0       0       0       0       0       0       0       0       0       0       0
Total ram usage:       13 bytes
 Hardware stack levels used:    1
 Hardware stack levels required when called:    6
 This function calls:
		_clickEvent
		_genDelay_ms
		_state_setTime
		_state_setAlarm
		_ALL_IND_LED_OFF
		_REDisableInterrupts
		_ALL_ALM_LED_ON
		_ALL_ALM_LED_OFF
		_REReadEncoder
		_RERelease
 This function is called by:
		_main
 This function uses a non-reentrant model


 *************** function _ALL_IND_LED_OFF *****************
 Defined at:
		line 73 in file "led.h"
 Parameters:    Size  Location     Type
		None
 Auto vars:     Size  Location     Type
		None
[...]
      Temps:          0       1       0       0       0       0       0       0       0       0       0       0       0       0       0       0
      Totals:         3       1       0       0       0       0       0       0       0       0       0       0       0       0       0       0
Total ram usage:        4 bytes
 Hardware stack levels used:    1
 Hardware stack levels required when called:    3
 This function calls:
		Nothing
 This function is called by:
		_setBank
		_setVolume
		_playNote
		_setInstrumet
 This function uses a non-reentrant model


 *************** function ___ftdiv *****************
 Defined at:
		line 50 in file "/Applications/microchip/xc8/v1.12/sources/ftdiv.c"
 Parameters:    Size  Location     Type
  f1              3    5[BANK0 ] float 
  f2              3    8[BANK0 ] float 
 Auto vars:     Size  Location     Type
  f3              3   17[BANK0 ] float 
  sign            1   21[BANK0 ] unsigned char 
  exp             1   20[BANK0 ] unsigned char 
  cntr            1   16[BANK0 ] unsigned char 
 Return value:  Size  Location     Type
                  3    5[BANK0 ] float 
 Registers used:
		wreg, status,2, status,0, cstack
 Tracked objects:
		On entry : 
		On exit  : 
		Unchanged: 
 Data sizes:     COMRAM   BANK0   BANK1   BANK2   BANK3   BANK4   BANK5   BANK6   BANK7   BANK8   BANK9  BANK10  BANK11  BANK12  BANK13  BANK14
      Params:         0       6       0       0       0       0       0       0       0       0       0       0       0       0       0       0
      Locals:         0       6       0       0       0       0       0       0       0       0       0       0       0       0       0       0
      Temps:          0       5       0       0       0       0       0       0       0       0       0       0       0       0       0       0
      Totals:         0      17       0       0       0       0       0       0       0       0       0       0       0       0       0       0
Total ram usage:       17 bytes
 Hardware stack levels used:    1
 Hardware stack levels required when called:    4
 This function calls:
		___ftpack
 This function is called by:
		_setTempo
 This function uses a non-reentrant model


 *************** function ___ftge *****************
 Defined at:
		line 5 in file "/Applications/microchip/xc8/v1.12/sources/ftge.c"
 Parameters:    Size  Location     Type
  ff1             3    0[BANK0 ] float 
  ff2             3    3[BANK0 ] float 
 Auto vars:     Size  Location     Type
		None
 Return value:  Size  Location     Type
		None               void
 Registers used:
		wreg, status,2, status,0
 Tracked objects:
		On entry : 
		On exit  : 
		Unchanged: 
 Data sizes:     COMRAM   BANK0   BANK1   BANK2   BANK3   BANK4   BANK5   BANK6   BANK7   BANK8   BANK9  BANK10  BANK11  BANK12  BANK13  BANK14
      Params:         0       6       0       0       0       0       0       0       0       0       0       0       0       0       0       0
      Locals:         0       0       0       0       0       0       0       0       0       0       0       0       0       0       0       0
      Temps:          3       0       0       0       0       0       0       0       0       0       0       0       0       0       0       0
      Totals:         3       6       0       0       0       0       0       0       0       0       0       0       0       0       0       0
Total ram usage:        9 bytes
 Hardware stack levels used:    1
 Hardware stack levels required when called:    3
 This function calls:
		Nothing
 This function is called by:
		_setTempo
 This function uses a non-reentrant model


 *************** function ___ftmul *****************
 Defined at:
		line 52 in file "/Applications/microchip/xc8/v1.12/sources/ftmul.c"
 Parameters:    Size  Location     Type
  f1              3   22[BANK0 ] float 
  f2              3   25[BANK0 ] float 
 Auto vars:     Size  Location     Type
  f3_as_produc    3   34[BANK0 ] unsigned um
  sign            1   38[BANK0 ] unsigned char 
  cntr            1   37[BANK0 ] unsigned char 
  exp             1   33[BANK0 ] unsigned char 
 Return value:  Size  Location     Type
                  3   22[BANK0 ] float 
 Registers used:
		wreg, status,2, status,0, cstack
 Tracked objects:
		On entry : 
		On exit  : 
		Unchanged: 
 Data sizes:     COMRAM   BANK0   BANK1   BANK2   BANK3   BANK4   BANK5   BANK6   BANK7   BANK8   BANK9  BANK10  BANK11  BANK12  BANK13  BANK14
      Params:         0       6       0       0       0       0       0       0       0       0       0       0       0       0       0       0
      Locals:         0       6       0       0       0       0       0       0       0       0       0       0       0       0       0       0
      Temps:          0       5       0       0       0       0       0       0       0       0       0       0       0       0       0       0
      Totals:         0      17       0       0       0       0       0       0       0       0       0       0       0       0       0       0
Total ram usage:       17 bytes
 Hardware stack levels used:    1
 Hardware stack levels required when called:    4
 This function calls:
		___ftpack
 This function is called by:
		_setTempo
 This function uses a non-reentrant model


 *************** function ___ftpack *****************
 Defined at:
		line 63 in file "/Applications/microchip/xc8/v1.12/sources/float.c"
 Parameters:    Size  Location     Type
  arg             3    0[BANK0 ] unsigned um
  exp             1    3[BANK0 ] unsigned char 
  sign            1    4[BANK0 ] unsigned char 
 Auto vars:     Size  Location     Type
		None
 Return value:  Size  Location     Type
                  3    0[BANK0 ] float 
 Registers used:
		wreg, status,2, status,0
 Tracked objects:
		On entry : 
		On exit  : 
		Unchanged: 
 Data sizes:     COMRAM   BANK0   BANK1   BANK2   BANK3   BANK4   BANK5   BANK6   BANK7   BANK8   BANK9  BANK10  BANK11  BANK12  BANK13  BANK14
      Params:         0       5       0       0       0       0       0       0       0       0       0       0       0       0       0       0
      Locals:         0       0       0       0       0       0       0       0       0       0       0       0       0       0       0       0
      Temps:          3       0       0       0       0       0       0       0       0       0       0       0       0       0       0       0
      Totals:         3       5       0       0       0       0       0       0       0       0       0       0       0       0       0       0
Total ram usage:        8 bytes
 Hardware stack levels used:    1
 Hardware stack levels required when called:    3
 This function calls:
		Nothing
 This function is called by:
		___ftdiv
		___ftmul
 This function uses a non-reentrant model


 *************** function ___fttol *****************
 Defined at:
		line 45 in file "/Applications/microchip/xc8/v1.12/sources/fttol.c"
 Parameters:    Size  Location     Type
  f1              3    0[BANK0 ] float 
 Auto vars:     Size  Location     Type
  lval            4   10[BANK0 ] unsigned long 
  exp1            1   14[BANK0 ] unsigned char 
  sign1           1    9[BANK0 ] unsigned char 
 Return value:  Size  Location     Type
                  4    0[BANK0 ] long 
 Registers used:
		wreg, status,2, status,0
 Tracked objects:
		On entry : 
		On exit  : 
		Unchanged: 
 Data sizes:     COMRAM   BANK0   BANK1   BANK2   BANK3   BANK4   BANK5   BANK6   BANK7   BANK8   BANK9  BANK10  BANK11  BANK12  BANK13  BANK14
      Params:         0       4       0       0       0       0       0       0       0       0       0       0       0       0       0       0
      Locals:         0       6       0       0       0       0       0       0       0       0       0       0       0       0       0       0
      Temps:          0       5       0       0       0       0       0       0       0       0       0       0       0       0       0       0
      Totals:         0      15       0       0       0       0       0       0       0       0       0       0       0       0       0       0
Total ram usage:       15 bytes
 Hardware stack levels used:    1
 Hardware stack levels required when called:    3
 This function calls:
		Nothing
 This function is called by:
		_setTempo
 This function uses a non-reentrant model


 *************** function ___lwdiv *****************
 Defined at:
		line 10 in file "/Applications/microchip/xc8/v1.12/sources/lwdiv.c"
 Parameters:    Size  Location     Type
  dividend        2    0[BANK0 ] unsigned int 
  divisor         2    2[BANK0 ] unsigned int 
 Auto vars:     Size  Location     Type
  quotient        2    5[BANK0 ] unsigned int 
  counter         1    4[BANK0 ] unsigned char 
 Return value:  Size  Location     Type
                  2    0[BANK0 ] unsigned int 
 Registers used:
		wreg, status,2, status,0
 Tracked objects:
		On entry : 
		On exit  : 
		Unchanged: 
 Data sizes:     COMRAM   BANK0   BANK1   BANK2   BANK3   BANK4   BANK5   BANK6   BANK7   BANK8   BANK9  BANK10  BANK11  BANK12  BANK13  BANK14
      Params:         0       4       0       0       0       0       0       0       0       0       0       0       0       0       0       0
      Locals:         0       3       0       0       0       0       0       0       0       0       0       0       0       0       0       0
      Temps:          1       0       0       0       0       0       0       0       0       0       0       0       0       0       0       0
      Totals:         1       7       0       0       0       0       0       0       0       0       0       0       0       0       0       0
Total ram usage:        8 bytes
 Hardware stack levels used:    1
 Hardware stack levels required when called:    3
 This function calls:
		Nothing
 This function is called by:
		_dispTime
		_dispSetTime
		_displayNum
 This function uses a non-reentrant model


 *************** function ___lwmod *****************
 Defined at:
		line 10 in file "/Applications/microchip/xc8/v1.12/sources/lwmod.c"
 Parameters:    Size  Location     Type
  dividend        2    0[BANK0 ] unsigned int 
  divisor         2    2[BANK0 ] unsigned int 
 Auto vars:     Size  Location     Type
  counter         1   32[COMRAM] unsigned char 
 Return value:  Size  Location     Type
                  2    0[BANK0 ] unsigned int 
 Registers used:
		wreg, status,2, status,0
 Tracked objects:
		On entry : 
		On exit  : 
		Unchanged: 
 Data sizes:     COMRAM   BANK0   BANK1   BANK2   BANK3   BANK4   BANK5   BANK6   BANK7   BANK8   BANK9  BANK10  BANK11  BANK12  BANK13  BANK14
      Params:         0       4       0       0       0       0       0       0       0       0       0       0       0       0       0       0
      Locals:         1       0       0       0       0       0       0       0       0       0       0       0       0       0       0       0
      Temps:          1       0       0       0       0       0       0       0       0       0       0       0       0       0       0       0
      Totals:         2       4       0       0       0       0       0       0       0       0       0       0       0       0       0       0
Total ram usage:        6 bytes
 Hardware stack levels used:    1
 Hardware stack levels required when called:    3
 This function calls:
		Nothing
 This function is called by:
		_dispTime
		_dispSetTime
		_displayNum
 This function uses a non-reentrant model


 *************** function _lp_isr *****************
 Defined at:
		line 421 in file "main.c"
 Parameters:    Size  Location     Type
		None
 Auto vars:     Size  Location     Type
		None
 Return value:  Size  Location     Type
		None               void
 Registers used:
		None
 Tracked objects:
		On entry : 
		On exit  : 
		Unchanged: 
 Data sizes:     COMRAM   BANK0   BANK1   BANK2   BANK3   BANK4   BANK5   BANK6   BANK7   BANK8   BANK9  BANK10  BANK11  BANK12  BANK13  BANK14
      Params:         0       0       0       0       0       0       0       0       0       0       0       0       0       0       0       0
      Locals:         0       0       0       0       0       0       0       0       0       0       0       0       0       0       0       0
      Temps:         17       0       0       0       0       0       0       0       0       0       0       0       0       0       0       0
      Totals:        17       0       0       0       0       0       0       0       0       0       0       0       0       0       0       0
Total ram usage:       17 bytes
 Hardware stack levels used:    1
 Hardware stack levels required when called:    2
 This function calls:
		Nothing
 This function is called by:
		Interrupt level 1
 This function uses a non-reentrant model


 *************** function _hp_isr *****************
 Defined at:
		line 352 in file "main.c"
 Parameters:    Size  Location     Type
		None
 Auto vars:     Size  Location     Type
		None
 Return value:  Size  Location     Type
		None               void
 Registers used:
		wreg, status,2, status,0, cstack
 Tracked objects:
		On entry : 
		On exit  : 
		Unchanged: 
 Data sizes:     COMRAM   BANK0   BANK1   BANK2   BANK3   BANK4   BANK5   BANK6   BANK7   BANK8   BANK9  BANK10  BANK11  BANK12  BANK13  BANK14
      Params:         0       0       0       0       0       0       0       0       0       0       0       0       0       0       0       0
      Locals:         0       0       0       0       0       0       0       0       0       0       0       0       0       0       0       0
      Temps:         14       0       0       0       0       0       0       0       0       0       0       0       0       0       0       0
      Totals:        14       0       0       0       0       0       0       0       0       0       0       0       0       0       0       0
Total ram usage:       14 bytes
 Hardware stack levels used:    1
 Hardware stack levels required when called:    1
 This function calls:
		_RELockout
 This function is called by:
		Interrupt level 2
 This function uses a non-reentrant model


 *************** function _RELockout *****************
 Defined at:
		line 69 in file "rotEnc.c"
 Parameters:    Size  Location     Type
		None
 Auto vars:     Size  Location     Type
		None
 Return value:  Size  Location     Type
		None               void
 Registers used:
		wreg, status,2
 Tracked objects:
		On entry : 
		On exit  : 
		Unchanged: 
 Data sizes:     COMRAM   BANK0   BANK1   BANK2   BANK3   BANK4   BANK5   BANK6   BANK7   BANK8   BANK9  BANK10  BANK11  BANK12  BANK13  BANK14
      Params:         0       0       0       0       0       0       0       0       0       0       0       0       0       0       0       0
      Locals:         0       0       0       0       0       0       0       0       0       0       0       0       0       0       0       0
      Temps:          0       0       0       0       0       0       0       0       0       0       0       0       0       0       0       0
      Totals:         0       0       0       0       0       0       0       0       0       0       0       0       0       0       0       0
Total ram usage:        0 bytes
 Hardware stack levels used:    1
 This function calls:
		Nothing
 This function is called by:
		_hp_isr
 This function uses a non-reentrant model



MODULE INFORMATION

Module		Function		Class		Link	Load	Size
time.c
		_bcdtod        		CODE           	355A	0000	220
		_enableTime    		CODE           	407C	0000	14
		_dtobcd        		CODE           	3276	0000	272
		_timeInit      		CODE           	3BD8	0000	128
		_alarmInit     		CODE           	3B56	0000	130

time.c estimated size: 764

plib/rtcc/RtccReadTime.c
		_RtccReadTime  		CODE           	3ACC	0000	138

plib/rtcc/RtccReadTime.c estimated size: 138

/Applications/microchip/xc8/v1.12/sources/ftdiv.c
		___ftdiv       		CODE           	222E	0000	502

/Applications/microchip/xc8/v1.12/sources/ftdiv.c estimated size: 502

plib/rtcc/RtccSetAlarmRpt.c
		_RtccSetAlarmRp		CODE           	3C58	0000	126

plib/rtcc/RtccSetAlarmRpt.c estimated size: 126

shared
		_SEGDIGARRAY   		SMALLCONST     	0F0A	0000	4
		__initializatio		CODE           	3866	0000	152
		_DELAYTIME     		SMALLCONST     	0F0E	0000	2
		_MAX_SELECTION 		SMALLCONST     	0F10	0000	2
		_SEGSINKARRAY  		SMALLCONST     	0F00	0000	10

shared estimated size: 170

led.h
		_ALL_ALM_LED_ON		CODE           	40AA	0000	8
		_ALL_IND_LED_OF		CODE           	4096	0000	10
		_ALL_ALM_LED_OF		CODE           	40B2	0000	8
		_toggleLED     		CODE           	3CD6	0000	108
		_enableLED     		CODE           	4004	0000	28

led.h estimated size: 162

/Applications/microchip/xc8/v1.12/sources/ftmul.c
		___ftmul       		CODE           	2004	0000	554

/Applications/microchip/xc8/v1.12/sources/ftmul.c estimated size: 554

/Applications/microchip/xc8/v1.12/sources/fttol.c
		___fttol       		CODE           	2424	0000	484

/Applications/microchip/xc8/v1.12/sources/fttol.c estimated size: 484

sound.c
		_vsReleaseRST  		CODE           	40D0	0000	4
		_soundInit     		CODE           	3F62	0000	36
		_setBank       		CODE           	3FC6	0000	32
		_txMIDI        		CODE           	3E5A	0000	74
		_disableAmplifi		CODE           	40C0	0000	4
		_setupForPlayba		CODE           	39A2	0000	154
		_playback      		CODE           	13B6	0000	1164
		_parseDuration 		CODE           	3D42	0000	108
		_playNote      		CODE           	3FA6	0000	32
		_setVolume     		CODE           	3F86	0000	32
		_setTempo      		CODE           	2FDC	0000	366
		_enableAmplifie		CODE           	40C8	0000	4
		_vsHoldRST     		CODE           	40CC	0000	4

sound.c estimated size: 2014

plib/rtcc/RtccWriteAlrmTime.c
		_RtccWriteAlrmT		CODE           	314A	0000	300

plib/rtcc/RtccWriteAlrmTime.c estimated size: 300

main.c
		_state_setTime 		CODE           	27E6	0000	440
		_state_soundAla		CODE           	3904	0000	158
		_main          		CODE           	2608	0000	478
		_state_setAlarm		CODE           	299E	0000	414
		_hp_isr        		CODE           	0008	0000	11872
		_lp_isr        		CODE           	0018	0000	138
		_state_settings		CODE           	1CC8	0000	828

main.c estimated size: 14328

/Applications/microchip/xc8/v1.12/sources/ftge.c
		___ftge        		CODE           	3386	0000	248

/Applications/microchip/xc8/v1.12/sources/ftge.c estimated size: 248

rotEnc.c
		_REReadEncoder 		CODE           	3E10	0000	74
		_RELockout     		CODE           	406C	0000	16
		_REEnableInterr		CODE           	40BA	0000	6
		_RERelease     		CODE           	405A	0000	18
		_rotEncInit    		CODE           	3FE6	0000	30
		_clickEvent    		CODE           	3F26	0000	60
		_REDisableInter		CODE           	40C4	0000	4

rotEnc.c estimated size: 208

plib/rtcc/RtccWrOn.c
		_RtccWrOn      		CODE           	4034	0000	20

plib/rtcc/RtccWrOn.c estimated size: 20

sevenSeg.c
		_displayOFF    		CODE           	408A	0000	12
		_displayDigit  		CODE           	3DAE	0000	98
		_sevenSegInit  		CODE           	4020	0000	20
		_dispTime      		CODE           	1842	0000	1158
		_dispSetTime   		CODE           	0F14	0000	1186

sevenSeg.c estimated size: 2474

/Applications/microchip/xc8/v1.12/sources/lwmod.c
		___lwmod       		CODE           	3A3C	0000	144

/Applications/microchip/xc8/v1.12/sources/lwmod.c estimated size: 144

delay.c
		_genDelay_ms   		CODE           	37C6	0000	160
		_initGeneralTim		CODE           	4048	0000	18

delay.c estimated size: 178

/Applications/microchip/xc8/v1.12/sources/lwdiv.c
		___lwdiv       		CODE           	370A	0000	188

/Applications/microchip/xc8/v1.12/sources/lwdiv.c estimated size: 188

/Applications/microchip/xc8/v1.12/sources/float.c
		___ftpack      		CODE           	2E68	0000	372

/Applications/microchip/xc8/v1.12/sources/float.c estimated size: 372

plib/rtcc/RtccWriteTime.c
		_RtccWriteTime 		CODE           	2B3C	0000	412

plib/rtcc/RtccWriteTime.c estimated size: 412

plib/rtcc/RTCCInitClock.c
		_RtccInitClock 		CODE           	3EE6	0000	64

plib/rtcc/RTCCInitClock.c estimated size: 64

