Microchip MPLAB XC8 Compiler V1.12 ()

Linker command line:

--edf=/Applications/microchip/xc8/v1.12/dat/en_msgs.txt -cs \
  -h+dist/default/production/nyanClock.X.production.sym -z -Q18F27J13 \
  -ol.obj -Mdist/default/production/nyanClock.X.production.map -E1 -ver=XC8 \
  -ACODE=00h-01FFF7h -ACONST=00h-01FFF7h \
  -ASMALLCONST=0F00h-0FFFhx496,01FF00h-01FFF7h \
  -AMEDIUMCONST=0F00h-0FFFFh,010F00h-01FFF7h -ACOMRAM=01h-05Fh \
  -AABS1=00h-0EAFh -ABIGRAM=01h-0EAFh \
  -ARAM=060h-0FFh,0100h-01FFhx13,0E00h-0EAFh -ABANK0=060h-0FFh \
  -ABANK1=0100h-01FFh -ABANK2=0200h-02FFh -ABANK3=0300h-03FFh \
  -ABANK4=0400h-04FFh -ABANK5=0500h-05FFh -ABANK6=0600h-06FFh \
  -ABANK7=0700h-07FFh -ABANK8=0800h-08FFh -ABANK9=0900h-09FFh \
  -ABANK10=0A00h-0AFFh -ABANK11=0B00h-0BFFh -ABANK12=0C00h-0CFFh \
  -ABANK13=0D00h-0DFFh -ABANK14=0E00h-0EAFh \
  -ASFR=0EB0h-0EFFh,0F00h-0F5Fh,0F60h-0FFFh \
  -preset_vec=00h,intcode,intcodelo,powerup,init,end_init -pramtop=0F00h \
  -psmallconst=SMALLCONST -pmediumconst=MEDIUMCONST -pconst=CONST \
  -AFARRAM=00h-00h -ACONFIG=01FFF8h-01FFFFh -pconfig=CONFIG \
  -pjflash_buffer=01F800h \
  -prdata=COMRAM,nvrram=COMRAM,nvbit=COMRAM,rbss=COMRAM,rbit=COMRAM \
  -pfarbss=FARRAM,fardata=FARRAM \
  -pintsave_regs=BIGRAM,bigbss=BIGRAM,bigdata=BIGRAM -pbss=RAM \
  -pidata=CODE,irdata=CODE,ibigdata=CODE,ifardata=CODE /tmp/cgtUjsbFT.obj \
  dist/default/production/nyanClock.X.production.obj 

Object code version is 3.10

Machine type is 18F27J13

Call graph: (short form)




                Name                               Link     Load   Length Selector   Space Scale
/tmp/cgtUjsbFT.obj
                end_init                              0        0        4        0       0
                config                            1FFF8    1FFF8        8    1FFF8       0
dist/default/production/nyanClock.X.production.obj
                smallconst                          F00      F00       12      780       0
                text18                             1B38     1B38       5C      789       0
                text17                             1ACC     1ACC       6C      789       0
                text16                             1D04     1D04       2E      789       0
                text15                             1C3C     1C3C       4C      789       0
                text14                             11BA     11BA      268      789       0
                text13                             1A4E     1A4E       7E      789       0
                text12                             1D86     1D86       14      789       0
                text11                             1670     1670      160      789       0
                text10                             1980     1980       CE      789       0
                text9                              1C88     1C88       40      789       0
                text8                              1B94     1B94       58      789       0
                text7                              1CC8     1CC8       3C      789       0
                text6                               F12      F12      2A8      789       0
                text5                              1D9A     1D9A        A      789       0
                text4                              1422     1422      24E      789       0
                text3                              17D0     17D0       DC      789       0
                text2                              1DA4     1DA4        8      789       0
                text1                              1D72     1D72       14      789       0
                text0                              18AC     18AC       D4      789       0
                cstackCOMRAM                          1        1       37        1       1
                dataBANK0                            60       60       20       60       1
                dataCOMRAM                           38       38       20        1       1
                bssCOMRAM                            58       58        5        1       1
                cinit                              1BEC     1BEC       50      789       0
                idataCOMRAM                        1D52     1D52       20      789       0
                idataBANK0                         1D32     1D32       20      789       0

TOTAL           Name                               Link     Load   Length     Space
        CLASS   CODE           
                end_init                              0        0        4         0
                text18                             1B38     1B38       5C         0
                text17                             1ACC     1ACC       6C         0
                text16                             1D04     1D04       2E         0
                text15                             1C3C     1C3C       4C         0
                text14                             11BA     11BA      268         0
                text13                             1A4E     1A4E       7E         0
                text12                             1D86     1D86       14         0
                text11                             1670     1670      160         0
                text10                             1980     1980       CE         0
                text9                              1C88     1C88       40         0
                text8                              1B94     1B94       58         0
                text7                              1CC8     1CC8       3C         0
                text6                               F12      F12      2A8         0
                text5                              1D9A     1D9A        A         0
                text4                              1422     1422      24E         0
                text3                              17D0     17D0       DC         0
                text2                              1DA4     1DA4        8         0
                text1                              1D72     1D72       14         0
                text0                              18AC     18AC       D4         0
                cinit                              1BEC     1BEC       50         0
                idataCOMRAM                        1D52     1D52       20         0
                idataBANK0                         1D32     1D32       20         0

        CLASS   CONST          

        CLASS   SMALLCONST     
                smallconst                          F00      F00       12         0

        CLASS   MEDIUMCONST    

        CLASS   COMRAM         
                cstackCOMRAM                          1        1       37         1
                dataCOMRAM                           38       38       20         1
                bssCOMRAM                            58       58        5         1

        CLASS   ABS1           

        CLASS   BIGRAM         

        CLASS   RAM            

        CLASS   BANK0          
                dataBANK0                            60       60       20         1

        CLASS   BANK1          

        CLASS   BANK2          

        CLASS   BANK3          

        CLASS   BANK4          

        CLASS   BANK5          

        CLASS   BANK6          

        CLASS   BANK7          

        CLASS   BANK8          

        CLASS   BANK9          

        CLASS   BANK10         

        CLASS   BANK11         

        CLASS   BANK12         

        CLASS   BANK13         

        CLASS   BANK14         

        CLASS   SFR            

        CLASS   FARRAM         

        CLASS   CONFIG         
                config                            1FFF8    1FFF8        8         0

        CLASS   IDLOC          



SEGMENTS        Name                           Load    Length   Top    Selector   Space  Class

                reset_vec                      000000  000004  000004         0       0  CODE    
                cstackCOMRAM                   000001  00005C  00005D         1       1  COMRAM  
                dataBANK0                      000060  000020  000080        60       1  BANK0   
                smallconst                     000F00  000012  000F12       780       0  SMALLCON
                text6                          000F12  000E9A  001DAC       789       0  CODE    
                config                         01FFF8  000008  020000     1FFF8       0  CONFIG  


UNUSED ADDRESS RANGES

        Name                Unused          Largest block    Delta
        BANK0            00080-000FF              80
        BANK1            00100-001FF             100
        BANK10           00A00-00AFF             100
        BANK11           00B00-00BFF             100
        BANK12           00C00-00CFF             100
        BANK13           00D00-00DFF             100
        BANK14           00E00-00EAF              B0
        BANK2            00200-002FF             100
        BANK3            00300-003FF             100
        BANK4            00400-004FF             100
        BANK5            00500-005FF             100
        BANK6            00600-006FF             100
        BANK7            00700-007FF             100
        BANK8            00800-008FF             100
        BANK9            00900-009FF             100
        BIGRAM           0005D-0005F               3
                         00080-00EAF             E30
        CODE             00004-00EFF             EFC
                         01DAC-1FFF7           1E24C
        COMRAM           0005D-0005F               3
        CONST            00004-00EFF             EFC
                         01DAC-1FFF7           1E24C
        MEDIUMCONST      01DAC-0FFFF            E254
                         10F00-1FFF7            F0F8
        RAM              00080-00EAF             100
        SFR              00EB0-00FFF              60
        SMALLCONST       01DAC-1FFF7             100

                                  Symbol Table

?_RtccReadTime             cstackCOMRAM  00001
?_RtccWriteTime            cstackCOMRAM  00001
?___lwdiv                  cstackCOMRAM  00001
?___lwmod                  cstackCOMRAM  00001
?_bcdtod                   cstackCOMRAM  00001
?_clickEvent               cstackCOMRAM  00001
?_delay                    cstackCOMRAM  00001
?_dispSetTime              cstackCOMRAM  00009
?_dispTime                 cstackCOMRAM  00009
?_displayDigit             cstackCOMRAM  00001
?_dtobcd                   cstackCOMRAM  00001
?_readEnc                  cstackCOMRAM  00001
RtccReadTime@pTm           cstackCOMRAM  00001
RtccReadTime@rTD0          cstackCOMRAM  0000B
RtccReadTime@rTD1          cstackCOMRAM  00003
RtccWriteTime@di           cstackCOMRAM  00003
RtccWriteTime@pTm          cstackCOMRAM  00001
RtccWriteTime@tempHourWDay cstackCOMRAM  0000A
RtccWriteTime@tempMinSec   cstackCOMRAM  00008
RtccWriteTime@wasAlrm      cstackCOMRAM  00006
RtccWriteTime@wasOn        cstackCOMRAM  00005
RtccWriteTime@wasWrEn      cstackCOMRAM  00007
_ALRMCFGbits               (abs)         00F47
_DELAYTIME                 smallconst    00F0E
_EECON2                    (abs)         00FA7
_INTCONbits                (abs)         00FF2
_OSCCONbits                (abs)         00FD3
_PCTemp                    bssCOMRAM     0005A
_PORTA                     (abs)         00F80
_PORTB                     (abs)         00F81
_PORTBbits                 (abs)         00F81
_PORTC                     (abs)         00F82
_PORTCbits                 (abs)         00F82
_RTCCAL                    (abs)         00F3E
_RTCCFG                    (abs)         00F3F
_RTCCFGbits                (abs)         00F3F
_RTCVALH                   (abs)         00F3B
_RTCVALL                   (abs)         00F3A
_RtccInitClock             text9         01C88
_RtccReadTime              text13        01A4E
_RtccWrOn                  text12        01D86
_RtccWriteTime             text11        01670
_SEGDIGARRAY               smallconst    00F0A
_SEGSINKARRAY              smallconst    00F00
_T1CONbits                 (abs)         00FCD
_TRISA                     (abs)         00F92
_TRISB                     (abs)         00F93
_TRISC                     (abs)         00F94
__CFG_OSC$INTOSC           (abs)         00000
__CFG_RTCOSC$T1OSCREF      (abs)         00000
__CFG_WDTEN$OFF            (abs)         00000
__CFG_XINST$OFF            (abs)         00000
__HRAM                     (abs)         00000
__Habs1                    abs1          00000
__Hbank0                   bank0         00000
__Hbank1                   bank1         00000
__Hbank10                  bank10        00000
__Hbank11                  bank11        00000
__Hbank12                  bank12        00000
__Hbank13                  bank13        00000
__Hbank14                  bank14        00000
__Hbank2                   bank2         00000
__Hbank3                   bank3         00000
__Hbank4                   bank4         00000
__Hbank5                   bank5         00000
__Hbank6                   bank6         00000
__Hbank7                   bank7         00000
__Hbank8                   bank8         00000
__Hbank9                   bank9         00000
__Hbigbss                  bigbss        00000
__Hbigdata                 bigdata       00000
__Hbigram                  bigram        00000
__Hbss                     bss           00000
__HbssCOMRAM               bssCOMRAM     00000
__Hcinit                   cinit         00000
__Hclrtext                 clrtext       00000
__Hcomram                  comram        00000
__Hconfig                  config        20000
__Hconst                   const         00000
__HcstackCOMRAM            cstackCOMRAM  00000
__Hdata                    data          00000
__HdataBANK0               dataBANK0     00000
__HdataCOMRAM              dataCOMRAM    00000
__Hend_init                end_init      00004
__Hfarbss                  farbss        00000
__Hfardata                 fardata       00000
__Hibigdata                ibigdata      00000
__Hidata                   idata         00000
__HidataBANK0              idataBANK0    00000
__HidataCOMRAM             idataCOMRAM   00000
__Hidloc                   idloc         00000
__Hifardata                ifardata      00000
__Hinit                    init          00000
__Hintcode                 intcode       00000
__Hintcode_body            intcode_body  00000
__Hintcodelo               intcodelo     00000
__Hintentry                intentry      00000
__Hintret                  intret        00000
__Hintsave_regs            intsave_regs  00000
__Hirdata                  irdata        00000
__Hjflash_buffer           jflash_buffer 1F800
__Hmediumconst             mediumconst   00000
__Hnvbit                   nvbit         00000
__Hnvrram                  nvrram        00000
__Hparam                   rparam        00000
__Hpowerup                 powerup       00000
__Hram                     ram           00000
__Hramtop                  ramtop        00F00
__Hrbit                    rbit          00000
__Hrbss                    rbss          00000
__Hrdata                   rdata         00000
__Hreset_vec               reset_vec     00000
__Hrparam                  rparam        00000
__Hsfr                     sfr           00000
__Hsmallconst              smallconst    00F12
__Hstruct                  struct        00000
__Htemp                    temp          00000
__Htext                    text          00000
__Htext0                   text0         00000
__Htext1                   text1         00000
__Htext10                  text10        00000
__Htext11                  text11        00000
__Htext12                  text12        00000
__Htext13                  text13        00000
__Htext14                  text14        00000
__Htext15                  text15        00000
__Htext16                  text16        00000
__Htext17                  text17        00000
__Htext18                  text18        00000
__Htext2                   text2         00000
__Htext3                   text3         00000
__Htext4                   text4         00000
__Htext5                   text5         00000
__Htext6                   text6         00000
__Htext7                   text7         00000
__Htext8                   text8         00000
__Htext9                   text9         00000
__LRAM                     (abs)         00001
__Labs1                    abs1          00000
__Lbank0                   bank0         00000
__Lbank1                   bank1         00000
__Lbank10                  bank10        00000
__Lbank11                  bank11        00000
__Lbank12                  bank12        00000
__Lbank13                  bank13        00000
__Lbank14                  bank14        00000
__Lbank2                   bank2         00000
__Lbank3                   bank3         00000
__Lbank4                   bank4         00000
__Lbank5                   bank5         00000
__Lbank6                   bank6         00000
__Lbank7                   bank7         00000
__Lbank8                   bank8         00000
__Lbank9                   bank9         00000
__Lbigbss                  bigbss        00000
__Lbigdata                 bigdata       00000
__Lbigram                  bigram        00000
__Lbss                     bss           00000
__LbssCOMRAM               bssCOMRAM     00000
__Lcinit                   cinit         00000
__Lclrtext                 clrtext       00000
__Lcomram                  comram        00000
__Lconfig                  config        1FFF8
__Lconst                   const         00000
__LcstackCOMRAM            cstackCOMRAM  00000
__Ldata                    data          00000
__LdataBANK0               dataBANK0     00000
__LdataCOMRAM              dataCOMRAM    00000
__Lend_init                end_init      00000
__Lfarbss                  farbss        00000
__Lfardata                 fardata       00000
__Libigdata                ibigdata      00000
__Lidata                   idata         00000
__LidataBANK0              idataBANK0    00000
__LidataCOMRAM             idataCOMRAM   00000
__Lidloc                   idloc         00000
__Lifardata                ifardata      00000
__Linit                    init          00000
__Lintcode                 intcode       00000
__Lintcode_body            intcode_body  00000
__Lintcodelo               intcodelo     00000
__Lintentry                intentry      00000
__Lintret                  intret        00000
__Lintsave_regs            intsave_regs  00000
__Lirdata                  irdata        00000
__Ljflash_buffer           jflash_buffer 1F800
__Lmediumconst             mediumconst   00000
__Lnvbit                   nvbit         00000
__Lnvrram                  nvrram        00000
__Lparam                   rparam        00000
__Lpowerup                 powerup       00000
__Lram                     ram           00000
__Lramtop                  ramtop        00F00
__Lrbit                    rbit          00000
__Lrbss                    rbss          00000
__Lrdata                   rdata         00000
__Lreset_vec               reset_vec     00000
__Lrparam                  rparam        00000
__Lsfr                     sfr           00000
__Lsmallconst              smallconst    00F00
__Lstruct                  struct        00000
__Ltemp                    temp          00000
__Ltext                    text          00000
__Ltext0                   text0         00000
__Ltext1                   text1         00000
__Ltext10                  text10        00000
__Ltext11                  text11        00000
__Ltext12                  text12        00000
__Ltext13                  text13        00000
__Ltext14                  text14        00000
__Ltext15                  text15        00000
__Ltext16                  text16        00000
__Ltext17                  text17        00000
__Ltext18                  text18        00000
__Ltext2                   text2         00000
__Ltext3                   text3         00000
__Ltext4                   text4         00000
__Ltext5                   text5         00000
__Ltext6                   text6         00000
__Ltext7                   text7         00000
__Ltext8                   text8         00000
__Ltext9                   text9         00000
__S0                       (abs)         20000
__S1                       (abs)         00080
___lwdiv                   text17        01ACC
___lwdiv@counter           cstackCOMRAM  00008
___lwdiv@dividend          cstackCOMRAM  00001
___lwdiv@divisor           cstackCOMRAM  00003
___lwdiv@quotient          cstackCOMRAM  00006
___lwmod                   text18        01B38
___lwmod@counter           cstackCOMRAM  00006
___lwmod@dividend          cstackCOMRAM  00001
___lwmod@divisor           cstackCOMRAM  00003
__accesstop                (abs)         00060
__activetblptr             (abs)         00003
__end_of_DELAYTIME         smallconst    00F10
__end_of_RtccInitClock     text9         01CC8
__end_of_RtccReadTime      text13        01ACC
__end_of_RtccWrOn          text12        01D9A
__end_of_RtccWriteTime     text11        017D0
__end_of_SEGDIGARRAY       smallconst    00F0E
__end_of_SEGSINKARRAY      smallconst    00F0A
__end_of___lwdiv           text17        01B38
__end_of___lwmod           text18        01B94
__end_of__initialization   cinit         01C36
__end_of_bcdtod            text3         018AC
__end_of_clickEvent        text7         01D04
__end_of_delay             text16        01D32
__end_of_dispSetTime       text14        01422
__end_of_dispTime          text4         01670
__end_of_displayDigit      text15        01C88
__end_of_displayOFF        text5         01DA4
__end_of_dtobcd            text10        01A4E
__end_of_main              text0         01980
__end_of_readEnc           text8         01BEC
__end_of_rotEncInit        text2         01DAC
__end_of_setTime           text6         011BA
__end_of_sevenSegInit      text1         01D86
__initialization           cinit         01BEC
__mediumconst              mediumconst   00000
__pbssCOMRAM               bssCOMRAM     00058
__pcinit                   cinit         01BEC
__pcstackCOMRAM            cstackCOMRAM  00001
__pdataBANK0               dataBANK0     00060
__pdataCOMRAM              dataCOMRAM    00038
__pidataBANK0              idataBANK0    01D32
__pidataCOMRAM             idataCOMRAM   01D52
__psmallconst              smallconst    00F00
__ptext0                   text0         018AC
__ptext1                   text1         01D72
__ptext10                  text10        01980
__ptext11                  text11        01670
__ptext12                  text12        01D86
__ptext13                  text13        01A4E
__ptext14                  text14        011BA
__ptext15                  text15        01C3C
__ptext16                  text16        01D04
__ptext17                  text17        01ACC
__ptext18                  text18        01B38
__ptext2                   text2         01DA4
__ptext3                   text3         017D0
__ptext4                   text4         01422
__ptext5                   text5         01D9A
__ptext6                   text6         00F12
__ptext7                   text7         01CC8
__ptext8                   text8         01B94
__ptext9                   text9         01C88
__ramtop                   ramtop        00F00
__size_of_RtccInitClock    (abs)         00000
__size_of_RtccReadTime     (abs)         00000
__size_of_RtccWrOn         (abs)         00000
__size_of_RtccWriteTime    (abs)         00000
__size_of___lwdiv          (abs)         00000
__size_of___lwmod          (abs)         00000
__size_of_bcdtod           (abs)         00000
__size_of_clickEvent       (abs)         00000
__size_of_delay            (abs)         00000
__size_of_dispSetTime      (abs)         00000
__size_of_dispTime         (abs)         00000
__size_of_displayDigit     (abs)         00000
__size_of_displayOFF       (abs)         00000
__size_of_dtobcd           (abs)         00000
__size_of_main             (abs)         00000
__size_of_readEnc          (abs)         00000
__size_of_rotEncInit       (abs)         00000
__size_of_setTime          (abs)         00000
__size_of_sevenSegInit     (abs)         00000
__smallconst               smallconst    00F00
_bcdtod                    text3         017D0
_clickEvent                text7         01CC8
_delay                     text16        01D04
_dispSetTime               text14        011BA
_dispTime                  text4         01422
_displayDigit              text15        01C3C
_displayOFF                text5         01D9A
_dtobcd                    text10        01980
_isColonON                 bssCOMRAM     00058
_main                      text0         018AC
_readEnc                   text8         01B94
_rotEncInit                text2         01DA4
_setTime                   text6         00F12
_sevenSegInit              text1         01D72
bcdtod@bcd                 cstackCOMRAM  00001
delay@delay                cstackCOMRAM  00001
delay@i                    cstackCOMRAM  00003
dispSetTime@dig0           cstackCOMRAM  0000F
dispSetTime@dig0_394       cstackCOMRAM  00013
dispSetTime@dig1           cstackCOMRAM  00011
dispSetTime@dig1_395       cstackCOMRAM  00015
dispSetTime@hourMin        cstackCOMRAM  0000B
dispSetTime@time           cstackCOMRAM  00009
dispTime@dig0              cstackCOMRAM  0000D
dispTime@dig1              cstackCOMRAM  0000F
dispTime@hour              cstackCOMRAM  00009
dispTime@min               cstackCOMRAM  0000B
displayDigit@digit         cstackCOMRAM  00003
displayDigit@number        cstackCOMRAM  00001
dtobcd@bcdConv             cstackCOMRAM  00006
dtobcd@dec                 cstackCOMRAM  00001
dtobcd@i                   cstackCOMRAM  00004
end_of_initialization      cinit         01C36
intlevel0                  text          00000
intlevel1                  text          00000
intlevel2                  text          00000
intlevel3                  text          00000
main@RTCCRead              cstackCOMRAM  00030
main@RTCCTime              cstackCOMRAM  00034
main@RTCHour               cstackCOMRAM  0002C
main@RTCMin                cstackCOMRAM  0002E
main@counter               cstackCOMRAM  0002A
main@tmp                   cstackCOMRAM  00028
rotEnc@encoderStates       dataCOMRAM    00038
rotEnc@oldState            bssCOMRAM     0005C
setTime@RTCCSetTimeDate    cstackCOMRAM  00018
setTime@counter            cstackCOMRAM  00020
setTime@del                cstackCOMRAM  0001E
setTime@tmp                cstackCOMRAM  0001C
start                      init          00000
start_initialization       cinit         01BEC


FUNCTION INFORMATION:

 *************** function _main *****************
 Defined at:
		line 25 in file "main.c"
 Parameters:    Size  Location     Type
  argc            2   33[COMRAM] int 
  argv            3   35[COMRAM] PTR PTR unsigned char 
 Auto vars:     Size  Location     Type
  RTCCTime        4   51[COMRAM] struct .
  RTCCRead        4   47[COMRAM] struct .
  RTCMin          2   45[COMRAM] unsigned int 
  RTCHour         2   43[COMRAM] unsigned int 
  counter         2   41[COMRAM] unsigned int 
  tmp             2   39[COMRAM] unsigned int 
 Return value:  Size  Location     Type
                  2   33[COMRAM] int 
 Registers used:
		wreg, fsr2l, fsr2h, status,2, status,0, tblptrl, tblptrh, tblptru, cstack
 Tracked objects:
		On entry : 
		On exit  : 
		Unchanged: 
 Data sizes:     COMRAM   BANK0   BANK1   BANK2   BANK3   BANK4   BANK5   BANK6   BANK7   BANK8   BANK9  BANK10  BANK11  BANK12  BANK13  BANK14
      Params:         5       0       0       0       0       0       0       0       0       0       0       0       0       0       0       0
      Locals:        16       0       0       0       0       0       0       0       0       0       0       0       0       0       0       0
      Temps:          1       0       0       0       0       0       0       0       0       0       0       0       0       0       0       0
      Totals:        22       0       0       0       0       0       0       0       0       0       0       0       0       0       0       0
Total ram usage:       22 bytes
 Hardware stack levels required when called:    3
 This function calls:
		_sevenSegInit
		_rotEncInit
		_RtccInitClock
		_RtccWrOn
		_dtobcd
		_RtccWriteTime
		_RtccReadTime
		_bcdtod
		_dispTime
		_clickEvent
		_displayOFF
		_setTime
 This function is called by:
		Startup code after reset
 This function uses a non-reentrant model


 *************** function _sevenSegInit *****************
 Defined at:
		line 7 in file "sevenSeg.c"
 Parameters:    Size  Location     Type
		None
 Auto vars:     Size  Location     Type
		None
 Return value:  Size  Location     Type
                  2    4[COMRAM] int 
 Registers used:
		wreg, status,2, status,0
 Tracked objects:
		On entry : 
		On exit  : 
		Unchanged: 
 Data sizes:     COMRAM   BANK0   BANK1   BANK2   BANK3   BANK4   BANK5   BANK6   BANK7   BANK8   BANK9  BANK10  BANK11  BANK12  BANK13  BANK14
      Params:         0       0       0       0       0       0       0       0       0       0       0       0       0       0       0       0
      Locals:         0       0       0       0       0       0       0       0       0       0       0       0       0       0       0       0
      Temps:          0       0       0       0       0       0       0       0       0       0       0       0       0       0       0       0
      Totals:         0       0       0       0       0       0       0       0       0       0       0       0       0       0       0       0
Total ram usage:        0 bytes
 Hardware stack levels used:    1
 This function calls:
		Nothing
 This function is called by:
		_main
 This function uses a non-reentrant model


 *************** function _rotEncInit *****************
 Defined at:
		line 3 in file "rotEnc.c"
 Parameters:    Size  Location     Type
		None
 Auto vars:     Size  Location     Type
		None
 Return value:  Size  Location     Type
                  2    6[COMRAM] int 
 Registers used:
		wreg, status,2, status,0
 Tracked objects:
		On entry : 
		On exit  : 
		Unchanged: 
 Data sizes:     COMRAM   BANK0   BANK1   BANK2   BANK3   BANK4   BANK5   BANK6   BANK7   BANK8   BANK9  BANK10  BANK11  BANK12  BANK13  BANK14
      Params:         0       0       0       0       0       0       0       0       0       0       0       0       0       0       0       0
      Locals:         0       0       0       0       0       0       0       0       0       0       0       0       0       0       0       0
      Temps:          0       0       0       0       0       0       0       0       0       0       0       0       0       0       0       0
      Totals:         0       0       0       0       0       0       0       0       0       0       0       0       0       0       0       0
Total ram usage:        0 bytes
 Hardware stack levels used:    1
 This function calls:
		Nothing
 This function is called by:
		_main
 This function uses a non-reentrant model


 *************** function _bcdtod *****************
 Defined at:
		line 183 in file "main.c"
 Parameters:    Size  Location     Type
  bcd             1    0[COMRAM] unsigned char 
 Auto vars:     Size  Location     Type
		None
 Return value:  Size  Location     Type
                  2    0[COMRAM] unsigned int 
 Registers used:
		wreg, status,2, status,0
 Tracked objects:
		On entry : 
		On exit  : 
		Unchanged: 
 Data sizes:     COMRAM   BANK0   BANK1   BANK2   BANK3   BANK4   BANK5   BANK6   BANK7   BANK8   BANK9  BANK10  BANK11  BANK12  BANK13  BANK14
      Params:         2       0       0       0       0       0       0       0       0       0       0       0       0       0       0       0
      Locals:         0       0       0       0       0       0       0       0       0       0       0       0       0       0       0       0
      Temps:          0       0       0       0       0       0       0       0       0       0       0       0       0       0       0       0
      Totals:         2       0       0       0       0       0       0       0       0       0       0       0       0       0       0       0
Total ram usage:        2 bytes
 Hardware stack levels used:    1
 This function calls:
		Nothing
 This function is called by:
		_main
 This function uses a non-reentrant model


 *************** function _dispTime *****************
 Defined at:
		line 22 in file "sevenSeg.c"
 Parameters:    Size  Location     Type
  hour            2    8[COMRAM] unsigned int 
  min             2   10[COMRAM] unsigned int 
 Auto vars:     Size  Location     Type
  dig1            2   14[COMRAM] unsigned int 
  dig0            2   12[COMRAM] unsigned int 
 Return value:  Size  Location     Type
                  2    8[COMRAM] int 
 Registers used:
		wreg, status,2, status,0, tblptrl, tblptrh, tblptru, cstack
 Tracked objects:
		On entry : 
		On exit  : 
		Unchanged: 
 Data sizes:     COMRAM   BANK0   BANK1   BANK2   BANK3   BANK4   BANK5   BANK6   BANK7   BANK8   BANK9  BANK10  BANK11  BANK12  BANK13  BANK14
      Params:         4       0       0       0       0       0       0       0       0       0       0       0       0       0       0       0
      Locals:         4       0       0       0       0       0       0       0       0       0       0       0       0       0       0       0
      Temps:          0       0       0       0       0       0       0       0       0       0       0       0       0       0       0       0
      Totals:         8       0       0       0       0       0       0       0       0       0       0       0       0       0       0       0
Total ram usage:        8 bytes
 Hardware stack levels used:    1
 Hardware stack levels required when called:    1
 This function calls:
		_displayDigit
		_delay
		___lwmod
		___lwdiv
 This function is called by:
		_main
 This function uses a non-reentrant model


 *************** function _displayOFF *****************
 Defined at:
		line 197 in file "sevenSeg.c"
 Parameters:    Size  Location     Type
		None
 Auto vars:     Size  Location     Type
		None
 Return value:  Size  Location     Type
		None               void
 Registers used:
		wreg, status,2, status,0
 Tracked objects:
		On entry : 
		On exit  : 
		Unchanged: 
 Data sizes:     COMRAM   BANK0   BANK1   BANK2   BANK3   BANK4   BANK5   BANK6   BANK7   BANK8   BANK9  BANK10  BANK11  BANK12  BANK13  BANK14
      Params:         0       0       0       0       0       0       0       0       0       0       0       0       0       0       0       0
      Locals:         0       0       0       0       0       0       0       0       0       0       0       0       0       0       0       0
      Temps:          0       0       0       0       0       0       0       0       0       0       0       0       0       0       0       0
      Totals:         0       0       0       0       0       0       0       0       0       0       0       0       0       0       0       0
Total ram usage:        0 bytes
 Hardware stack levels used:    1
 This function calls:
		Nothing
 This function is called by:
		_main
		_displayNum
 This function uses a non-reentrant model


 *************** function _setTime *****************
 Defined at:
		line 73 in file "main.c"
 Parameters:    Size  Location     Type
		None
 Auto vars:     Size  Location     Type
  RTCCSetTimeD    4   23[COMRAM] struct .
  counter         2   31[COMRAM] int 
  del             2   29[COMRAM] int 
  tmp             2   27[COMRAM] int 
 Return value:  Size  Location     Type
                  2   28[COMRAM] int 
 Registers used:
		wreg, fsr2l, fsr2h, status,2, status,0, tblptrl, tblptrh, tblptru, cstack
 Tracked objects:
		On entry : 
		On exit  : 
		Unchanged: 
 Data sizes:     COMRAM   BANK0   BANK1   BANK2   BANK3   BANK4   BANK5   BANK6   BANK7   BANK8   BANK9  BANK10  BANK11  BANK12  BANK13  BANK14
      Params:         0       0       0       0       0       0       0       0       0       0       0       0       0       0       0       0
      Locals:        10       0       0       0       0       0       0       0       0       0       0       0       0       0       0       0
      Temps:          1       0       0       0       0       0       0       0       0       0       0       0       0       0       0       0
      Totals:        11       0       0       0       0       0       0       0       0       0       0       0       0       0       0       0
Total ram usage:       11 bytes
 Hardware stack levels used:    1
 Hardware stack levels required when called:    2
 This function calls:
		_RtccWrOn
		_readEnc
		_dispSetTime
		_clickEvent
		_dtobcd
		_RtccWriteTime
 This function is called by:
		_main
 This function uses a non-reentrant model


 *************** function _clickEvent *****************
 Defined at:
		line 20 in file "rotEnc.c"
 Parameters:    Size  Location     Type
		None
 Auto vars:     Size  Location     Type
		None
 Return value:  Size  Location     Type
                  2    0[COMRAM] int 
 Registers used:
		wreg, status,2
 Tracked objects:
		On entry : 
		On exit  : 
		Unchanged: 
 Data sizes:     COMRAM   BANK0   BANK1   BANK2   BANK3   BANK4   BANK5   BANK6   BANK7   BANK8   BANK9  BANK10  BANK11  BANK12  BANK13  BANK14
      Params:         2       0       0       0       0       0       0       0       0       0       0       0       0       0       0       0
      Locals:         0       0       0       0       0       0       0       0       0       0       0       0       0       0       0       0
      Temps:          0       0       0       0       0       0       0       0       0       0       0       0       0       0       0       0
      Totals:         2       0       0       0       0       0       0       0       0       0       0       0       0       0       0       0
Total ram usage:        2 bytes
 Hardware stack levels used:    1
 This function calls:
		Nothing
 This function is called by:
		_main
		_setTime
 This function uses a non-reentrant model


 *************** function _readEnc *****************
 Defined at:
		line 10 in file "rotEnc.c"
 Parameters:    Size  Location     Type
		None
 Auto vars:     Size  Location     Type
		None
 Return value:  Size  Location     Type
                  2    0[COMRAM] int 
 Registers used:
		wreg, fsr2l, fsr2h, status,2, status,0
 Tracked objects:
		On entry : 
		On exit  : 
		Unchanged: 
 Data sizes:     COMRAM   BANK0   BANK1   BANK2   BANK3   BANK4   BANK5   BANK6   BANK7   BANK8   BANK9  BANK10  BANK11  BANK12  BANK13  BANK14
      Params:         2       0       0       0       0       0       0       0       0       0       0       0       0       0       0       0
      Locals:         0       0       0       0       0       0       0       0       0       0       0       0       0       0       0       0
      Temps:          3       0       0       0       0       0       0       0       0       0       0       0       0       0       0       0
      Totals:         5       0       0       0       0       0       0       0       0       0       0       0       0       0       0       0
Total ram usage:        5 bytes
 Hardware stack levels used:    1
 This function calls:
		Nothing
 This function is called by:
		_setTime
 This function uses a non-reentrant model


 *************** function _RtccInitClock *****************
 Defined at:
		line 22 in file "plib/rtcc/RTCCInitClock.c"
 Parameters:    Size  Location     Type
		None
 Auto vars:     Size  Location     Type
		None
 Return value:  Size  Location     Type
		None               void
 Registers used:
		wreg, status,2, cstack
 Tracked objects:
		On entry : 
		On exit  : 
		Unchanged: 
 Data sizes:     COMRAM   BANK0   BANK1   BANK2   BANK3   BANK4   BANK5   BANK6   BANK7   BANK8   BANK9  BANK10  BANK11  BANK12  BANK13  BANK14
      Params:         0       0       0       0       0       0       0       0       0       0       0       0       0       0       0       0
      Locals:         0       0       0       0       0       0       0       0       0       0       0       0       0       0       0       0
      Temps:          0       0       0       0       0       0       0       0       0       0       0       0       0       0       0       0
      Totals:         0       0       0       0       0       0       0       0       0       0       0       0       0       0       0       0
Total ram usage:        0 bytes
 Hardware stack levels used:    1
 Hardware stack levels required when called:    1
 This function calls:
		_RtccWrOn
 This function is called by:
		_main
 This function uses a non-reentrant model


 *************** function _dtobcd *****************
 Defined at:
		line 146 in file "main.c"
 Parameters:    Size  Location     Type
  dec             2    0[COMRAM] unsigned int 
 Auto vars:     Size  Location     Type
  i               2    3[COMRAM] int 
  bcdConv         1    5[COMRAM] unsigned char 
 Return value:  Size  Location     Type
                  1    wreg      unsigned char 
 Registers used:
		wreg, status,2, status,0
 Tracked objects:
		On entry : 
		On exit  : 
		Unchanged: 
 Data sizes:     COMRAM   BANK0   BANK1   BANK2   BANK3   BANK4   BANK5   BANK6   BANK7   BANK8   BANK9  BANK10  BANK11  BANK12  BANK13  BANK14
      Params:         2       0       0       0       0       0       0       0       0       0       0       0       0       0       0       0
      Locals:         3       0       0       0       0       0       0       0       0       0       0       0       0       0       0       0
      Temps:          1       0       0       0       0       0       0       0       0       0       0       0       0       0       0       0
      Totals:         6       0       0       0       0       0       0       0       0       0       0       0       0       0       0       0
Total ram usage:        6 bytes
 Hardware stack levels used:    1
 This function calls:
		Nothing
 This function is called by:
		_main
		_setTime
 This function uses a non-reentrant model


 *************** function _RtccWriteTime *****************
 Defined at:
		line 35 in file "plib/rtcc/RtccWriteTime.c"
 Parameters:    Size  Location     Type
  pTm             2    0[COMRAM] PTR const struct .
		 -> setTime@RTCCSetTimeDate(4), main@RTCCTime(4), 
  di              1    2[COMRAM] enum E7262
 Auto vars:     Size  Location     Type
  tempHourWDay    2    9[COMRAM] struct .
  tempMinSec      2    7[COMRAM] struct .
  wasWrEn         1    6[COMRAM] enum E7262
  wasAlrm         1    5[COMRAM] enum E7262
  wasOn           1    4[COMRAM] enum E7262
 Return value:  Size  Location     Type
                  1    wreg      enum E7742
 Registers used:
		wreg, fsr2l, fsr2h, status,2, status,0, cstack
 Tracked objects:
		On entry : 
		On exit  : 
		Unchanged: 
 Data sizes:     COMRAM   BANK0   BANK1   BANK2   BANK3   BANK4   BANK5   BANK6   BANK7   BANK8   BANK9  BANK10  BANK11  BANK12  BANK13  BANK14
      Params:         3       0       0       0       0       0       0       0       0       0       0       0       0       0       0       0
      Locals:         7       0       0       0       0       0       0       0       0       0       0       0       0       0       0       0
      Temps:          1       0       0       0       0       0       0       0       0       0       0       0       0       0       0       0
      Totals:        11       0       0       0       0       0       0       0       0       0       0       0       0       0       0       0
Total ram usage:       11 bytes
 Hardware stack levels used:    1
 Hardware stack levels required when called:    1
 This function calls:
		_RtccWrOn
 This function is called by:
		_main
		_setTime
 This function uses a non-reentrant model


 *************** function _RtccWrOn *****************
 Defined at:
		line 22 in file "plib/rtcc/RtccWrOn.c"
 Parameters:    Size  Location     Type
		None
 Auto vars:     Size  Location     Type
  data            2    0        unsigned int 
 Return value:  Size  Location     Type
		None               void
 Registers used:
		wreg, status,2
 Tracked objects:
		On entry : 
		On exit  : 
		Unchanged: 
 Data sizes:     COMRAM   BANK0   BANK1   BANK2   BANK3   BANK4   BANK5   BANK6   BANK7   BANK8   BANK9  BANK10  BANK11  BANK12  BANK13  BANK14
      Params:         0       0       0       0       0       0       0       0       0       0       0       0       0       0       0       0
      Locals:         0       0       0       0       0       0       0       0       0       0       0       0       0       0       0       0
      Temps:          0       0       0       0       0       0       0       0       0       0       0       0       0       0       0       0
      Totals:         0       0       0       0       0       0       0       0       0       0       0       0       0       0       0       0
Total ram usage:        0 bytes
 Hardware stack levels used:    1
 This function calls:
		Nothing
 This function is called by:
		_main
		_setTime
		_RtccInitClock
		_RtccWriteTime
 This function uses a non-reentrant model


 *************** function _RtccReadTime *****************
 Defined at:
		line 24 in file "plib/rtcc/RtccReadTime.c"
 Parameters:    Size  Location     Type
  pTm             2    0[COMRAM] PTR struct .
		 -> main@RTCCRead(4), 
 Auto vars:     Size  Location     Type
  rTD0            8   10[COMRAM] struct .
  rTD1            8    2[COMRAM] struct .
 Return value:  Size  Location     Type
		None               void
 Registers used:
		wreg, fsr2l, fsr2h, status,2, status,0
 Tracked objects:
		On entry : 
		On exit  : 
		Unchanged: 
 Data sizes:     COMRAM   BANK0   BANK1   BANK2   BANK3   BANK4   BANK5   BANK6   BANK7   BANK8   BANK9  BANK10  BANK11  BANK12  BANK13  BANK14
      Params:         2       0       0       0       0       0       0       0       0       0       0       0       0       0       0       0
      Locals:        16       0       0       0       0       0       0       0       0       0       0       0       0       0       0       0
      Temps:          0       0       0       0       0       0       0       0       0       0       0       0       0       0       0       0
      Totals:        18       0       0       0       0       0       0       0       0       0       0       0       0       0       0       0
Total ram usage:       18 bytes
 Hardware stack levels used:    1
 This function calls:
		Nothing
 This function is called by:
		_main
 This function uses a non-reentrant model


 *************** function _dispSetTime *****************
 Defined at:
		line 67 in file "sevenSeg.c"
 Parameters:    Size  Location     Type
  time            2    8[COMRAM] unsigned int 
  hourMin         2   10[COMRAM] int 
 Auto vars:     Size  Location     Type
  dig1            2   20[COMRAM] int 
  dig0            2   18[COMRAM] int 
  dig1            2   16[COMRAM] int 
  dig0            2   14[COMRAM] int 
 Return value:  Size  Location     Type
                  2    8[COMRAM] int 
 Registers used:
		wreg, status,2, status,0, tblptrl, tblptrh, tblptru, cstack
 Tracked objects:
		On entry : 
		On exit  : 
		Unchanged: 
 Data sizes:     COMRAM   BANK0   BANK1   BANK2   BANK3   BANK4   BANK5   BANK6   BANK7   BANK8   BANK9  BANK10  BANK11  BANK12  BANK13  BANK14
      Params:         4       0       0       0       0       0       0       0       0       0       0       0       0       0       0       0
      Locals:         8       0       0       0       0       0       0       0       0       0       0       0       0       0       0       0
      Temps:          2       0       0       0       0       0       0       0       0       0       0       0       0       0       0       0
      Totals:        14       0       0       0       0       0       0       0       0       0       0       0       0       0       0       0
Total ram usage:       14 bytes
 Hardware stack levels used:    1
 Hardware stack levels required when called:    1
 This function calls:
		_displayDigit
		_delay
		___lwmod
		___lwdiv
 This function is called by:
		_setTime
 This function uses a non-reentrant model


 *************** function _displayDigit *****************
 Defined at:
		line 184 in file "sevenSeg.c"
 Parameters:    Size  Location     Type
  number          2    0[COMRAM] unsigned int 
  digit           2    2[COMRAM] int 
 Auto vars:     Size  Location     Type
		None
 Return value:  Size  Location     Type
                  2    0[COMRAM] int 
 Registers used:
		wreg, status,2, status,0, tblptrl, tblptrh, tblptru
 Tracked objects:
		On entry : 
		On exit  : 
		Unchanged: 
 Data sizes:     COMRAM   BANK0   BANK1   BANK2   BANK3   BANK4   BANK5   BANK6   BANK7   BANK8   BANK9  BANK10  BANK11  BANK12  BANK13  BANK14
      Params:         4       0       0       0       0       0       0       0       0       0       0       0       0       0       0       0
      Locals:         0       0       0       0       0       0       0       0       0       0       0       0       0       0       0       0
      Temps:          0       0       0       0       0       0       0       0       0       0       0       0       0       0       0       0
      Totals:         4       0       0       0       0       0       0       0       0       0       0       0       0       0       0       0
Total ram usage:        4 bytes
 Hardware stack levels used:    1
 This function calls:
		Nothing
 This function is called by:
		_dispTime
		_dispSetTime
		_displayNum
 This function uses a non-reentrant model


 *************** function _delay *****************
 Defined at:
		line 204 in file "sevenSeg.c"
 Parameters:    Size  Location     Type
  delay           2    0[COMRAM] unsigned int 
 Auto vars:     Size  Location     Type
  i               2    2[COMRAM] unsigned int 
 Return value:  Size  Location     Type
                  2    0[COMRAM] int 
 Registers used:
		wreg, status,2, status,0
 Tracked objects:
		On entry : 
		On exit  : 
		Unchanged: 
 Data sizes:     COMRAM   BANK0   BANK1   BANK2   BANK3   BANK4   BANK5   BANK6   BANK7   BANK8   BANK9  BANK10  BANK11  BANK12  BANK13  BANK14
      Params:         2       0       0       0       0       0       0       0       0       0       0       0       0       0       0       0
      Locals:         2       0       0       0       0       0       0       0       0       0       0       0       0       0       0       0
      Temps:          0       0       0       0       0       0       0       0       0       0       0       0       0       0       0       0
      Totals:         4       0       0       0       0       0       0       0       0       0       0       0       0       0       0       0
Total ram usage:        4 bytes
 Hardware stack levels used:    1
 This function calls:
		Nothing
 This function is called by:
		_dispTime
		_dispSetTime
		_displayNum
 This function uses a non-reentrant model


 *************** function ___lwdiv *****************
 Defined at:
		line 10 in file "/Applications/microchip/xc8/v1.12/sources/lwdiv.c"
 Parameters:    Size  Location     Type
  dividend        2    0[COMRAM] unsigned int 
  divisor         2    2[COMRAM] unsigned int 
 Auto vars:     Size  Location     Type
  quotient        2    5[COMRAM] unsigned int 
  counter         1    7[COMRAM] unsigned char 
 Return value:  Size  Location     Type
                  2    0[COMRAM] unsigned int 
 Registers used:
		wreg, status,2, status,0
 Tracked objects:
		On entry : 
		On exit  : 
		Unchanged: 
 Data sizes:     COMRAM   BANK0   BANK1   BANK2   BANK3   BANK4   BANK5   BANK6   BANK7   BANK8   BANK9  BANK10  BANK11  BANK12  BANK13  BANK14
      Params:         4       0       0       0       0       0       0       0       0       0       0       0       0       0       0       0
      Locals:         3       0       0       0       0       0       0       0       0       0       0       0       0       0       0       0
      Temps:          1       0       0       0       0       0       0       0       0       0       0       0       0       0       0       0
      Totals:         8       0       0       0       0       0       0       0       0       0       0       0       0       0       0       0
Total ram usage:        8 bytes
 Hardware stack levels used:    1
 This function calls:
		Nothing
 This function is called by:
		_dispTime
		_dispSetTime
		_displayNum
 This function uses a non-reentrant model


 *************** function ___lwmod *****************
 Defined at:
		line 10 in file "/Applications/microchip/xc8/v1.12/sources/lwmod.c"
 Parameters:    Size  Location     Type
  dividend        2    0[COMRAM] unsigned int 
  divisor         2    2[COMRAM] unsigned int 
 Auto vars:     Size  Location     Type
  counter         1    5[COMRAM] unsigned char 
 Return value:  Size  Location     Type
                  2    0[COMRAM] unsigned int 
 Registers used:
		wreg, status,2, status,0
 Tracked objects:
		On entry : 
		On exit  : 
		Unchanged: 
 Data sizes:     COMRAM   BANK0   BANK1   BANK2   BANK3   BANK4   BANK5   BANK6   BANK7   BANK8   BANK9  BANK10  BANK11  BANK12  BANK13  BANK14
      Params:         4       0       0       0       0       0       0       0       0       0       0       0       0       0       0       0
      Locals:         1       0       0       0       0       0       0       0       0       0       0       0       0       0       0       0
      Temps:          1       0       0       0       0       0       0       0       0       0       0       0       0       0       0       0
      Totals:         6       0       0       0       0       0       0       0       0       0       0       0       0       0       0       0
Total ram usage:        6 bytes
 Hardware stack levels used:    1
 This function calls:
		Nothing
 This function is called by:
		_dispTime
		_dispSetTime
		_displayNum
 This function uses a non-reentrant model



MODULE INFORMATION

Module		Function		Class		Link	Load	Size
plib/rtcc/RtccReadTime.c
		_RtccReadTime  		CODE           	1A4E	0000	126

plib/rtcc/RtccReadTime.c estimated size: 126

shared
		_SEGDIGARRAY   		SMALLCONST     	0F0A	0000	4
		__initializatio		CODE           	1BEC	0000	74
		_DELAYTIME     		SMALLCONST     	0F0E	0000	2
		_SEGSINKARRAY  		SMALLCONST     	0F00	0000	10

shared estimated size: 90

main.c
		_bcdtod        		CODE           	17D0	0000	220
		_dtobcd        		CODE           	1980	0000	206
		_main          		CODE           	18AC	0000	212
		_setTime       		CODE           	0F12	0000	680

main.c estimated size: 1318

rotEnc.c
		_readEnc       		CODE           	1B94	0000	88
		_rotEncInit    		CODE           	1DA4	0000	8
		_clickEvent    		CODE           	1CC8	0000	60

rotEnc.c estimated size: 156

plib/rtcc/RtccWrOn.c
		_RtccWrOn      		CODE           	1D86	0000	20

plib/rtcc/RtccWrOn.c estimated size: 20

sevenSeg.c
		_delay         		CODE           	1D04	0000	46
		_displayOFF    		CODE           	1D9A	0000	10
		_displayDigit  		CODE           	1C3C	0000	76
		_sevenSegInit  		CODE           	1D72	0000	20
		_dispTime      		CODE           	1422	0000	590
		_dispSetTime   		CODE           	11BA	0000	616

sevenSeg.c estimated size: 1358

/Applications/microchip/xc8/v1.12/sources/lwmod.c
		___lwmod       		CODE           	1B38	0000	92

/Applications/microchip/xc8/v1.12/sources/lwmod.c estimated size: 92

/Applications/microchip/xc8/v1.12/sources/lwdiv.c
		___lwdiv       		CODE           	1ACC	0000	108

/Applications/microchip/xc8/v1.12/sources/lwdiv.c estimated size: 108

plib/rtcc/RTCCInitClock.c
		_RtccInitClock 		CODE           	1C88	0000	64

plib/rtcc/RTCCInitClock.c estimated size: 64

plib/rtcc/RtccWriteTime.c
		_RtccWriteTime 		CODE           	1670	0000	352

plib/rtcc/RtccWriteTime.c estimated size: 352

