Microchip MPLAB XC8 Compiler V1.12 ()

Linker command line:

--edf=/Applications/microchip/xc8/v1.12/dat/en_msgs.txt -cs \
  -h+dist/default/production/nyanClock.X.production.sym -z -Q18F47J53 \
  -ol.obj -Mdist/default/production/nyanClock.X.production.map -E1 -ver=XC8 \
  -ACODE=00h-01FFF7h -ACONST=00h-01FFF7h \
  -ASMALLCONST=0F00h-0FFFhx496,01FF00h-01FFF7h \
  -AMEDIUMCONST=0F00h-0FFFFh,010F00h-01FFF7h -ACOMRAM=01h-05Fh \
  -AABS1=00h-0EAFh -ABIGRAM=01h-0EAFh \
  -ARAM=060h-0FFh,0100h-01FFhx13,0E00h-0EAFh -ABANK0=060h-0FFh \
  -ABANK1=0100h-01FFh -ABANK2=0200h-02FFh -ABANK3=0300h-03FFh \
  -ABANK4=0400h-04FFh -ABANK5=0500h-05FFh -ABANK6=0600h-06FFh \
  -ABANK7=0700h-07FFh -ABANK8=0800h-08FFh -ABANK9=0900h-09FFh \
  -ABANK10=0A00h-0AFFh -ABANK11=0B00h-0BFFh -ABANK12=0C00h-0CFFh \
  -ABANK13=0D00h-0DFFh -ABANK14=0E00h-0EAFh \
  -ASFR=0EB0h-0EFFh,0F00h-0F5Fh,0F60h-0FFFh \
  -preset_vec=00h,intcode=08h,intcodelo=018h,powerup,init,end_init \
  -pramtop=0F00h -psmallconst=SMALLCONST -pmediumconst=MEDIUMCONST \
  -pconst=CONST -AFARRAM=00h-00h -ACONFIG=01FFF8h-01FFFFh -pconfig=CONFIG \
  -pjflash_buffer=01F800h \
  -prdata=COMRAM,nvrram=COMRAM,nvbit=COMRAM,rbss=COMRAM,rbit=COMRAM \
  -pfarbss=FARRAM,fardata=FARRAM \
  -pintsave_regs=BIGRAM,bigbss=BIGRAM,bigdata=BIGRAM -pbss=RAM \
  -pidata=CODE,irdata=CODE,ibigdata=CODE,ifardata=CODE /tmp/cgta7hYeN.obj \
  dist/default/production/nyanClock.X.production.obj 

Object code version is 3.10

Machine type is 18F47J53

Call graph: (short form)




                Name                               Link     Load   Length Selector   Space Scale
/tmp/cgta7hYeN.obj
                end_init                             A2       A2        4        C       0
                reset_vec                             0        0        4        0       0
                config                            1FFF8    1FFF8        8    1FFF8       0
dist/default/production/nyanClock.X.production.obj
                intcodelo                            18       18       8A        C       0
                intcode                               8        8       10        4       0
                smallconst                          F00      F00       14      780       0
                text57                             424A     424A       10     2051       0
                intcode_body                       2DD2     2DD2      190      78A       0
                text54                             3B6E     3B6E       90      78A       0
                text53                             3838     3838       BC      78A       0
                text52                             2F62     2F62      18C      78A       0
                text51                             2674     2674      1F6      78A       0
                text50                             3F00     3F00       6C      78A       0
                text49                             4018     4018       46      78A       0
                text48                             4194     4194       26     2051       0
                text47                             416E     416E       26     2051       0
                text46                             4148     4148       26     2051       0
                text45                             286A     286A      1E4      78A       0
                text44                             223A     223A      22A      78A       0
                text43                             34A4     34A4      108      78A       0
                text42                             30EE     30EE      166      78A       0
                text41                             42B0     42B0        4     2051       0
                text40                             42AC     42AC        4     2051       0
                text39                             42A8     42A8        4     2051       0
                text38                             3D9C     3D9C       82      78A       0
                text37                             4224     4224       14     2051       0
                text36                             40A2     40A2       40     2051       0
                text35                             3F6C     3F6C       62      78A       0
                text34                             42A4     42A4        4     2051       0
                text33                             3996     3996       A0      78A       0
                text32                             13B6     13B6      49E      78A       0
                text31                             3AD4     3AD4       9A      78A       0
                text30                             3254     3254      134      78A       0
                text29                             4238     4238       12     2051       0
                text28                             3FCE     3FCE       4A      78A       0
                text27                             3C8C     3C8C       8A      78A       0
                text26                             41BA     41BA       24     2051       0
                text25                             4210     4210       14     2051       0
                text24                             41FA     41FA       16     2051       0
                text23                             3688     3688       DC      78A       0
                text22                             425A     425A        E     2051       0
                text21                             3388     3388      11C      78A       0
                text20                             3BFE     3BFE       8E      78A       0
                text19                             2C16     2C16      1BC      78A       0
                text18                             3D16     3D16       86      78A       0
                text17                             42A0     42A0        4     2051       0
                text16                             4274     4274        C     2051       0
                text15                             40E2     40E2       3C     2051       0
                text14                              F14      F14      4A2      78A       0
                text13                             3E1E     3E1E       76      78A       0
                text12                             2464     2464      210      78A       0
                text11                             1FF8     1FF8      242      78A       0
                text10                             4292     4292        8     2051       0
                text9                              428A     428A        8     2051       0
                text8                              3E94     3E94       6C      78A       0
                text7                              38F4     38F4       A2      78A       0
                text6                              4280     4280        A     2051       0
                text5                              1CDA     1CDA      31E      78A       0
                text4                              429A     429A        6     2051       0
                text3                              1854     1854      486      78A       0
                text2                              411E     411E       2A     2051       0
                text1                              41DE     41DE       1C     2051       0
                text0                              2A4E     2A4E      1C8      78A       0
                cstackCOMRAM                          1        1       21        1       1
                cstackBANK0                          A3       A3       3C       60       1
                cstackBANK1                         1D4      1D4       12      100       1
                dataBANK2                           200      200       DC      200       1
                dataBANK1                           100      100       D4      100       1
                dataBANK0                            60       60       43       60       1
                bssBANK0                             DF       DF       17       60       1
                dataCOMRAM                           35       35        C        1       1
                bssCOMRAM                            22       22       13        1       1
                cinit                              3A36     3A36       9E      78A       0
                idataBANK2                         35AC     35AC       DC      78A       0
                idataBANK1                         3764     3764       D4      78A       0
                idataBANK0                         405E     405E       43      78A       0
                idataCOMRAM                        4268     4268        C     2051       0

TOTAL           Name                               Link     Load   Length     Space
        CLASS   CODE           
                end_init                             A2       A2        4         0
                intcodelo                            18       18       8A         0
                intcode                               8        8       10         0
                reset_vec                             0        0        4         0
                text57                             424A     424A       10         0
                intcode_body                       2DD2     2DD2      190         0
                text54                             3B6E     3B6E       90         0
                text53                             3838     3838       BC         0
                text52                             2F62     2F62      18C         0
                text51                             2674     2674      1F6         0
                text50                             3F00     3F00       6C         0
                text49                             4018     4018       46         0
                text48                             4194     4194       26         0
                text47                             416E     416E       26         0
                text46                             4148     4148       26         0
                text45                             286A     286A      1E4         0
                text44                             223A     223A      22A         0
                text43                             34A4     34A4      108         0
                text42                             30EE     30EE      166         0
                text41                             42B0     42B0        4         0
                text40                             42AC     42AC        4         0
                text39                             42A8     42A8        4         0
                text38                             3D9C     3D9C       82         0
                text37                             4224     4224       14         0
                text36                             40A2     40A2       40         0
                text35                             3F6C     3F6C       62         0
                text34                             42A4     42A4        4         0
                text33                             3996     3996       A0         0
                text32                             13B6     13B6      49E         0
                text31                             3AD4     3AD4       9A         0
                text30                             3254     3254      134         0
                text29                             4238     4238       12         0
                text28                             3FCE     3FCE       4A         0
                text27                             3C8C     3C8C       8A         0
                text26                             41BA     41BA       24         0
                text25                             4210     4210       14         0
                text24                             41FA     41FA       16         0
                text23                             3688     3688       DC         0
                text22                             425A     425A        E         0
                text21                             3388     3388      11C         0
                text20                             3BFE     3BFE       8E         0
                text19                             2C16     2C16      1BC         0
                text18                             3D16     3D16       86         0
                text17                             42A0     42A0        4         0
                text16                             4274     4274        C         0
                text15                             40E2     40E2       3C         0
                text14                              F14      F14      4A2         0
                text13                             3E1E     3E1E       76         0
                text12                             2464     2464      210         0
                text11                             1FF8     1FF8      242         0
                text10                             4292     4292        8         0
                text9                              428A     428A        8         0
                text8                              3E94     3E94       6C         0
                text7                              38F4     38F4       A2         0
                text6                              4280     4280        A         0
                text5                              1CDA     1CDA      31E         0
                text4                              429A     429A        6         0
                text3                              1854     1854      486         0
                text2                              411E     411E       2A         0
                text1                              41DE     41DE       1C         0
                text0                              2A4E     2A4E      1C8         0
                cinit                              3A36     3A36       9E         0
                idataBANK2                         35AC     35AC       DC         0
                idataBANK1                         3764     3764       D4         0
                idataBANK0                         405E     405E       43         0
                idataCOMRAM                        4268     4268        C         0

        CLASS   CONST          

        CLASS   SMALLCONST     
                smallconst                          F00      F00       14         0

        CLASS   MEDIUMCONST    

        CLASS   COMRAM         
                cstackCOMRAM                          1        1       21         1
                dataCOMRAM                           35       35        C         1
                bssCOMRAM                            22       22       13         1

        CLASS   ABS1           

        CLASS   BIGRAM         

        CLASS   RAM            

        CLASS   BANK0          
                cstackBANK0                          A3       A3       3C         1
                dataBANK0                            60       60       43         1
                bssBANK0                             DF       DF       17         1

        CLASS   BANK1          
                cstackBANK1                         1D4      1D4       12         1
                dataBANK1                           100      100       D4         1

        CLASS   BANK2          
                dataBANK2                           200      200       DC         1

        CLASS   BANK3          

        CLASS   BANK4          

        CLASS   BANK5          

        CLASS   BANK6          

        CLASS   BANK7          

        CLASS   BANK8          

        CLASS   BANK9          

        CLASS   BANK10         

        CLASS   BANK11         

        CLASS   BANK12         

        CLASS   BANK13         

        CLASS   BANK14         

        CLASS   SFR            

        CLASS   FARRAM         

        CLASS   CONFIG         
                config                            1FFF8    1FFF8        8         0

        CLASS   IDLOC          



SEGMENTS        Name                           Load    Length   Top    Selector   Space  Class

                reset_vec                      000000  000004  000004         0       0  CODE    
                cstackCOMRAM                   000001  000040  000041         1       1  COMRAM  
                intcode                        000008  000010  000018         4       0  CODE    
                intcodelo                      000018  00008E  0000A6         C       0  CODE    
                dataBANK0                      000060  000096  0000F6        60       1  BANK0   
                dataBANK1                      000100  0000E6  0001E6       100       1  BANK1   
                dataBANK2                      000200  0000DC  0002DC       200       1  BANK2   
                smallconst                     000F00  000014  000F14       780       0  SMALLCON
                text14                         000F14  00318D  0040A1       78A       0  CODE    
                text36                         0040A2  000212  0042B4      2051       0  CODE    
                config                         01FFF8  000008  020000     1FFF8       0  CONFIG  


UNUSED ADDRESS RANGES

        Name                Unused          Largest block    Delta
        BANK0            000F6-000FF               A
        BANK1            001E6-001FF              1A
        BANK10           00A00-00AFF             100
        BANK11           00B00-00BFF             100
        BANK12           00C00-00CFF             100
        BANK13           00D00-00DFF             100
        BANK14           00E00-00EAF              B0
        BANK2            002DC-002FF              24
        BANK3            00300-003FF             100
        BANK4            00400-004FF             100
        BANK5            00500-005FF             100
        BANK6            00600-006FF             100
        BANK7            00700-007FF             100
        BANK8            00800-008FF             100
        BANK9            00900-009FF             100
        BIGRAM           00041-0005F              1F
                         000F6-000FF               A
                         001E6-001FF              1A
                         002DC-00EAF             BD4
        CODE             00004-00007               4
                         000A6-00EFF             E5A
                         040A1-040A1               1
                         042B4-1FFF7           1BD44
        COMRAM           00041-0005F              1F
        CONST            00004-00007               4
                         000A6-00EFF             E5A
                         040A1-040A1               1
                         042B4-1FFF7           1BD44
        MEDIUMCONST      040A1-040A1               1
                         042B4-0FFFF            BD4C
                         10F00-1FFF7            F0F8
        RAM              000F6-000FF               A
                         001E6-001FF              1A
                         002DC-00EAF             100
        SFR              00EB0-00FFF              60
        SMALLCONST       040A1-040A1               1
                         042B4-1FFF7             100

                                  Symbol Table

?_REReadEncoder                  cstackCOMRAM  00020
?_RtccReadTime                   cstackCOMRAM  00020
?_RtccSetAlarmRpt                cstackCOMRAM  00020
?_RtccWriteAlrmTime              cstackCOMRAM  00020
?_RtccWriteTime                  cstackBANK0   000A3
?___ftdiv                        cstackBANK0   000AB
?___ftge                         cstackBANK0   000A3
?___ftmul                        cstackBANK0   000BC
?___ftpack                       cstackBANK0   000A3
?___fttol                        cstackBANK0   000A3
?___lwdiv                        cstackBANK0   000A3
?___lwmod                        cstackBANK0   000A3
?_alarmInit                      cstackBANK0   000AA
?_bcdtod                         cstackCOMRAM  00020
?_checkLimits                    cstackBANK0   000A3
?_clickEvent                     cstackCOMRAM  00020
?_dispSetTime                    cstackBANK0   000AA
?_dispTime                       cstackBANK0   000AA
?_displayDigit                   cstackBANK0   000A3
?_dtobcd                         cstackCOMRAM  00020
?_genDelay_ms                    cstackCOMRAM  00020
?_parseDuration                  cstackCOMRAM  00020
?_playNote                       cstackBANK0   000A6
?_setBank                        cstackBANK0   000A6
?_setVolume                      cstackBANK0   000A6
?_state_setTime                  cstackBANK0   000BA
?_timeInit                       cstackBANK0   000AD
?_toggleLED                      cstackCOMRAM  00020
?_txMIDI                         cstackBANK0   000A3
REReadEncoder@collectedStates    cstackCOMRAM  00020
RtccReadTime@pTm                 cstackCOMRAM  00020
RtccReadTime@rTD0                cstackBANK0   000AB
RtccReadTime@rTD1                cstackBANK0   000A3
RtccSetAlarmRpt@dsblAlrm         cstackCOMRAM  00021
RtccSetAlarmRpt@isAlrm           cstackBANK0   000A4
RtccSetAlarmRpt@rpt              cstackCOMRAM  00020
RtccWriteAlrmTime@pTm            cstackCOMRAM  00020
RtccWriteAlrmTime@tempHourWDay   cstackBANK0   000A8
RtccWriteAlrmTime@tempMinSec     cstackBANK0   000A6
RtccWriteAlrmTime@wasAlrm        cstackBANK0   000A5
RtccWriteAlrmTime@wasWrEn        cstackBANK0   000A4
RtccWriteTime@di                 cstackBANK0   000A5
RtccWriteTime@pTm                cstackBANK0   000A3
RtccWriteTime@tempHourWDay       cstackBANK0   000AB
RtccWriteTime@tempMinSec         cstackBANK0   000A9
RtccWriteTime@wasAlrm            cstackBANK0   000A7
RtccWriteTime@wasOn              cstackBANK0   000A6
RtccWriteTime@wasWrEn            cstackBANK0   000A8
_ALL_ALM_LED_OFF                 text10        04292
_ALL_ALM_LED_ON                  text9         0428A
_ALL_IND_LED_OFF                 text6         04280
_ALRMCFG                         (abs)         00F47
_ALRMCFGbits                     (abs)         00F47
_ALRMVALH                        (abs)         00F45
_ALRMVALL                        (abs)         00F44
_ANCON1bits                      (abs)         00F49
_BAUDCON1bits                    (abs)         00F7E
_DELAYTIME                       smallconst    00F0E
_EECON2                          (abs)         00FA7
_INT0IE                          (abs)         07F94
_INT0IF                          (abs)         07F91
_INTCON2bits                     (abs)         00FF1
_INTCONbits                      (abs)         00FF2
_IPR3bits                        (abs)         00FA5
_LATA                            (abs)         00F89
_LATAbits                        (abs)         00F89
_LATBbits                        (abs)         00F8A
_LATCbits                        (abs)         00F8B
_LATD                            (abs)         00F8C
_LATDbits                        (abs)         00F8C
_LATEbits                        (abs)         00F8D
_MAX_SELECTION                   smallconst    00F10
_PCTemp                          bssCOMRAM     00032
_PIE3bits                        (abs)         00FA3
_PORTA                           (abs)         00F80
_PORTB                           (abs)         00F81
_PORTBbits                       (abs)         00F81
_PORTD                           (abs)         00F83
_RBIE                            (abs)         07F93
_RBIF                            (abs)         07F90
_RCONbits                        (abs)         00FD0
_RCSTA1bits                      (abs)         00FAC
_REDisableInterrupts             text17        042A0
_REEnableInterrupts              text4         0429A
_REFlags                         bssBANK0      000DF
_RELockout                       text57        0424A
_REReadEncoder                   text28        03FCE
_RERelease                       text29        04238
_RTCCAL                          (abs)         00F3E
_RTCCFG                          (abs)         00F3F
_RTCCFGbits                      (abs)         00F3F
_RTCCIE                          (abs)         07D18
_RTCCIF                          (abs)         07D20
_RTCVALH                         (abs)         00F3B
_RTCVALL                         (abs)         00F3A
_RtccInitClock                   text36        040A2
_RtccReadTime                    text27        03C8C
_RtccSetAlarmRpt                 text38        03D9C
_RtccWrOn                        text37        04224
_RtccWriteAlrmTime               text30        03254
_RtccWriteTime                   text19        02C16
_SEGDIGARRAY                     smallconst    00F0A
_SEGSINKARRAY                    smallconst    00F00
_SPBRG1                          (abs)         00FB0
_T0CONbits                       (abs)         00FD5
_T1CONbits                       (abs)         00FCD
_TMR0H                           (abs)         00FD7
_TMR0IE                          (abs)         07F95
_TMR0IF                          (abs)         07F92
_TMR0L                           (abs)         00FD6
_TRISA                           (abs)         00F92
_TRISAbits                       (abs)         00F92
_TRISBbits                       (abs)         00F93
_TRISCbits                       (abs)         00F94
_TRISD                           (abs)         00F95
_TRISEbits                       (abs)         00F96
_TXREG1                          (abs)         00FAE
_TXSTA1bits                      (abs)         00FAD
__CFG_CFGPLLEN$OFF               (abs)         00000
__CFG_CPUDIV$OSC1                (abs)         00000
__CFG_OSC$HS                     (abs)         00000
__CFG_PLLDIV$1                   (abs)         00000
__CFG_RTCOSC$T1OSCREF            (abs)         00000
__CFG_WDTEN$OFF                  (abs)         00000
__CFG_XINST$OFF                  (abs)         00000
__HRAM                           (abs)         00000
__Habs1                          abs1          00000
__Hbank0                         bank0         00000
__Hbank1                         bank1         00000
__Hbank10                        bank10        00000
__Hbank11                        bank11        00000
__Hbank12                        bank12        00000
__Hbank13                        bank13        00000
__Hbank14                        bank14        00000
__Hbank2                         bank2         00000
__Hbank3                         bank3         00000
__Hbank4                         bank4         00000
__Hbank5                         bank5         00000
__Hbank6                         bank6         00000
__Hbank7                         bank7         00000
__Hbank8                         bank8         00000
__Hbank9                         bank9         00000
__Hbigbss                        bigbss        00000
__Hbigdata                       bigdata       00000
__Hbigram                        bigram        00000
__Hbss                           bss           00000
__HbssBANK0                      bssBANK0      00000
__HbssCOMRAM                     bssCOMRAM     00000
__Hcinit                         cinit         00000
__Hclrtext                       clrtext       00000
__Hcomram                        comram        00000
__Hconfig                        config        20000
__Hconst                         const         00000
__HcstackBANK0                   cstackBANK0   00000
__HcstackBANK1                   cstackBANK1   00000
__HcstackCOMRAM                  cstackCOMRAM  00000
__Hdata                          data          00000
__HdataBANK0                     dataBANK0     00000
__HdataBANK1                     dataBANK1     00000
__HdataBANK2                     dataBANK2     00000
__HdataCOMRAM                    dataCOMRAM    00000
__Hend_init                      end_init      000A6
__Hfarbss                        farbss        00000
__Hfardata                       fardata       00000
__Hibigdata                      ibigdata      00000
__Hidata                         idata         00000
__HidataBANK0                    idataBANK0    00000
__HidataBANK1                    idataBANK1    00000
__HidataBANK2                    idataBANK2    00000
__HidataCOMRAM                   idataCOMRAM   00000
__Hidloc                         idloc         00000
__Hifardata                      ifardata      00000
__Hinit                          init          000A2
__Hintcode                       intcode       00018
__Hintcode_body                  intcode_body  00000
__Hintcodelo                     intcodelo     000A2
__Hintentry                      intentry      00000
__Hintret                        intret        00000
__Hintsave_regs                  intsave_regs  00000
__Hirdata                        irdata        00000
__Hjflash_buffer                 jflash_buffer 1F800
__Hmediumconst                   mediumconst   00000
__Hnvbit                         nvbit         00000
__Hnvrram                        nvrram        00000
__Hparam                         rparam        00000
__Hpowerup                       powerup       000A2
__Hram                           ram           00000
__Hramtop                        ramtop        00F00
__Hrbit                          rbit          00000
__Hrbss                          rbss          00000
__Hrdata                         rdata         00000
__Hreset_vec                     reset_vec     00004
__Hrparam                        rparam        00000
__Hsfr                           sfr           00000
__Hsmallconst                    smallconst    00F14
__Hstruct                        struct        00000
__Htemp                          temp          00000
__Htext                          text          00000
__Htext0                         text0         00000
__Htext1                         text1         00000
__Htext10                        text10        00000
__Htext11                        text11        00000
__Htext12                        text12        00000
__Htext13                        text13        00000
__Htext14                        text14        00000
__Htext15                        text15        00000
__Htext16                        text16        00000
__Htext17                        text17        00000
__Htext18                        text18        00000
__Htext19                        text19        00000
__Htext2                         text2         00000
__Htext20                        text20        00000
__Htext21                        text21        00000
__Htext22                        text22        00000
__Htext23                        text23        00000
__Htext24                        text24        00000
__Htext25                        text25        00000
__Htext26                        text26        00000
__Htext27                        text27        00000
__Htext28                        text28        00000
__Htext29                        text29        00000
__Htext3                         text3         00000
__Htext30                        text30        00000
__Htext31                        text31        00000
__Htext32                        text32        00000
__Htext33                        text33        00000
__Htext34                        text34        00000
__Htext35                        text35        00000
__Htext36                        text36        00000
__Htext37                        text37        00000
__Htext38                        text38        00000
__Htext39                        text39        00000
__Htext4                         text4         00000
__Htext40                        text40        00000
__Htext41                        text41        00000
__Htext42                        text42        00000
__Htext43                        text43        00000
__Htext44                        text44        00000
__Htext45                        text45        00000
__Htext46                        text46        00000
__Htext47                        text47        00000
__Htext48                        text48        00000
__Htext49                        text49        00000
__Htext5                         text5         00000
__Htext50                        text50        00000
__Htext51                        text51        00000
__Htext52                        text52        00000
__Htext53                        text53        00000
__Htext54                        text54        00000
__Htext57                        text57        00000
__Htext6                         text6         00000
__Htext7                         text7         00000
__Htext8                         text8         00000
__Htext9                         text9         00000
__LRAM                           (abs)         00001
__Labs1                          abs1          00000
__Lbank0                         bank0         00000
__Lbank1                         bank1         00000
__Lbank10                        bank10        00000
__Lbank11                        bank11        00000
__Lbank12                        bank12        00000
__Lbank13                        bank13        00000
__Lbank14                        bank14        00000
__Lbank2                         bank2         00000
__Lbank3                         bank3         00000
__Lbank4                         bank4         00000
__Lbank5                         bank5         00000
__Lbank6                         bank6         00000
__Lbank7                         bank7         00000
__Lbank8                         bank8         00000
__Lbank9                         bank9         00000
__Lbigbss                        bigbss        00000
__Lbigdata                       bigdata       00000
__Lbigram                        bigram        00000
__Lbss                           bss           00000
__LbssBANK0                      bssBANK0      00000
__LbssCOMRAM                     bssCOMRAM     00000
__Lcinit                         cinit         00000
__Lclrtext                       clrtext       00000
__Lcomram                        comram        00000
__Lconfig                        config        1FFF8
__Lconst                         const         00000
__LcstackBANK0                   cstackBANK0   00000
__LcstackBANK1                   cstackBANK1   00000
__LcstackCOMRAM                  cstackCOMRAM  00000
__Ldata                          data          00000
__LdataBANK0                     dataBANK0     00000
__LdataBANK1                     dataBANK1     00000
__LdataBANK2                     dataBANK2     00000
__LdataCOMRAM                    dataCOMRAM    00000
__Lend_init                      end_init      000A2
__Lfarbss                        farbss        00000
__Lfardata                       fardata       00000
__Libigdata                      ibigdata      00000
__Lidata                         idata         00000
__LidataBANK0                    idataBANK0    00000
__LidataBANK1                    idataBANK1    00000
__LidataBANK2                    idataBANK2    00000
__LidataCOMRAM                   idataCOMRAM   00000
__Lidloc                         idloc         00000
__Lifardata                      ifardata      00000
__Linit                          init          000A2
__Lintcode                       intcode       00008
__Lintcode_body                  intcode_body  00000
__Lintcodelo                     intcodelo     00018
__Lintentry                      intentry      00000
__Lintret                        intret        00000
__Lintsave_regs                  intsave_regs  00000
__Lirdata                        irdata        00000
__Ljflash_buffer                 jflash_buffer 1F800
__Lmediumconst                   mediumconst   00000
__Lnvbit                         nvbit         00000
__Lnvrram                        nvrram        00000
__Lparam                         rparam        00000
__Lpowerup                       powerup       000A2
__Lram                           ram           00000
__Lramtop                        ramtop        00F00
__Lrbit                          rbit          00000
__Lrbss                          rbss          00000
__Lrdata                         rdata         00000
__Lreset_vec                     reset_vec     00000
__Lrparam                        rparam        00000
__Lsfr                           sfr           00000
__Lsmallconst                    smallconst    00F00
__Lstruct                        struct        00000
__Ltemp                          temp          00000
__Ltext                          text          00000
__Ltext0                         text0         00000
__Ltext1                         text1         00000
__Ltext10                        text10        00000
__Ltext11                        text11        00000
__Ltext12                        text12        00000
__Ltext13                        text13        00000
__Ltext14                        text14        00000
__Ltext15                        text15        00000
__Ltext16                        text16        00000
__Ltext17                        text17        00000
__Ltext18                        text18        00000
__Ltext19                        text19        00000
__Ltext2                         text2         00000
__Ltext20                        text20        00000
__Ltext21                        text21        00000
__Ltext22                        text22        00000
__Ltext23                        text23        00000
__Ltext24                        text24        00000
__Ltext25                        text25        00000
__Ltext26                        text26        00000
__Ltext27                        text27        00000
__Ltext28                        text28        00000
__Ltext29                        text29        00000
__Ltext3                         text3         00000
__Ltext30                        text30        00000
__Ltext31                        text31        00000
__Ltext32                        text32        00000
__Ltext33                        text33        00000
__Ltext34                        text34        00000
__Ltext35                        text35        00000
__Ltext36                        text36        00000
__Ltext37                        text37        00000
__Ltext38                        text38        00000
__Ltext39                        text39        00000
__Ltext4                         text4         00000
__Ltext40                        text40        00000
__Ltext41                        text41        00000
__Ltext42                        text42        00000
__Ltext43                        text43        00000
__Ltext44                        text44        00000
__Ltext45                        text45        00000
__Ltext46                        text46        00000
__Ltext47                        text47        00000
__Ltext48                        text48        00000
__Ltext49                        text49        00000
__Ltext5                         text5         00000
__Ltext50                        text50        00000
__Ltext51                        text51        00000
__Ltext52                        text52        00000
__Ltext53                        text53        00000
__Ltext54                        text54        00000
__Ltext57                        text57        00000
__Ltext6                         text6         00000
__Ltext7                         text7         00000
__Ltext8                         text8         00000
__Ltext9                         text9         00000
__S0                             (abs)         20000
__S1                             (abs)         002DC
___ftdiv                         text51        02674
___ftdiv@cntr                    cstackBANK0   000B6
___ftdiv@exp                     cstackBANK0   000BA
___ftdiv@f1                      cstackBANK0   000AB
___ftdiv@f2                      cstackBANK0   000AE
___ftdiv@f3                      cstackBANK0   000B7
___ftdiv@sign                    cstackBANK0   000BB
___ftge                          text43        034A4
___ftge@ff1                      cstackBANK0   000A3
___ftge@ff2                      cstackBANK0   000A6
___ftmul                         text44        0223A
___ftmul@cntr                    cstackBANK0   000CB
___ftmul@exp                     cstackBANK0   000C7
___ftmul@f1                      cstackBANK0   000BC
___ftmul@f2                      cstackBANK0   000BF
___ftmul@f3_as_product           cstackBANK0   000C8
___ftmul@sign                    cstackBANK0   000CC
___ftpack                        text52        02F62
___ftpack@arg                    cstackBANK0   000A3
___ftpack@exp                    cstackBANK0   000A6
___ftpack@sign                   cstackBANK0   000A7
___fttol                         text45        0286A
___fttol@exp1                    cstackBANK0   000B1
___fttol@f1                      cstackBANK0   000A3
___fttol@lval                    cstackBANK0   000AD
___fttol@sign1                   cstackBANK0   000AC
___lwdiv                         text53        03838
___lwdiv@counter                 cstackBANK0   000A7
___lwdiv@dividend                cstackBANK0   000A3
___lwdiv@divisor                 cstackBANK0   000A5
___lwdiv@quotient                cstackBANK0   000A8
___lwmod                         text54        03B6E
___lwmod@counter                 cstackCOMRAM  00021
___lwmod@dividend                cstackBANK0   000A3
___lwmod@divisor                 cstackBANK0   000A5
__accesstop                      (abs)         00060
__activetblptr                   (abs)         00003
__end_of_ALL_ALM_LED_OFF         text10        0429A
__end_of_ALL_ALM_LED_ON          text9         04292
__end_of_ALL_IND_LED_OFF         text6         0428A
__end_of_DELAYTIME               smallconst    00F10
__end_of_MAX_SELECTION           smallconst    00F12
__end_of_REDisableInterrupts     text17        042A4
__end_of_REEnableInterrupts      text4         042A0
__end_of_RELockout               text57        0425A
__end_of_REReadEncoder           text28        04018
__end_of_RERelease               text29        0424A
__end_of_RtccInitClock           text36        040E2
__end_of_RtccReadTime            text27        03D16
__end_of_RtccSetAlarmRpt         text38        03E1E
__end_of_RtccWrOn                text37        04238
__end_of_RtccWriteAlrmTime       text30        03388
__end_of_RtccWriteTime           text19        02DD2
__end_of_SEGDIGARRAY             smallconst    00F0E
__end_of_SEGSINKARRAY            smallconst    00F0A
__end_of___ftdiv                 text51        0286A
__end_of___ftge                  text43        035AC
__end_of___ftmul                 text44        02464
__end_of___ftpack                text52        030EE
__end_of___fttol                 text45        02A4E
__end_of___lwdiv                 text53        038F4
__end_of___lwmod                 text54        03BFE
__end_of__initialization         cinit         03ACE
__end_of_alarmInit               text20        03C8C
__end_of_bcdtod                  text23        03764
__end_of_checkLimits             text13        03E94
__end_of_clickEvent              text15        0411E
__end_of_disableAmplifier        text34        042A8
__end_of_dispSetTime             text14        013B6
__end_of_dispTime                text3         01CDA
__end_of_displayDigit            text35        03FCE
__end_of_displayOFF              text16        04280
__end_of_dtobcd                  text21        034A4
__end_of_enableAmplifier         text39        042AC
__end_of_enableLED               text1         041FA
__end_of_enableTime              text22        04268
__end_of_genDelay_ms             text33        03A36
__end_of_hp_isr                  intcode_body  02F62
__end_of_initGeneralTimer        text24        04210
__end_of_lp_isr                  intcodelo     000A2
__end_of_main                    text0         02C16
__end_of_parseDuration           text50        03F6C
__end_of_playNote                text48        041BA
__end_of_playback                text32        01854
__end_of_rotEncInit              text2         04148
__end_of_setBank                 text46        0416E
__end_of_setTempo                text42        03254
__end_of_setVolume               text47        04194
__end_of_setupForPlayback        text31        03B6E
__end_of_sevenSegInit            text25        04224
__end_of_soundInit               text26        041DE
__end_of_state_setAlarm          text12        02674
__end_of_state_setTime           text11        0223A
__end_of_state_settingsCycle     text5         01FF8
__end_of_state_soundAlarm        text7         03996
__end_of_timeInit                text18        03D9C
__end_of_toggleLED               text8         03F00
__end_of_txMIDI                  text49        0405E
__end_of_vsHoldRST               text40        042B0
__end_of_vsReleaseRST            text41        042B4
__initialization                 cinit         03A36
__mediumconst                    mediumconst   00000
__pbssBANK0                      bssBANK0      000DF
__pbssCOMRAM                     bssCOMRAM     00022
__pcinit                         cinit         03A36
__pcstackBANK0                   cstackBANK0   000A3
__pcstackBANK1                   cstackBANK1   001D4
__pcstackCOMRAM                  cstackCOMRAM  00001
__pdataBANK0                     dataBANK0     00060
__pdataBANK1                     dataBANK1     00100
__pdataBANK2                     dataBANK2     00200
__pdataCOMRAM                    dataCOMRAM    00035
__pidataBANK0                    idataBANK0    0405E
__pidataBANK1                    idataBANK1    03764
__pidataBANK2                    idataBANK2    035AC
__pidataCOMRAM                   idataCOMRAM   04268
__pintcode                       intcode       00008
__pintcode_body                  intcode_body  02DD2
__pintcodelo                     intcodelo     00018
__psmallconst                    smallconst    00F00
__ptext0                         text0         02A4E
__ptext1                         text1         041DE
__ptext10                        text10        04292
__ptext11                        text11        01FF8
__ptext12                        text12        02464
__ptext13                        text13        03E1E
__ptext14                        text14        00F14
__ptext15                        text15        040E2
__ptext16                        text16        04274
__ptext17                        text17        042A0
__ptext18                        text18        03D16
__ptext19                        text19        02C16
__ptext2                         text2         0411E
__ptext20                        text20        03BFE
__ptext21                        text21        03388
__ptext22                        text22        0425A
__ptext23                        text23        03688
__ptext24                        text24        041FA
__ptext25                        text25        04210
__ptext26                        text26        041BA
__ptext27                        text27        03C8C
__ptext28                        text28        03FCE
__ptext29                        text29        04238
__ptext3                         text3         01854
__ptext30                        text30        03254
__ptext31                        text31        03AD4
__ptext32                        text32        013B6
__ptext33                        text33        03996
__ptext34                        text34        042A4
__ptext35                        text35        03F6C
__ptext36                        text36        040A2
__ptext37                        text37        04224
__ptext38                        text38        03D9C
__ptext39                        text39        042A8
__ptext4                         text4         0429A
__ptext40                        text40        042AC
__ptext41                        text41        042B0
__ptext42                        text42        030EE
__ptext43                        text43        034A4
__ptext44                        text44        0223A
__ptext45                        text45        0286A
__ptext46                        text46        04148
__ptext47                        text47        0416E
__ptext48                        text48        04194
__ptext49                        text49        04018
__ptext5                         text5         01CDA
__ptext50                        text50        03F00
__ptext51                        text51        02674
__ptext52                        text52        02F62
__ptext53                        text53        03838
__ptext54                        text54        03B6E
__ptext57                        text57        0424A
__ptext6                         text6         04280
__ptext7                         text7         038F4
__ptext8                         text8         03E94
__ptext9                         text9         0428A
__ramtop                         ramtop        00F00
__size_of_ALL_ALM_LED_OFF        (abs)         00000
__size_of_ALL_ALM_LED_ON         (abs)         00000
__size_of_ALL_IND_LED_OFF        (abs)         00000
__size_of_REDisableInterrupts    (abs)         00000
__size_of_REEnableInterrupts     (abs)         00000
__size_of_RELockout              (abs)         00000
__size_of_REReadEncoder          (abs)         00000
__size_of_RERelease              (abs)         00000
__size_of_RtccInitClock          (abs)         00000
__size_of_RtccReadTime           (abs)         00000
__size_of_RtccSetAlarmRpt        (abs)         00000
__size_of_RtccWrOn               (abs)         00000
__size_of_RtccWriteAlrmTime      (abs)         00000
__size_of_RtccWriteTime          (abs)         00000
__size_of___ftdiv                (abs)         00000
__size_of___ftge                 (abs)         00000
__size_of___ftmul                (abs)         00000
__size_of___ftpack               (abs)         00000
__size_of___fttol                (abs)         00000
__size_of___lwdiv                (abs)         00000
__size_of___lwmod                (abs)         00000
__size_of_alarmInit              (abs)         00000
__size_of_bcdtod                 (abs)         00000
__size_of_checkLimits            (abs)         00000
__size_of_clickEvent             (abs)         00000
__size_of_disableAmplifier       (abs)         00000
__size_of_dispSetTime            (abs)         00000
__size_of_dispTime               (abs)         00000
__size_of_displayDigit           (abs)         00000
__size_of_displayOFF             (abs)         00000
__size_of_dtobcd                 (abs)         00000
__size_of_enableAmplifier        (abs)         00000
__size_of_enableLED              (abs)         00000
__size_of_enableTime             (abs)         00000
__size_of_genDelay_ms            (abs)         00000
__size_of_hp_isr                 (abs)         00000
__size_of_initGeneralTimer       (abs)         00000
__size_of_lp_isr                 (abs)         00000
__size_of_main                   (abs)         00000
__size_of_parseDuration          (abs)         00000
__size_of_playNote               (abs)         00000
__size_of_playback               (abs)         00000
__size_of_rotEncInit             (abs)         00000
__size_of_setBank                (abs)         00000
__size_of_setTempo               (abs)         00000
__size_of_setVolume              (abs)         00000
__size_of_setupForPlayback       (abs)         00000
__size_of_sevenSegInit           (abs)         00000
__size_of_soundInit              (abs)         00000
__size_of_state_setAlarm         (abs)         00000
__size_of_state_setTime          (abs)         00000
__size_of_state_settingsCycle    (abs)         00000
__size_of_state_soundAlarm       (abs)         00000
__size_of_timeInit               (abs)         00000
__size_of_toggleLED              (abs)         00000
__size_of_txMIDI                 (abs)         00000
__size_of_vsHoldRST              (abs)         00000
__size_of_vsReleaseRST           (abs)         00000
__smallconst                     smallconst    00F00
_alarmFlag                       bssBANK0      000E1
_alarmInit                       text20        03BFE
_bcdtod                          text23        03688
_checkLimits                     text13        03E1E
_clickEvent                      text15        040E2
_disableAmplifier                text34        042A4
_dispSetTime                     text14        00F14
_dispTime                        text3         01854
_displayDigit                    text35        03F6C
_displayOFF                      text16        04274
_dtobcd                          text21        03388
_eighth                          bssCOMRAM     00022
_enableAmplifier                 text39        042A8
_enableLED                       text1         041DE
_enableTime                      text22        0425A
_exitAlarmFlag                   bssBANK0      000E3
_genDelayLockStatus              bssBANK0      000E5
_genDelay_ms                     text33        03996
_half                            bssCOMRAM     00024
_hourUpperLimit                  dataCOMRAM    00035
_hp_isr                          intcode       00008
_initGeneralTimer                text24        041FA
_isColonON                       bssBANK0      000E7
_lp_isr                          intcodelo     00018
_main                            text0         02A4E
_minuteUpperLimit                dataCOMRAM    00037
_numInstruments                  dataBANK0     000A0
_parseDuration                   text50        03F00
_playNote                        text48        04194
_playback                        text32        013B6
_quarter                         bssBANK0      000E9
_rotEncInit                      text2         0411E
_score1                          dataBANK1     00100
_score1Count                     bssCOMRAM     00026
_score1Length                    dataCOMRAM    00039
_score1Repeat                    dataCOMRAM    0003B
_score2                          dataBANK2     00200
_score2Count                     bssBANK0      000EB
_score2Length                    dataCOMRAM    0003D
_score2Repeat                    dataCOMRAM    0003F
_setBank                         text46        04148
_setTempo                        text42        030EE
_setTempo$3240                   cstackBANK0   000D0
_setVolume                       text47        0416E
_settingsFlag                    bssBANK0      000EF
_setupForPlayback                text31        03AD4
_sevenSegInit                    text25        04210
_showTime                        bssBANK0      000F1
_sixteenth                       bssCOMRAM     00028
_soundInit                       text26        041BA
_state_setAlarm                  text12        02464
_state_setTime                   text11        01FF8
_state_settingsCycle             text5         01CDA
_state_soundAlarm                text7         038F4
_timeInit                        text18        03D16
_timeLowerLimit                  bssCOMRAM     0002A
_tmp                             bssBANK0      000F5
_toggleLED                       text8         03E94
_txMIDI                          text49        04018
_volume                          dataBANK0     000A2
_vsHoldRST                       text40        042AC
_vsReleaseRST                    text41        042B0
_whole                           bssCOMRAM     0002C
alarmInit@hour                   cstackBANK0   000AC
alarmInit@min                    cstackBANK0   000AE
alarmInit@pAlarm                 cstackBANK0   000AA
bcdtod@bcd                       cstackCOMRAM  00020
checkLimits@lowerLimit           cstackBANK0   000A5
checkLimits@numberToCheck        cstackBANK0   000A3
checkLimits@upperLimit           cstackBANK0   000A7
dispSetTime@del                  cstackBANK0   000B8
dispSetTime@dig0                 cstackBANK0   000B0
dispSetTime@dig0_931             cstackBANK0   000B4
dispSetTime@dig1                 cstackBANK0   000B2
dispSetTime@dig1_932             cstackBANK0   000B6
dispSetTime@hourMin              cstackBANK0   000AC
dispSetTime@time                 cstackBANK0   000AA
dispTime@del                     cstackBANK0   000B2
dispTime@dig0                    cstackBANK0   000AE
dispTime@dig1                    cstackBANK0   000B0
dispTime@hour                    cstackBANK0   000AA
dispTime@min                     cstackBANK0   000AC
displayDigit@digit               cstackBANK0   000A5
displayDigit@number              cstackBANK0   000A3
dtobcd@bcdConv                   cstackBANK0   000A6
dtobcd@dec                       cstackCOMRAM  00020
dtobcd@i                         cstackBANK0   000A4
end_of_initialization            cinit         03ACE
genDelay_ms@delayTime_ms         cstackCOMRAM  00020
genDelay_ms@tmrReg               cstackBANK0   000A7
genDelay_ms@tmrRegH              cstackBANK0   000A6
genDelay_ms@tmrRegL              cstackBANK0   000A5
int_func                         intcode_body  02DD2
intlevel0                        text          00000
intlevel1                        text          00000
intlevel2                        text          00000
intlevel3                        text          00000
main@RTCCAlarm                   cstackBANK1   001DE
main@RTCCRead                    cstackBANK1   001E2
main@RTCCTime                    cstackBANK1   001DA
main@RTCHour                     cstackBANK1   001D4
main@RTCMin                      cstackBANK1   001D6
main@count                       cstackBANK1   001D8
parseDuration@duration           cstackCOMRAM  00020
playNote@channel                 cstackBANK0   000A6
playNote@note                    cstackBANK0   000A7
playback@block                   bssCOMRAM     0002E
playback@dur1                    cstackBANK0   000AF
playback@dur2                    cstackBANK0   000B1
playback@grandDuration           cstackBANK0   000AD
playback@note1                   cstackBANK0   000AB
playback@note2                   cstackBANK0   000AC
rotEnc@oldState                  bssCOMRAM     00034
setBank@bank                     cstackBANK0   000A7
setBank@channel                  cstackBANK0   000A6
setTempo@baseTime                cstackBANK0   000CD
setTempo@tempo                   cstackBANK0   000D3
setVolume@channel                cstackBANK0   000A6
setVolume@volume                 cstackBANK0   000A7
sound@scoreIndex                 bssCOMRAM     00030
start                            init          000A2
start_initialization             cinit         03A36
state_setAlarm@RTCCSetAlarm      cstackBANK0   000C1
state_setAlarm@counter           cstackBANK0   000BF
state_setAlarm@hourMin           cstackBANK0   000BD
state_setAlarm@j                 cstackBANK0   000BB
state_setTime@RTCCSetTimeDate    cstackBANK0   000C5
state_setTime@counter            cstackBANK0   000C3
state_setTime@del                cstackBANK0   000BD
state_setTime@hourMin            cstackBANK0   000C1
state_setTime@j                  cstackBANK0   000BF
state_settingsCycle@firstTime    cstackBANK0   000CC
state_settingsCycle@isAlarmOn    bssBANK0      000F3
state_settingsCycle@j            cstackBANK0   000D0
state_settingsCycle@selection    cstackBANK0   000D2
state_settingsCycle@selectionChg cstackBANK0   000CE
state_soundAlarm@sequence        cstackBANK0   000D8
timeInit@hour                    cstackBANK0   000AF
timeInit@min                     cstackBANK0   000B1
timeInit@pTime                   cstackBANK0   000AD
toggleLED@sequence               cstackCOMRAM  00020
txMIDI@cmd                       cstackBANK0   000A3
txMIDI@data1                     cstackBANK0   000A4
txMIDI@data2                     cstackBANK0   000A5


FUNCTION INFORMATION:

 *************** function _main *****************
 Defined at:
		line 40 in file "main.c"
 Parameters:    Size  Location     Type
  argc            2   55[BANK0 ] int 
  argv            3   57[BANK0 ] PTR PTR unsigned char 
 Auto vars:     Size  Location     Type
  RTCMin          2    2[BANK1 ] unsigned int 
  RTCHour         2    0[BANK1 ] unsigned int 
  RTCCRead        4   14[BANK1 ] struct .
  RTCCAlarm       4   10[BANK1 ] struct .
  RTCCTime        4    6[BANK1 ] struct .
  count           2    4[BANK1 ] unsigned int 
 Return value:  Size  Location     Type
                  2   55[BANK0 ] int 
 Registers used:
		wreg, fsr0l, fsr0h, fsr1l, fsr1h, fsr2l, fsr2h, status,2, status,0, pclat, tosl, structret, tblptrl, tblptrh, tblptru, prodl, prodh, bsr, cstack
 Tracked objects:
		On entry : 
		On exit  : 
		Unchanged: 
 Data sizes:     COMRAM   BANK0   BANK1   BANK2   BANK3   BANK4   BANK5   BANK6   BANK7   BANK8   BANK9  BANK10  BANK11  BANK12  BANK13  BANK14
      Params:         0       5       0       0       0       0       0       0       0       0       0       0       0       0       0       0
      Locals:         0       0      18       0       0       0       0       0       0       0       0       0       0       0       0       0
      Temps:          0       0       0       0       0       0       0       0       0       0       0       0       0       0       0       0
      Totals:         0       5      18       0       0       0       0       0       0       0       0       0       0       0       0       0
Total ram usage:       23 bytes
 Hardware stack levels required when called:    8
 This function calls:
		_enableLED
		_initGeneralTimer
		_sevenSegInit
		_rotEncInit
		_soundInit
		_timeInit
		_alarmInit
		_enableTime
		_genDelay_ms
		_RtccReadTime
		_bcdtod
		_dispTime
		_clickEvent
		_displayOFF
		_REEnableInterrupts
		_state_settingsCycle
		_state_soundAlarm
 This function is called by:
		Startup code after reset
 This function uses a non-reentrant model


 *************** function _enableLED *****************
 Defined at:
		line 40 in file "led.h"
 Parameters:    Size  Location     Type
		None
 Auto vars:     Size  Location     Type
		None
 Return value:  Size  Location     Type
                  2  118[COMRAM] int 
 Registers used:
		None
 Tracked objects:
		On entry : 
		On exit  : 
		Unchanged: 
 Data sizes:     COMRAM   BANK0   BANK1   BANK2   BANK3   BANK4   BANK5   BANK6   BANK7   BANK8   BANK9  BANK10  BANK11  BANK12  BANK13  BANK14
      Params:         0       0       0       0       0       0       0       0       0       0       0       0       0       0       0       0
      Locals:         0       0       0       0       0       0       0       0       0       0       0       0       0       0       0       0
      Temps:          0       0       0       0       0       0       0       0       0       0       0       0       0       0       0       0
      Totals:         0       0       0       0       0       0       0       0       0       0       0       0       0       0       0       0
Total ram usage:        0 bytes
 Hardware stack levels used:    1
 Hardware stack levels required when called:    3
 This function calls:
		Nothing
 This function is called by:
		_main
 This function uses a non-reentrant model


 *************** function _rotEncInit *****************
 Defined at:
		line 3 in file "rotEnc.c"
 Parameters:    Size  Location     Type
		None
 Auto vars:     Size  Location     Type
		None
 Return value:  Size  Location     Type
                  2   22[COMRAM] int 
 Registers used:
		wreg, status,2
 Tracked objects:
		On entry : 
		On exit  : 
		Unchanged: 
 Data sizes:     COMRAM   BANK0   BANK1   BANK2   BANK3   BANK4   BANK5   BANK6   BANK7   BANK8   BANK9  BANK10  BANK11  BANK12  BANK13  BANK14
      Params:         0       0       0       0       0       0       0       0       0       0       0       0       0       0       0       0
      Locals:         0       0       0       0       0       0       0       0       0       0       0       0       0       0       0       0
      Temps:          0       0       0       0       0       0       0       0       0       0       0       0       0       0       0       0
      Totals:         0       0       0       0       0       0       0       0       0       0       0       0       0       0       0       0
Total ram usage:        0 bytes
 Hardware stack levels used:    1
 Hardware stack levels required when called:    3
 This function calls:
		Nothing
 This function is called by:
		_main
 This function uses a non-reentrant model


 *************** function _dispTime *****************
 Defined at:
		line 22 in file "sevenSeg.c"
 Parameters:    Size  Location     Type
  hour            2    7[BANK0 ] unsigned int 
  min             2    9[BANK0 ] unsigned int 
 Auto vars:     Size  Location     Type
  del             2   15[BANK0 ] int 
  dig1            2   13[BANK0 ] unsigned int 
  dig0            2   11[BANK0 ] unsigned int 
 Return value:  Size  Location     Type
                  2    7[BANK0 ] int 
 Registers used:
		wreg, status,2, status,0, tblptrl, tblptrh, tblptru, cstack
 Tracked objects:
		On entry : 
		On exit  : 
		Unchanged: 
 Data sizes:     COMRAM   BANK0   BANK1   BANK2   BANK3   BANK4   BANK5   BANK6   BANK7   BANK8   BANK9  BANK10  BANK11  BANK12  BANK13  BANK14
      Params:         0       4       0       0       0       0       0       0       0       0       0       0       0       0       0       0
      Locals:         0       6       0       0       0       0       0       0       0       0       0       0       0       0       0       0
      Temps:          0       0       0       0       0       0       0       0       0       0       0       0       0       0       0       0
      Totals:         0      10       0       0       0       0       0       0       0       0       0       0       0       0       0       0
Total ram usage:       10 bytes
 Hardware stack levels used:    1
 Hardware stack levels required when called:    4
 This function calls:
		_displayDigit
		_displayOFF
		___lwmod
		___lwdiv
 This function is called by:
		_main
 This function uses a non-reentrant model


 *************** function _REEnableInterrupts *****************
 Defined at:
		line 62 in file "rotEnc.c"
 Parameters:    Size  Location     Type
		None
 Auto vars:     Size  Location     Type
		None
 Return value:  Size  Location     Type
		None               void
 Registers used:
		None
 Tracked objects:
		On entry : 
		On exit  : 
		Unchanged: 
 Data sizes:     COMRAM   BANK0   BANK1   BANK2   BANK3   BANK4   BANK5   BANK6   BANK7   BANK8   BANK9  BANK10  BANK11  BANK12  BANK13  BANK14
      Params:         0       0       0       0       0       0       0       0       0       0       0       0       0       0       0       0
      Locals:         0       0       0       0       0       0       0       0       0       0       0       0       0       0       0       0
      Temps:          0       0       0       0       0       0       0       0       0       0       0       0       0       0       0       0
      Totals:         0       0       0       0       0       0       0       0       0       0       0       0       0       0       0       0
Total ram usage:        0 bytes
 Hardware stack levels used:    1
 Hardware stack levels required when called:    3
 This function calls:
		Nothing
 This function is called by:
		_main
 This function uses a non-reentrant model


 *************** function _state_settingsCycle *****************
 Defined at:
		line 111 in file "main.c"
 Parameters:    Size  Location     Type
		None
 Auto vars:     Size  Location     Type
  j               2   45[BANK0 ] int 
  selection       2   47[BANK0 ] int 
  selectionChg    2   43[BANK0 ] int 
  firstTime       2   41[BANK0 ] int 
 Return value:  Size  Location     Type
                  2   48[COMRAM] int 
 Registers used:
		wreg, fsr0l, fsr0h, fsr1l, fsr1h, fsr2l, fsr2h, status,2, status,0, pclat, tosl, structret, tblptrl, tblptrh, tblptru, prodl, prodh, bsr, cstack
 Tracked objects:
		On entry : 
		On exit  : 
		Unchanged: 
 Data sizes:     COMRAM   BANK0   BANK1   BANK2   BANK3   BANK4   BANK5   BANK6   BANK7   BANK8   BANK9  BANK10  BANK11  BANK12  BANK13  BANK14
      Params:         0       0       0       0       0       0       0       0       0       0       0       0       0       0       0       0
      Locals:         0       8       0       0       0       0       0       0       0       0       0       0       0       0       0       0
      Temps:          0       3       0       0       0       0       0       0       0       0       0       0       0       0       0       0
      Totals:         0      11       0       0       0       0       0       0       0       0       0       0       0       0       0       0
Total ram usage:       11 bytes
 Hardware stack levels used:    1
 Hardware stack levels required when called:    6
 This function calls:
		_clickEvent
		_genDelay_ms
		_state_setTime
		_state_setAlarm
		_ALL_IND_LED_OFF
		_REDisableInterrupts
		_REReadEncoder
		_RERelease
 This function is called by:
		_main
 This function uses a non-reentrant model


 *************** function _ALL_IND_LED_OFF *****************
 Defined at:
		line 73 in file "led.h"
 Parameters:    Size  Location     Type
		None
 Auto vars:     Size  Location     Type
		None
 Return value:  Size  Location     Type
                  2  127[COMRAM] int 
 Registers used:
		None
 Tracked objects:
		On entry : 
		On exit  : 
		Unchanged: 
 Data sizes:     COMRAM   BANK0   BANK1   BANK2   BANK3   BANK4   BANK5   BANK6   BANK7   BANK8   BANK9  BANK10  BANK11  BANK12  BANK13  BANK14
      Params:         0       0       0       0       0       0       0       0       0       0       0       0       0       0       0       0
      Locals:         0       0       0       0       0       0       0       0       0       0       0       0       0       0       0       0
      Temps:          0       0       0       0       0       0       0       0       0       0       0       0       0       0       0       0
      Totals:         0       0       0       0       0       0       0       0       0       0       0       0       0       0       0       0
Total ram usage:        0 bytes
 Hardware stack levels used:    1
 Hardware stack levels required when called:    3
 This function calls:
		Nothing
 This function is called by:
		_state_settingsCycle
 This function uses a non-reentrant model


 *************** function _state_soundAlarm *****************
 Defined at:
		line 339 in file "main.c"
 Parameters:    Size  Location     Type
		None
 Auto vars:     Size  Location     Type
  sequence        2   53[BANK0 ] unsigned int 
 Return value:  Size  Location     Type
                  2   50[COMRAM] int 
 Registers used:
		wreg, fsr0l, fsr0h, fsr1l, fsr1h, fsr2l, fsr2h, status,2, status,0, pclat, tosl, structret, tblptrl, tblptrh, tblptru, prodl, prodh, bsr, cstack
 Tracked objects:
		On entry : 
		On exit  : 
		Unchanged: 
 Data sizes:     COMRAM   BANK0   BANK1   BANK2   BANK3   BANK4   BANK5   BANK6   BANK7   BANK8   BANK9  BANK10  BANK11  BANK12  BANK13  BANK14
      Params:         0       0       0       0       0       0       0       0       0       0       0       0       0       0       0       0
      Locals:         0       2       0       0       0       0       0       0       0       0       0       0       0       0       0       0
      Temps:          0       0       0       0       0       0       0       0       0       0       0       0       0       0       0       0
      Totals:         0       2       0       0       0       0       0       0       0       0       0       0       0       0       0       0
Total ram usage:        2 bytes
 Hardware stack levels used:    1
 Hardware stack levels required when called:    7
 This function calls:
		_setupForPlayback
		_genDelay_ms
		_toggleLED
		_playback
		_disableAmplifier
		_ALL_ALM_LED_OFF
 This function is called by:
		_main
 This function uses a non-reentrant model


 *************** function _toggleLED *****************
 Defined at:
		line 80 in file "led.h"
 Parameters:    Size  Location     Type
  sequence        2   31[COMRAM] unsigned int 
 Auto vars:     Size  Location     Type
		None
 Return value:  Size  Location     Type
		None               void
 Registers used:
		wreg, status,2, status,0, cstack
 Tracked objects:
		On entry : 
		On exit  : 
		Unchanged: 
 Data sizes:     COMRAM   BANK0   BANK1   BANK2   BANK3   BANK4   BANK5   BANK6   BANK7   BANK8   BANK9  BANK10  BANK11  BANK12  BANK13  BANK14
      Params:         2       0       0       0       0       0       0       0       0       0       0       0       0       0       0       0
      Locals:         0       0       0       0       0       0       0       0       0       0       0       0       0       0       0       0
      Temps:          0       2       0       0       0       0       0       0       0       0       0       0       0       0       0       0
      Totals:         2       2       0       0       0       0       0       0       0       0       0       0       0       0       0       0
Total ram usage:        4 bytes
 Hardware stack levels used:    1
 Hardware stack levels required when called:    4
 This function calls:
		_ALL_ALM_LED_OFF
		_ALL_ALM_LED_ON
 This function is called by:
		_state_soundAlarm
 This function uses a non-reentrant model


 *************** function _ALL_ALM_LED_ON *****************
 Defined at:
		line 60 in file "led.h"
 Parameters:    Size  Location     Type
		None
 Auto vars:     Size  Location     Type
		None
 Return value:  Size  Location     Type
                  2  121[COMRAM] int 
 Registers used:
		None
 Tracked objects:
		On entry : 
		On exit  : 
		Unchanged: 
 Data sizes:     COMRAM   BANK0   BANK1   BANK2   BANK3   BANK4   BANK5   BANK6   BANK7   BANK8   BANK9  BANK10  BANK11  BANK12  BANK13  BANK14
      Params:         0       0       0       0       0       0       0       0       0       0       0       0       0       0       0       0
      Locals:         0       0       0       0       0       0       0       0       0       0       0       0       0       0       0       0
      Temps:          0       0       0       0       0       0       0       0       0       0       0       0       0       0       0       0
      Totals:         0       0       0       0       0       0       0       0       0       0       0       0       0       0       0       0
Total ram usage:        0 bytes
 Hardware stack levels used:    1
 Hardware stack levels required when called:    3
 This function calls:
		Nothing
 This function is called by:
		_toggleLED
 This function uses a non-reentrant model


 *************** function _ALL_ALM_LED_OFF *****************
 Defined at:
		line 67 in file "led.h"
 Parameters:    Size  Location     Type
		None
 Auto vars:     Size  Location     Type
		None
 Return value:  Size  Location     Type
                  2  124[COMRAM] int 
 Registers used:
		None
 Tracked objects:
		On entry : 
		On exit  : 
		Unchanged: 
 Data sizes:     COMRAM   BANK0   BANK1   BANK2   BANK3   BANK4   BANK5   BANK6   BANK7   BANK8   BANK9  BANK10  BANK11  BANK12  BANK13  BANK14
      Params:         0       0       0       0       0       0       0       0       0       0       0       0       0       0       0       0
      Locals:         0       0       0       0       0       0       0       0       0       0       0       0       0       0       0       0
      Temps:          0       0       0       0       0       0       0       0       0       0       0       0       0       0       0       0
      Totals:         0       0       0       0       0       0       0       0       0       0       0       0       0       0       0       0
Total ram usage:        0 bytes
 Hardware stack levels used:    1
 Hardware stack levels required when called:    3
 This function calls:
		Nothing
 This function is called by:
		_toggleLED
		_state_soundAlarm
 This function uses a non-reentrant model


 *************** function _state_setTime *****************
 Defined at:
		line 227 in file "main.c"
 Parameters:    Size  Location     Type
		None
 Auto vars:     Size  Location     Type
  RTCCSetTimeD    4   34[BANK0 ] struct .
  counter         2   32[BANK0 ] int 
  hourMin         2   30[BANK0 ] int 
  j               2   28[BANK0 ] int 
  del             2   26[BANK0 ] int 
 Return value:  Size  Location     Type
                  2   23[BANK0 ] int 
 Registers used:
		wreg, fsr2l, fsr2h, status,2, status,0, tblptrl, tblptrh, tblptru, cstack
 Tracked objects:
		On entry : 
		On exit  : 
		Unchanged: 
 Data sizes:     COMRAM   BANK0   BANK1   BANK2   BANK3   BANK4   BANK5   BANK6   BANK7   BANK8   BANK9  BANK10  BANK11  BANK12  BANK13  BANK14
      Params:         0       2       0       0       0       0       0       0       0       0       0       0       0       0       0       0
      Locals:         0      12       0       0       0       0       0       0       0       0       0       0       0       0       0       0
      Temps:          0       1       0       0       0       0       0       0       0       0       0       0       0       0       0       0
      Totals:         0      15       0       0       0       0       0       0       0       0       0       0       0       0       0       0
Total ram usage:       15 bytes
 Hardware stack levels used:    1
 Hardware stack levels required when called:    5
 This function calls:
		_RtccWrOn
		_REReadEncoder
		_RERelease
		_checkLimits
		_dispSetTime
		_clickEvent
		_genDelay_ms
		_displayOFF
		_dtobcd
		_RtccWriteTime
 This function is called by:
		_state_settingsCycle
 This function uses a non-reentrant model


 *************** function _state_setAlarm *****************
 Defined at:
		line 285 in file "main.c"
 Parameters:    Size  Location     Type
		None
 Auto vars:     Size  Location     Type
  RTCCSetAlarm    4   30[BANK0 ] struct .
  counter         2   28[BANK0 ] int 
  hourMin         2   26[BANK0 ] int 
  j               2   24[BANK0 ] int 
 Return value:  Size  Location     Type
                  2   54[COMRAM] int 
 Registers used:
		wreg, fsr2l, fsr2h, status,2, status,0, tblptrl, tblptrh, tblptru, cstack
 Tracked objects:
		On entry : 
		On exit  : 
		Unchanged: 
 Data sizes:     COMRAM   BANK0   BANK1   BANK2   BANK3   BANK4   BANK5   BANK6   BANK7   BANK8   BANK9  BANK10  BANK11  BANK12  BANK13  BANK14
      Params:         0       0       0       0       0       0       0       0       0       0       0       0       0       0       0       0
      Locals:         0      10       0       0       0       0       0       0       0       0       0       0       0       0       0       0
      Temps:          0       1       0       0       0       0       0       0       0       0       0       0       0       0       0       0
      Totals:         0      11       0       0       0       0       0       0       0       0       0       0       0       0       0       0
Total ram usage:       11 bytes
 Hardware stack levels used:    1
 Hardware stack levels required when called:    5
 This function calls:
		_REReadEncoder
		_RERelease
		_checkLimits
		_dispSetTime
		_clickEvent
		_genDelay_ms
		_displayOFF
		_dtobcd
		_RtccWriteAlrmTime
 This function is called by:
		_state_settingsCycle
 This function uses a non-reentrant model


 *************** function _checkLimits *****************
 Defined at:
		line 237 in file "sevenSeg.c"
 Parameters:    Size  Location     Type
  numberToChec    2    0[BANK0 ] int 
  lowerLimit      2    2[BANK0 ] int 
  upperLimit      2    4[BANK0 ] int 
 Auto vars:     Size  Location     Type
		None
 Return value:  Size  Location     Type
                  2    0[BANK0 ] int 
 Registers used:
		wreg, status,2, status,0
 Tracked objects:
		On entry : 
[...]
      Params:         0       2       0       0       0       0       0       0       0       0       0       0       0       0       0       0
      Locals:         0       0       0       0       0       0       0       0       0       0       0       0       0       0       0       0
      Temps:          1       0       0       0       0       0       0       0       0       0       0       0       0       0       0       0
      Totals:         1       2       0       0       0       0       0       0       0       0       0       0       0       0       0       0
Total ram usage:        3 bytes
 Hardware stack levels used:    1
 Hardware stack levels required when called:    4
 This function calls:
		_txMIDI
 This function is called by:
		_setupForPlayback
 This function uses a non-reentrant model


 *************** function _playNote *****************
 Defined at:
		line 107 in file "sound.c"
 Parameters:    Size  Location     Type
  channel         1    3[BANK0 ] unsigned char 
  note            1    4[BANK0 ] unsigned char 
 Auto vars:     Size  Location     Type
		None
 Return value:  Size  Location     Type
		None               void
 Registers used:
		wreg, status,2, status,0, cstack
 Tracked objects:
		On entry : 
		On exit  : 
		Unchanged: 
 Data sizes:     COMRAM   BANK0   BANK1   BANK2   BANK3   BANK4   BANK5   BANK6   BANK7   BANK8   BANK9  BANK10  BANK11  BANK12  BANK13  BANK14
      Params:         0       2       0       0       0       0       0       0       0       0       0       0       0       0       0       0
      Locals:         0       0       0       0       0       0       0       0       0       0       0       0       0       0       0       0
      Temps:          1       0       0       0       0       0       0       0       0       0       0       0       0       0       0       0
      Totals:         1       2       0       0       0       0       0       0       0       0       0       0       0       0       0       0
Total ram usage:        3 bytes
 Hardware stack levels used:    1
 Hardware stack levels required when called:    4
 This function calls:
		_txMIDI
 This function is called by:
		_playback
 This function uses a non-reentrant model


 *************** function _txMIDI *****************
 Defined at:
		line 80 in file "sound.c"
 Parameters:    Size  Location     Type
  cmd             1    0[BANK0 ] unsigned char 
  data1           1    1[BANK0 ] unsigned char 
  data2           1    2[BANK0 ] unsigned char 
 Auto vars:     Size  Location     Type
		None
 Return value:  Size  Location     Type
		None               void
 Registers used:
		wreg, status,2, status,0
 Tracked objects:
		On entry : 
		On exit  : 
		Unchanged: 
 Data sizes:     COMRAM   BANK0   BANK1   BANK2   BANK3   BANK4   BANK5   BANK6   BANK7   BANK8   BANK9  BANK10  BANK11  BANK12  BANK13  BANK14
      Params:         0       3       0       0       0       0       0       0       0       0       0       0       0       0       0       0
      Locals:         0       0       0       0       0       0       0       0       0       0       0       0       0       0       0       0
      Temps:          1       0       0       0       0       0       0       0       0       0       0       0       0       0       0       0
      Totals:         1       3       0       0       0       0       0       0       0       0       0       0       0       0       0       0
Total ram usage:        4 bytes
 Hardware stack levels used:    1
 Hardware stack levels required when called:    3
 This function calls:
		Nothing
 This function is called by:
		_setBank
		_setVolume
		_playNote
		_setInstrumet
 This function uses a non-reentrant model


 *************** function _parseDuration *****************
 Defined at:
		line 126 in file "sound.c"
 Parameters:    Size  Location     Type
  duration        1   31[COMRAM] unsigned char 
 Auto vars:     Size  Location     Type
		None
 Return value:  Size  Location     Type
                  2   31[COMRAM] unsigned int 
 Registers used:
		wreg, status,2, status,0
 Tracked objects:
		On entry : 
		On exit  : 
		Unchanged: 
 Data sizes:     COMRAM   BANK0   BANK1   BANK2   BANK3   BANK4   BANK5   BANK6   BANK7   BANK8   BANK9  BANK10  BANK11  BANK12  BANK13  BANK14
      Params:         2       0       0       0       0       0       0       0       0       0       0       0       0       0       0       0
      Locals:         0       0       0       0       0       0       0       0       0       0       0       0       0       0       0       0
      Temps:          0       0       0       0       0       0       0       0       0       0       0       0       0       0       0       0
      Totals:         2       0       0       0       0       0       0       0       0       0       0       0       0       0       0       0
Total ram usage:        2 bytes
 Hardware stack levels used:    1
 Hardware stack levels required when called:    3
 This function calls:
		Nothing
 This function is called by:
		_playback
 This function uses a non-reentrant model


 *************** function ___ftdiv *****************
 Defined at:
		line 50 in file "/Applications/microchip/xc8/v1.12/sources/ftdiv.c"
 Parameters:    Size  Location     Type
  f1              3    8[BANK0 ] float 
  f2              3   11[BANK0 ] float 
 Auto vars:     Size  Location     Type
  f3              3   20[BANK0 ] float 
  sign            1   24[BANK0 ] unsigned char 
  exp             1   23[BANK0 ] unsigned char 
  cntr            1   19[BANK0 ] unsigned char 
 Return value:  Size  Location     Type
                  3    8[BANK0 ] float 
 Registers used:
		wreg, status,2, status,0, cstack
 Tracked objects:
		On entry : 
		On exit  : 
		Unchanged: 
 Data sizes:     COMRAM   BANK0   BANK1   BANK2   BANK3   BANK4   BANK5   BANK6   BANK7   BANK8   BANK9  BANK10  BANK11  BANK12  BANK13  BANK14
      Params:         0       6       0       0       0       0       0       0       0       0       0       0       0       0       0       0
      Locals:         0       6       0       0       0       0       0       0       0       0       0       0       0       0       0       0
      Temps:          0       5       0       0       0       0       0       0       0       0       0       0       0       0       0       0
      Totals:         0      17       0       0       0       0       0       0       0       0       0       0       0       0       0       0
Total ram usage:       17 bytes
 Hardware stack levels used:    1
 Hardware stack levels required when called:    4
 This function calls:
		___ftpack
 This function is called by:
		_setTempo
 This function uses a non-reentrant model


 *************** function ___ftpack *****************
 Defined at:
		line 63 in file "/Applications/microchip/xc8/v1.12/sources/float.c"
 Parameters:    Size  Location     Type
  arg             3    0[BANK0 ] unsigned um
  exp             1    3[BANK0 ] unsigned char 
  sign            1    4[BANK0 ] unsigned char 
 Auto vars:     Size  Location     Type
		None
 Return value:  Size  Location     Type
                  3    0[BANK0 ] float 
 Registers used:
		wreg, status,2, status,0
 Tracked objects:
		On entry : 
		On exit  : 
		Unchanged: 
 Data sizes:     COMRAM   BANK0   BANK1   BANK2   BANK3   BANK4   BANK5   BANK6   BANK7   BANK8   BANK9  BANK10  BANK11  BANK12  BANK13  BANK14
      Params:         0       5       0       0       0       0       0       0       0       0       0       0       0       0       0       0
      Locals:         0       0       0       0       0       0       0       0       0       0       0       0       0       0       0       0
      Temps:          0       3       0       0       0       0       0       0       0       0       0       0       0       0       0       0
      Totals:         0       8       0       0       0       0       0       0       0       0       0       0       0       0       0       0
Total ram usage:        8 bytes
 Hardware stack levels used:    1
 Hardware stack levels required when called:    3
 This function calls:
		Nothing
 This function is called by:
		___ftdiv
		___ftmul
 This function uses a non-reentrant model


 *************** function ___lwdiv *****************
 Defined at:
		line 10 in file "/Applications/microchip/xc8/v1.12/sources/lwdiv.c"
 Parameters:    Size  Location     Type
  dividend        2    0[BANK0 ] unsigned int 
  divisor         2    2[BANK0 ] unsigned int 
 Auto vars:     Size  Location     Type
  quotient        2    5[BANK0 ] unsigned int 
  counter         1    4[BANK0 ] unsigned char 
 Return value:  Size  Location     Type
                  2    0[BANK0 ] unsigned int 
 Registers used:
		wreg, status,2, status,0
 Tracked objects:
		On entry : 
		On exit  : 
		Unchanged: 
 Data sizes:     COMRAM   BANK0   BANK1   BANK2   BANK3   BANK4   BANK5   BANK6   BANK7   BANK8   BANK9  BANK10  BANK11  BANK12  BANK13  BANK14
      Params:         0       4       0       0       0       0       0       0       0       0       0       0       0       0       0       0
      Locals:         0       3       0       0       0       0       0       0       0       0       0       0       0       0       0       0
      Temps:          1       0       0       0       0       0       0       0       0       0       0       0       0       0       0       0
      Totals:         1       7       0       0       0       0       0       0       0       0       0       0       0       0       0       0
Total ram usage:        8 bytes
 Hardware stack levels used:    1
 Hardware stack levels required when called:    3
 This function calls:
		Nothing
 This function is called by:
		_dispTime
		_dispSetTime
		_displayNum
 This function uses a non-reentrant model


 *************** function ___lwmod *****************
 Defined at:
		line 10 in file "/Applications/microchip/xc8/v1.12/sources/lwmod.c"
 Parameters:    Size  Location     Type
  dividend        2    0[BANK0 ] unsigned int 
  divisor         2    2[BANK0 ] unsigned int 
 Auto vars:     Size  Location     Type
  counter         1   32[COMRAM] unsigned char 
 Return value:  Size  Location     Type
                  2    0[BANK0 ] unsigned int 
 Registers used:
		wreg, status,2, status,0
 Tracked objects:
		On entry : 
		On exit  : 
		Unchanged: 
 Data sizes:     COMRAM   BANK0   BANK1   BANK2   BANK3   BANK4   BANK5   BANK6   BANK7   BANK8   BANK9  BANK10  BANK11  BANK12  BANK13  BANK14
      Params:         0       4       0       0       0       0       0       0       0       0       0       0       0       0       0       0
      Locals:         1       0       0       0       0       0       0       0       0       0       0       0       0       0       0       0
      Temps:          1       0       0       0       0       0       0       0       0       0       0       0       0       0       0       0
      Totals:         2       4       0       0       0       0       0       0       0       0       0       0       0       0       0       0
Total ram usage:        6 bytes
 Hardware stack levels used:    1
 Hardware stack levels required when called:    3
 This function calls:
		Nothing
 This function is called by:
		_dispTime
		_dispSetTime
		_displayNum
 This function uses a non-reentrant model


 *************** function _lp_isr *****************
 Defined at:
		line 431 in file "main.c"
 Parameters:    Size  Location     Type
		None
 Auto vars:     Size  Location     Type
		None
 Return value:  Size  Location     Type
		None               void
 Registers used:
		None
 Tracked objects:
		On entry : 
		On exit  : 
		Unchanged: 
 Data sizes:     COMRAM   BANK0   BANK1   BANK2   BANK3   BANK4   BANK5   BANK6   BANK7   BANK8   BANK9  BANK10  BANK11  BANK12  BANK13  BANK14
      Params:         0       0       0       0       0       0       0       0       0       0       0       0       0       0       0       0
      Locals:         0       0       0       0       0       0       0       0       0       0       0       0       0       0       0       0
      Temps:         17       0       0       0       0       0       0       0       0       0       0       0       0       0       0       0
      Totals:        17       0       0       0       0       0       0       0       0       0       0       0       0       0       0       0
Total ram usage:       17 bytes
 Hardware stack levels used:    1
 Hardware stack levels required when called:    2
 This function calls:
		Nothing
 This function is called by:
		Interrupt level 1
 This function uses a non-reentrant model


 *************** function _hp_isr *****************
 Defined at:
		line 362 in file "main.c"
 Parameters:    Size  Location     Type
		None
 Auto vars:     Size  Location     Type
		None
 Return value:  Size  Location     Type
		None               void
 Registers used:
		wreg, status,2, status,0, cstack
 Tracked objects:
		On entry : 
		On exit  : 
		Unchanged: 
 Data sizes:     COMRAM   BANK0   BANK1   BANK2   BANK3   BANK4   BANK5   BANK6   BANK7   BANK8   BANK9  BANK10  BANK11  BANK12  BANK13  BANK14
      Params:         0       0       0       0       0       0       0       0       0       0       0       0       0       0       0       0
      Locals:         0       0       0       0       0       0       0       0       0       0       0       0       0       0       0       0
      Temps:         14       0       0       0       0       0       0       0       0       0       0       0       0       0       0       0
      Totals:        14       0       0       0       0       0       0       0       0       0       0       0       0       0       0       0
Total ram usage:       14 bytes
 Hardware stack levels used:    1
 Hardware stack levels required when called:    1
 This function calls:
		_RELockout
 This function is called by:
		Interrupt level 2
 This function uses a non-reentrant model


 *************** function _RELockout *****************
 Defined at:
		line 75 in file "rotEnc.c"
 Parameters:    Size  Location     Type
		None
 Auto vars:     Size  Location     Type
		None
 Return value:  Size  Location     Type
		None               void
 Registers used:
		wreg, status,2
 Tracked objects:
		On entry : 
		On exit  : 
		Unchanged: 
 Data sizes:     COMRAM   BANK0   BANK1   BANK2   BANK3   BANK4   BANK5   BANK6   BANK7   BANK8   BANK9  BANK10  BANK11  BANK12  BANK13  BANK14
      Params:         0       0       0       0       0       0       0       0       0       0       0       0       0       0       0       0
      Locals:         0       0       0       0       0       0       0       0       0       0       0       0       0       0       0       0
      Temps:          0       0       0       0       0       0       0       0       0       0       0       0       0       0       0       0
      Totals:         0       0       0       0       0       0       0       0       0       0       0       0       0       0       0       0
Total ram usage:        0 bytes
 Hardware stack levels used:    1
 This function calls:
		Nothing
 This function is called by:
		_hp_isr
 This function uses a non-reentrant model



MODULE INFORMATION

Module		Function		Class		Link	Load	Size
time.c
		_bcdtod        		CODE           	3688	0000	220
		_enableTime    		CODE           	425A	0000	14
		_dtobcd        		CODE           	3388	0000	284
		_timeInit      		CODE           	3D16	0000	134
		_alarmInit     		CODE           	3BFE	0000	142

time.c estimated size: 794

plib/rtcc/RtccReadTime.c
		_RtccReadTime  		CODE           	3C8C	0000	138

plib/rtcc/RtccReadTime.c estimated size: 138

/Applications/microchip/xc8/v1.12/sources/ftdiv.c
		___ftdiv       		CODE           	2674	0000	502

/Applications/microchip/xc8/v1.12/sources/ftdiv.c estimated size: 502

plib/rtcc/RtccSetAlarmRpt.c
		_RtccSetAlarmRp		CODE           	3D9C	0000	130

plib/rtcc/RtccSetAlarmRpt.c estimated size: 130

shared
		_SEGDIGARRAY   		SMALLCONST     	0F0A	0000	4
		__initializatio		CODE           	3A36	0000	152
		_DELAYTIME     		SMALLCONST     	0F0E	0000	2
		_MAX_SELECTION 		SMALLCONST     	0F10	0000	2
		_SEGSINKARRAY  		SMALLCONST     	0F00	0000	10

shared estimated size: 170

led.h
		_ALL_ALM_LED_ON		CODE           	428A	0000	8
		_ALL_IND_LED_OF		CODE           	4280	0000	10
		_ALL_ALM_LED_OF		CODE           	4292	0000	8
		_toggleLED     		CODE           	3E94	0000	108
		_enableLED     		CODE           	41DE	0000	28

led.h estimated size: 162

/Applications/microchip/xc8/v1.12/sources/ftmul.c
		___ftmul       		CODE           	223A	0000	554

/Applications/microchip/xc8/v1.12/sources/ftmul.c estimated size: 554

/Applications/microchip/xc8/v1.12/sources/fttol.c
		___fttol       		CODE           	286A	0000	484

/Applications/microchip/xc8/v1.12/sources/fttol.c estimated size: 484

sound.c
		_vsReleaseRST  		CODE           	42B0	0000	4
		_soundInit     		CODE           	41BA	0000	36
		_setBank       		CODE           	4148	0000	38
		_txMIDI        		CODE           	4018	0000	70
		_disableAmplifi		CODE           	42A4	0000	4
		_setupForPlayba		CODE           	3AD4	0000	154
		_playback      		CODE           	13B6	0000	1182
		_parseDuration 		CODE           	3F00	0000	108
		_playNote      		CODE           	4194	0000	38
		_setVolume     		CODE           	416E	0000	38
		_setTempo      		CODE           	30EE	0000	358
		_enableAmplifie		CODE           	42A8	0000	4
		_vsHoldRST     		CODE           	42AC	0000	4

sound.c estimated size: 2038

plib/rtcc/RtccWriteAlrmTime.c
		_RtccWriteAlrmT		CODE           	3254	0000	308

plib/rtcc/RtccWriteAlrmTime.c estimated size: 308

main.c
		_state_setTime 		CODE           	1FF8	0000	578
		_state_soundAla		CODE           	38F4	0000	162
		_main          		CODE           	2A4E	0000	456
		_state_setAlarm		CODE           	2464	0000	528
		_hp_isr        		CODE           	0008	0000	12122
		_lp_isr        		CODE           	0018	0000	138
		_state_settings		CODE           	1CDA	0000	798

main.c estimated size: 14782

/Applications/microchip/xc8/v1.12/sources/ftge.c
		___ftge        		CODE           	34A4	0000	264

/Applications/microchip/xc8/v1.12/sources/ftge.c estimated size: 264

rotEnc.c
		_REReadEncoder 		CODE           	3FCE	0000	74
		_RELockout     		CODE           	424A	0000	16
		_REEnableInterr		CODE           	429A	0000	6
		_RERelease     		CODE           	4238	0000	18
		_rotEncInit    		CODE           	411E	0000	42
		_clickEvent    		CODE           	40E2	0000	60
		_REDisableInter		CODE           	42A0	0000	4

rotEnc.c estimated size: 220

plib/rtcc/RtccWrOn.c
		_RtccWrOn      		CODE           	4224	0000	20

plib/rtcc/RtccWrOn.c estimated size: 20

sevenSeg.c
		_checkLimits   		CODE           	3E1E	0000	118
		_displayOFF    		CODE           	4274	0000	12
		_displayDigit  		CODE           	3F6C	0000	98
		_sevenSegInit  		CODE           	4210	0000	20
		_dispTime      		CODE           	1854	0000	1158
		_dispSetTime   		CODE           	0F14	0000	1186

sevenSeg.c estimated size: 2592

/Applications/microchip/xc8/v1.12/sources/lwmod.c
		___lwmod       		CODE           	3B6E	0000	144

/Applications/microchip/xc8/v1.12/sources/lwmod.c estimated size: 144

delay.c
		_genDelay_ms   		CODE           	3996	0000	160
		_initGeneralTim		CODE           	41FA	0000	22

delay.c estimated size: 182

/Applications/microchip/xc8/v1.12/sources/lwdiv.c
		___lwdiv       		CODE           	3838	0000	188

/Applications/microchip/xc8/v1.12/sources/lwdiv.c estimated size: 188

/Applications/microchip/xc8/v1.12/sources/float.c
		___ftpack      		CODE           	2F62	0000	396

/Applications/microchip/xc8/v1.12/sources/float.c estimated size: 396

plib/rtcc/RtccWriteTime.c
		_RtccWriteTime 		CODE           	2C16	0000	444

plib/rtcc/RtccWriteTime.c estimated size: 444

plib/rtcc/RTCCInitClock.c
		_RtccInitClock 		CODE           	40A2	0000	64

plib/rtcc/RTCCInitClock.c estimated size: 64

